ARM GAS  C:\Users\tpbw4321\AppData\Local\Temp\cc5OW4A8.s 			page 1


   1              		.syntax unified
   2              		.cpu cortex-m3
   3              		.fpu softvfp
   4              		.eabi_attribute 20, 1
   5              		.eabi_attribute 21, 1
   6              		.eabi_attribute 23, 3
   7              		.eabi_attribute 24, 1
   8              		.eabi_attribute 25, 1
   9              		.eabi_attribute 26, 1
  10              		.eabi_attribute 30, 6
  11              		.eabi_attribute 34, 1
  12              		.eabi_attribute 18, 4
  13              		.thumb
  14              		.syntax unified
  15              		.file	"FlowSenseTimeOutTimer_PM.c"
  16              		.text
  17              	.Ltext0:
  18              		.cfi_sections	.debug_frame
  19              		.bss
  20              		.align	2
  21              	FlowSenseTimeOutTimer_backup:
  22 0000 00000000 		.space	12
  22      00000000 
  22      00000000 
  23              		.section	.text.FlowSenseTimeOutTimer_SaveConfig,"ax",%progbits
  24              		.align	2
  25              		.global	FlowSenseTimeOutTimer_SaveConfig
  26              		.thumb
  27              		.thumb_func
  28              		.type	FlowSenseTimeOutTimer_SaveConfig, %function
  29              	FlowSenseTimeOutTimer_SaveConfig:
  30              	.LFB0:
  31              		.file 1 "Generated_Source\\PSoC5\\FlowSenseTimeOutTimer_PM.c"
   1:Generated_Source\PSoC5/FlowSenseTimeOutTimer_PM.c **** /*******************************************************************************
   2:Generated_Source\PSoC5/FlowSenseTimeOutTimer_PM.c **** * File Name: FlowSenseTimeOutTimer_PM.c
   3:Generated_Source\PSoC5/FlowSenseTimeOutTimer_PM.c **** * Version 2.80
   4:Generated_Source\PSoC5/FlowSenseTimeOutTimer_PM.c **** *
   5:Generated_Source\PSoC5/FlowSenseTimeOutTimer_PM.c **** *  Description:
   6:Generated_Source\PSoC5/FlowSenseTimeOutTimer_PM.c **** *     This file provides the power management source code to API for the
   7:Generated_Source\PSoC5/FlowSenseTimeOutTimer_PM.c **** *     Timer.
   8:Generated_Source\PSoC5/FlowSenseTimeOutTimer_PM.c **** *
   9:Generated_Source\PSoC5/FlowSenseTimeOutTimer_PM.c **** *   Note:
  10:Generated_Source\PSoC5/FlowSenseTimeOutTimer_PM.c **** *     None
  11:Generated_Source\PSoC5/FlowSenseTimeOutTimer_PM.c **** *
  12:Generated_Source\PSoC5/FlowSenseTimeOutTimer_PM.c **** *******************************************************************************
  13:Generated_Source\PSoC5/FlowSenseTimeOutTimer_PM.c **** * Copyright 2008-2017, Cypress Semiconductor Corporation.  All rights reserved.
  14:Generated_Source\PSoC5/FlowSenseTimeOutTimer_PM.c **** * You may use this file only in accordance with the license, terms, conditions,
  15:Generated_Source\PSoC5/FlowSenseTimeOutTimer_PM.c **** * disclaimers, and limitations in the end user license agreement accompanying
  16:Generated_Source\PSoC5/FlowSenseTimeOutTimer_PM.c **** * the software package with which this file was provided.
  17:Generated_Source\PSoC5/FlowSenseTimeOutTimer_PM.c **** ********************************************************************************/
  18:Generated_Source\PSoC5/FlowSenseTimeOutTimer_PM.c **** 
  19:Generated_Source\PSoC5/FlowSenseTimeOutTimer_PM.c **** #include "FlowSenseTimeOutTimer.h"
  20:Generated_Source\PSoC5/FlowSenseTimeOutTimer_PM.c **** 
  21:Generated_Source\PSoC5/FlowSenseTimeOutTimer_PM.c **** static FlowSenseTimeOutTimer_backupStruct FlowSenseTimeOutTimer_backup;
  22:Generated_Source\PSoC5/FlowSenseTimeOutTimer_PM.c **** 
  23:Generated_Source\PSoC5/FlowSenseTimeOutTimer_PM.c **** 
  24:Generated_Source\PSoC5/FlowSenseTimeOutTimer_PM.c **** /*******************************************************************************
ARM GAS  C:\Users\tpbw4321\AppData\Local\Temp\cc5OW4A8.s 			page 2


  25:Generated_Source\PSoC5/FlowSenseTimeOutTimer_PM.c **** * Function Name: FlowSenseTimeOutTimer_SaveConfig
  26:Generated_Source\PSoC5/FlowSenseTimeOutTimer_PM.c **** ********************************************************************************
  27:Generated_Source\PSoC5/FlowSenseTimeOutTimer_PM.c **** *
  28:Generated_Source\PSoC5/FlowSenseTimeOutTimer_PM.c **** * Summary:
  29:Generated_Source\PSoC5/FlowSenseTimeOutTimer_PM.c **** *     Save the current user configuration
  30:Generated_Source\PSoC5/FlowSenseTimeOutTimer_PM.c **** *
  31:Generated_Source\PSoC5/FlowSenseTimeOutTimer_PM.c **** * Parameters:
  32:Generated_Source\PSoC5/FlowSenseTimeOutTimer_PM.c **** *  void
  33:Generated_Source\PSoC5/FlowSenseTimeOutTimer_PM.c **** *
  34:Generated_Source\PSoC5/FlowSenseTimeOutTimer_PM.c **** * Return:
  35:Generated_Source\PSoC5/FlowSenseTimeOutTimer_PM.c **** *  void
  36:Generated_Source\PSoC5/FlowSenseTimeOutTimer_PM.c **** *
  37:Generated_Source\PSoC5/FlowSenseTimeOutTimer_PM.c **** * Global variables:
  38:Generated_Source\PSoC5/FlowSenseTimeOutTimer_PM.c **** *  FlowSenseTimeOutTimer_backup:  Variables of this global structure are modified to
  39:Generated_Source\PSoC5/FlowSenseTimeOutTimer_PM.c **** *  store the values of non retention configuration registers when Sleep() API is
  40:Generated_Source\PSoC5/FlowSenseTimeOutTimer_PM.c **** *  called.
  41:Generated_Source\PSoC5/FlowSenseTimeOutTimer_PM.c **** *
  42:Generated_Source\PSoC5/FlowSenseTimeOutTimer_PM.c **** *******************************************************************************/
  43:Generated_Source\PSoC5/FlowSenseTimeOutTimer_PM.c **** void FlowSenseTimeOutTimer_SaveConfig(void) 
  44:Generated_Source\PSoC5/FlowSenseTimeOutTimer_PM.c **** {
  32              		.loc 1 44 0
  33              		.cfi_startproc
  34              		@ args = 0, pretend = 0, frame = 0
  35              		@ frame_needed = 1, uses_anonymous_args = 0
  36 0000 80B5     		push	{r7, lr}
  37              		.cfi_def_cfa_offset 8
  38              		.cfi_offset 7, -8
  39              		.cfi_offset 14, -4
  40 0002 00AF     		add	r7, sp, #0
  41              		.cfi_def_cfa_register 7
  45:Generated_Source\PSoC5/FlowSenseTimeOutTimer_PM.c ****     #if (!FlowSenseTimeOutTimer_UsingFixedFunction)
  46:Generated_Source\PSoC5/FlowSenseTimeOutTimer_PM.c ****         FlowSenseTimeOutTimer_backup.TimerUdb = FlowSenseTimeOutTimer_ReadCounter();
  42              		.loc 1 46 0
  43 0004 FFF7FEFF 		bl	FlowSenseTimeOutTimer_ReadCounter
  44 0008 0246     		mov	r2, r0
  45 000a 074B     		ldr	r3, .L2
  46 000c 5A60     		str	r2, [r3, #4]
  47:Generated_Source\PSoC5/FlowSenseTimeOutTimer_PM.c ****         FlowSenseTimeOutTimer_backup.InterruptMaskValue = FlowSenseTimeOutTimer_STATUS_MASK;
  47              		.loc 1 47 0
  48 000e 074B     		ldr	r3, .L2+4
  49 0010 1B78     		ldrb	r3, [r3]
  50 0012 DAB2     		uxtb	r2, r3
  51 0014 044B     		ldr	r3, .L2
  52 0016 1A72     		strb	r2, [r3, #8]
  48:Generated_Source\PSoC5/FlowSenseTimeOutTimer_PM.c ****         #if (FlowSenseTimeOutTimer_UsingHWCaptureCounter)
  49:Generated_Source\PSoC5/FlowSenseTimeOutTimer_PM.c ****             FlowSenseTimeOutTimer_backup.TimerCaptureCounter = FlowSenseTimeOutTimer_ReadCaptureCou
  50:Generated_Source\PSoC5/FlowSenseTimeOutTimer_PM.c ****         #endif /* Back Up capture counter register  */
  51:Generated_Source\PSoC5/FlowSenseTimeOutTimer_PM.c **** 
  52:Generated_Source\PSoC5/FlowSenseTimeOutTimer_PM.c ****         #if(!FlowSenseTimeOutTimer_UDB_CONTROL_REG_REMOVED)
  53:Generated_Source\PSoC5/FlowSenseTimeOutTimer_PM.c ****             FlowSenseTimeOutTimer_backup.TimerControlRegister = FlowSenseTimeOutTimer_ReadControlRe
  53              		.loc 1 53 0
  54 0018 FFF7FEFF 		bl	FlowSenseTimeOutTimer_ReadControlRegister
  55 001c 0346     		mov	r3, r0
  56 001e 1A46     		mov	r2, r3
  57 0020 014B     		ldr	r3, .L2
  58 0022 5A72     		strb	r2, [r3, #9]
  54:Generated_Source\PSoC5/FlowSenseTimeOutTimer_PM.c ****         #endif /* Backup the enable state of the Timer component */
ARM GAS  C:\Users\tpbw4321\AppData\Local\Temp\cc5OW4A8.s 			page 3


  55:Generated_Source\PSoC5/FlowSenseTimeOutTimer_PM.c ****     #endif /* Backup non retention registers in UDB implementation. All fixed function registers ar
  56:Generated_Source\PSoC5/FlowSenseTimeOutTimer_PM.c **** }
  59              		.loc 1 56 0
  60 0024 00BF     		nop
  61 0026 80BD     		pop	{r7, pc}
  62              	.L3:
  63              		.align	2
  64              	.L2:
  65 0028 00000000 		.word	FlowSenseTimeOutTimer_backup
  66 002c 8A640040 		.word	1073767562
  67              		.cfi_endproc
  68              	.LFE0:
  69              		.size	FlowSenseTimeOutTimer_SaveConfig, .-FlowSenseTimeOutTimer_SaveConfig
  70              		.section	.text.FlowSenseTimeOutTimer_RestoreConfig,"ax",%progbits
  71              		.align	2
  72              		.global	FlowSenseTimeOutTimer_RestoreConfig
  73              		.thumb
  74              		.thumb_func
  75              		.type	FlowSenseTimeOutTimer_RestoreConfig, %function
  76              	FlowSenseTimeOutTimer_RestoreConfig:
  77              	.LFB1:
  57:Generated_Source\PSoC5/FlowSenseTimeOutTimer_PM.c **** 
  58:Generated_Source\PSoC5/FlowSenseTimeOutTimer_PM.c **** 
  59:Generated_Source\PSoC5/FlowSenseTimeOutTimer_PM.c **** /*******************************************************************************
  60:Generated_Source\PSoC5/FlowSenseTimeOutTimer_PM.c **** * Function Name: FlowSenseTimeOutTimer_RestoreConfig
  61:Generated_Source\PSoC5/FlowSenseTimeOutTimer_PM.c **** ********************************************************************************
  62:Generated_Source\PSoC5/FlowSenseTimeOutTimer_PM.c **** *
  63:Generated_Source\PSoC5/FlowSenseTimeOutTimer_PM.c **** * Summary:
  64:Generated_Source\PSoC5/FlowSenseTimeOutTimer_PM.c **** *  Restores the current user configuration.
  65:Generated_Source\PSoC5/FlowSenseTimeOutTimer_PM.c **** *
  66:Generated_Source\PSoC5/FlowSenseTimeOutTimer_PM.c **** * Parameters:
  67:Generated_Source\PSoC5/FlowSenseTimeOutTimer_PM.c **** *  void
  68:Generated_Source\PSoC5/FlowSenseTimeOutTimer_PM.c **** *
  69:Generated_Source\PSoC5/FlowSenseTimeOutTimer_PM.c **** * Return:
  70:Generated_Source\PSoC5/FlowSenseTimeOutTimer_PM.c **** *  void
  71:Generated_Source\PSoC5/FlowSenseTimeOutTimer_PM.c **** *
  72:Generated_Source\PSoC5/FlowSenseTimeOutTimer_PM.c **** * Global variables:
  73:Generated_Source\PSoC5/FlowSenseTimeOutTimer_PM.c **** *  FlowSenseTimeOutTimer_backup:  Variables of this global structure are used to
  74:Generated_Source\PSoC5/FlowSenseTimeOutTimer_PM.c **** *  restore the values of non retention registers on wakeup from sleep mode.
  75:Generated_Source\PSoC5/FlowSenseTimeOutTimer_PM.c **** *
  76:Generated_Source\PSoC5/FlowSenseTimeOutTimer_PM.c **** *******************************************************************************/
  77:Generated_Source\PSoC5/FlowSenseTimeOutTimer_PM.c **** void FlowSenseTimeOutTimer_RestoreConfig(void) 
  78:Generated_Source\PSoC5/FlowSenseTimeOutTimer_PM.c **** {   
  78              		.loc 1 78 0
  79              		.cfi_startproc
  80              		@ args = 0, pretend = 0, frame = 0
  81              		@ frame_needed = 1, uses_anonymous_args = 0
  82 0000 80B5     		push	{r7, lr}
  83              		.cfi_def_cfa_offset 8
  84              		.cfi_offset 7, -8
  85              		.cfi_offset 14, -4
  86 0002 00AF     		add	r7, sp, #0
  87              		.cfi_def_cfa_register 7
  79:Generated_Source\PSoC5/FlowSenseTimeOutTimer_PM.c ****     #if (!FlowSenseTimeOutTimer_UsingFixedFunction)
  80:Generated_Source\PSoC5/FlowSenseTimeOutTimer_PM.c **** 
  81:Generated_Source\PSoC5/FlowSenseTimeOutTimer_PM.c ****         FlowSenseTimeOutTimer_WriteCounter(FlowSenseTimeOutTimer_backup.TimerUdb);
  88              		.loc 1 81 0
ARM GAS  C:\Users\tpbw4321\AppData\Local\Temp\cc5OW4A8.s 			page 4


  89 0004 074B     		ldr	r3, .L5
  90 0006 5B68     		ldr	r3, [r3, #4]
  91 0008 1846     		mov	r0, r3
  92 000a FFF7FEFF 		bl	FlowSenseTimeOutTimer_WriteCounter
  82:Generated_Source\PSoC5/FlowSenseTimeOutTimer_PM.c ****         FlowSenseTimeOutTimer_STATUS_MASK =FlowSenseTimeOutTimer_backup.InterruptMaskValue;
  93              		.loc 1 82 0
  94 000e 064B     		ldr	r3, .L5+4
  95 0010 044A     		ldr	r2, .L5
  96 0012 127A     		ldrb	r2, [r2, #8]	@ zero_extendqisi2
  97 0014 1A70     		strb	r2, [r3]
  83:Generated_Source\PSoC5/FlowSenseTimeOutTimer_PM.c ****         #if (FlowSenseTimeOutTimer_UsingHWCaptureCounter)
  84:Generated_Source\PSoC5/FlowSenseTimeOutTimer_PM.c ****             FlowSenseTimeOutTimer_SetCaptureCount(FlowSenseTimeOutTimer_backup.TimerCaptureCounter)
  85:Generated_Source\PSoC5/FlowSenseTimeOutTimer_PM.c ****         #endif /* Restore Capture counter register*/
  86:Generated_Source\PSoC5/FlowSenseTimeOutTimer_PM.c **** 
  87:Generated_Source\PSoC5/FlowSenseTimeOutTimer_PM.c ****         #if(!FlowSenseTimeOutTimer_UDB_CONTROL_REG_REMOVED)
  88:Generated_Source\PSoC5/FlowSenseTimeOutTimer_PM.c ****             FlowSenseTimeOutTimer_WriteControlRegister(FlowSenseTimeOutTimer_backup.TimerControlReg
  98              		.loc 1 88 0
  99 0016 034B     		ldr	r3, .L5
 100 0018 5B7A     		ldrb	r3, [r3, #9]	@ zero_extendqisi2
 101 001a 1846     		mov	r0, r3
 102 001c FFF7FEFF 		bl	FlowSenseTimeOutTimer_WriteControlRegister
  89:Generated_Source\PSoC5/FlowSenseTimeOutTimer_PM.c ****         #endif /* Restore the enable state of the Timer component */
  90:Generated_Source\PSoC5/FlowSenseTimeOutTimer_PM.c ****     #endif /* Restore non retention registers in the UDB implementation only */
  91:Generated_Source\PSoC5/FlowSenseTimeOutTimer_PM.c **** }
 103              		.loc 1 91 0
 104 0020 00BF     		nop
 105 0022 80BD     		pop	{r7, pc}
 106              	.L6:
 107              		.align	2
 108              	.L5:
 109 0024 00000000 		.word	FlowSenseTimeOutTimer_backup
 110 0028 8A640040 		.word	1073767562
 111              		.cfi_endproc
 112              	.LFE1:
 113              		.size	FlowSenseTimeOutTimer_RestoreConfig, .-FlowSenseTimeOutTimer_RestoreConfig
 114              		.section	.text.FlowSenseTimeOutTimer_Sleep,"ax",%progbits
 115              		.align	2
 116              		.global	FlowSenseTimeOutTimer_Sleep
 117              		.thumb
 118              		.thumb_func
 119              		.type	FlowSenseTimeOutTimer_Sleep, %function
 120              	FlowSenseTimeOutTimer_Sleep:
 121              	.LFB2:
  92:Generated_Source\PSoC5/FlowSenseTimeOutTimer_PM.c **** 
  93:Generated_Source\PSoC5/FlowSenseTimeOutTimer_PM.c **** 
  94:Generated_Source\PSoC5/FlowSenseTimeOutTimer_PM.c **** /*******************************************************************************
  95:Generated_Source\PSoC5/FlowSenseTimeOutTimer_PM.c **** * Function Name: FlowSenseTimeOutTimer_Sleep
  96:Generated_Source\PSoC5/FlowSenseTimeOutTimer_PM.c **** ********************************************************************************
  97:Generated_Source\PSoC5/FlowSenseTimeOutTimer_PM.c **** *
  98:Generated_Source\PSoC5/FlowSenseTimeOutTimer_PM.c **** * Summary:
  99:Generated_Source\PSoC5/FlowSenseTimeOutTimer_PM.c **** *     Stop and Save the user configuration
 100:Generated_Source\PSoC5/FlowSenseTimeOutTimer_PM.c **** *
 101:Generated_Source\PSoC5/FlowSenseTimeOutTimer_PM.c **** * Parameters:
 102:Generated_Source\PSoC5/FlowSenseTimeOutTimer_PM.c **** *  void
 103:Generated_Source\PSoC5/FlowSenseTimeOutTimer_PM.c **** *
 104:Generated_Source\PSoC5/FlowSenseTimeOutTimer_PM.c **** * Return:
 105:Generated_Source\PSoC5/FlowSenseTimeOutTimer_PM.c **** *  void
ARM GAS  C:\Users\tpbw4321\AppData\Local\Temp\cc5OW4A8.s 			page 5


 106:Generated_Source\PSoC5/FlowSenseTimeOutTimer_PM.c **** *
 107:Generated_Source\PSoC5/FlowSenseTimeOutTimer_PM.c **** * Global variables:
 108:Generated_Source\PSoC5/FlowSenseTimeOutTimer_PM.c **** *  FlowSenseTimeOutTimer_backup.TimerEnableState:  Is modified depending on the
 109:Generated_Source\PSoC5/FlowSenseTimeOutTimer_PM.c **** *  enable state of the block before entering sleep mode.
 110:Generated_Source\PSoC5/FlowSenseTimeOutTimer_PM.c **** *
 111:Generated_Source\PSoC5/FlowSenseTimeOutTimer_PM.c **** *******************************************************************************/
 112:Generated_Source\PSoC5/FlowSenseTimeOutTimer_PM.c **** void FlowSenseTimeOutTimer_Sleep(void) 
 113:Generated_Source\PSoC5/FlowSenseTimeOutTimer_PM.c **** {
 122              		.loc 1 113 0
 123              		.cfi_startproc
 124              		@ args = 0, pretend = 0, frame = 0
 125              		@ frame_needed = 1, uses_anonymous_args = 0
 126 0000 80B5     		push	{r7, lr}
 127              		.cfi_def_cfa_offset 8
 128              		.cfi_offset 7, -8
 129              		.cfi_offset 14, -4
 130 0002 00AF     		add	r7, sp, #0
 131              		.cfi_def_cfa_register 7
 114:Generated_Source\PSoC5/FlowSenseTimeOutTimer_PM.c ****     #if(!FlowSenseTimeOutTimer_UDB_CONTROL_REG_REMOVED)
 115:Generated_Source\PSoC5/FlowSenseTimeOutTimer_PM.c ****         /* Save Counter's enable state */
 116:Generated_Source\PSoC5/FlowSenseTimeOutTimer_PM.c ****         if(FlowSenseTimeOutTimer_CTRL_ENABLE == (FlowSenseTimeOutTimer_CONTROL & FlowSenseTimeOutTi
 132              		.loc 1 116 0
 133 0004 094B     		ldr	r3, .L10
 134 0006 1B78     		ldrb	r3, [r3]
 135 0008 DBB2     		uxtb	r3, r3
 136 000a 5BB2     		sxtb	r3, r3
 137 000c 002B     		cmp	r3, #0
 138 000e 03DA     		bge	.L8
 117:Generated_Source\PSoC5/FlowSenseTimeOutTimer_PM.c ****         {
 118:Generated_Source\PSoC5/FlowSenseTimeOutTimer_PM.c ****             /* Timer is enabled */
 119:Generated_Source\PSoC5/FlowSenseTimeOutTimer_PM.c ****             FlowSenseTimeOutTimer_backup.TimerEnableState = 1u;
 139              		.loc 1 119 0
 140 0010 074B     		ldr	r3, .L10+4
 141 0012 0122     		movs	r2, #1
 142 0014 1A70     		strb	r2, [r3]
 143 0016 02E0     		b	.L9
 144              	.L8:
 120:Generated_Source\PSoC5/FlowSenseTimeOutTimer_PM.c ****         }
 121:Generated_Source\PSoC5/FlowSenseTimeOutTimer_PM.c ****         else
 122:Generated_Source\PSoC5/FlowSenseTimeOutTimer_PM.c ****         {
 123:Generated_Source\PSoC5/FlowSenseTimeOutTimer_PM.c ****             /* Timer is disabled */
 124:Generated_Source\PSoC5/FlowSenseTimeOutTimer_PM.c ****             FlowSenseTimeOutTimer_backup.TimerEnableState = 0u;
 145              		.loc 1 124 0
 146 0018 054B     		ldr	r3, .L10+4
 147 001a 0022     		movs	r2, #0
 148 001c 1A70     		strb	r2, [r3]
 149              	.L9:
 125:Generated_Source\PSoC5/FlowSenseTimeOutTimer_PM.c ****         }
 126:Generated_Source\PSoC5/FlowSenseTimeOutTimer_PM.c ****     #endif /* Back up enable state from the Timer control register */
 127:Generated_Source\PSoC5/FlowSenseTimeOutTimer_PM.c ****     FlowSenseTimeOutTimer_Stop();
 150              		.loc 1 127 0
 151 001e FFF7FEFF 		bl	FlowSenseTimeOutTimer_Stop
 128:Generated_Source\PSoC5/FlowSenseTimeOutTimer_PM.c ****     FlowSenseTimeOutTimer_SaveConfig();
 152              		.loc 1 128 0
 153 0022 FFF7FEFF 		bl	FlowSenseTimeOutTimer_SaveConfig
 129:Generated_Source\PSoC5/FlowSenseTimeOutTimer_PM.c **** }
 154              		.loc 1 129 0
ARM GAS  C:\Users\tpbw4321\AppData\Local\Temp\cc5OW4A8.s 			page 6


 155 0026 00BF     		nop
 156 0028 80BD     		pop	{r7, pc}
 157              	.L11:
 158 002a 00BF     		.align	2
 159              	.L10:
 160 002c 7A640040 		.word	1073767546
 161 0030 00000000 		.word	FlowSenseTimeOutTimer_backup
 162              		.cfi_endproc
 163              	.LFE2:
 164              		.size	FlowSenseTimeOutTimer_Sleep, .-FlowSenseTimeOutTimer_Sleep
 165              		.section	.text.FlowSenseTimeOutTimer_Wakeup,"ax",%progbits
 166              		.align	2
 167              		.global	FlowSenseTimeOutTimer_Wakeup
 168              		.thumb
 169              		.thumb_func
 170              		.type	FlowSenseTimeOutTimer_Wakeup, %function
 171              	FlowSenseTimeOutTimer_Wakeup:
 172              	.LFB3:
 130:Generated_Source\PSoC5/FlowSenseTimeOutTimer_PM.c **** 
 131:Generated_Source\PSoC5/FlowSenseTimeOutTimer_PM.c **** 
 132:Generated_Source\PSoC5/FlowSenseTimeOutTimer_PM.c **** /*******************************************************************************
 133:Generated_Source\PSoC5/FlowSenseTimeOutTimer_PM.c **** * Function Name: FlowSenseTimeOutTimer_Wakeup
 134:Generated_Source\PSoC5/FlowSenseTimeOutTimer_PM.c **** ********************************************************************************
 135:Generated_Source\PSoC5/FlowSenseTimeOutTimer_PM.c **** *
 136:Generated_Source\PSoC5/FlowSenseTimeOutTimer_PM.c **** * Summary:
 137:Generated_Source\PSoC5/FlowSenseTimeOutTimer_PM.c **** *  Restores and enables the user configuration
 138:Generated_Source\PSoC5/FlowSenseTimeOutTimer_PM.c **** *
 139:Generated_Source\PSoC5/FlowSenseTimeOutTimer_PM.c **** * Parameters:
 140:Generated_Source\PSoC5/FlowSenseTimeOutTimer_PM.c **** *  void
 141:Generated_Source\PSoC5/FlowSenseTimeOutTimer_PM.c **** *
 142:Generated_Source\PSoC5/FlowSenseTimeOutTimer_PM.c **** * Return:
 143:Generated_Source\PSoC5/FlowSenseTimeOutTimer_PM.c **** *  void
 144:Generated_Source\PSoC5/FlowSenseTimeOutTimer_PM.c **** *
 145:Generated_Source\PSoC5/FlowSenseTimeOutTimer_PM.c **** * Global variables:
 146:Generated_Source\PSoC5/FlowSenseTimeOutTimer_PM.c **** *  FlowSenseTimeOutTimer_backup.enableState:  Is used to restore the enable state of
 147:Generated_Source\PSoC5/FlowSenseTimeOutTimer_PM.c **** *  block on wakeup from sleep mode.
 148:Generated_Source\PSoC5/FlowSenseTimeOutTimer_PM.c **** *
 149:Generated_Source\PSoC5/FlowSenseTimeOutTimer_PM.c **** *******************************************************************************/
 150:Generated_Source\PSoC5/FlowSenseTimeOutTimer_PM.c **** void FlowSenseTimeOutTimer_Wakeup(void) 
 151:Generated_Source\PSoC5/FlowSenseTimeOutTimer_PM.c **** {
 173              		.loc 1 151 0
 174              		.cfi_startproc
 175              		@ args = 0, pretend = 0, frame = 0
 176              		@ frame_needed = 1, uses_anonymous_args = 0
 177 0000 80B5     		push	{r7, lr}
 178              		.cfi_def_cfa_offset 8
 179              		.cfi_offset 7, -8
 180              		.cfi_offset 14, -4
 181 0002 00AF     		add	r7, sp, #0
 182              		.cfi_def_cfa_register 7
 152:Generated_Source\PSoC5/FlowSenseTimeOutTimer_PM.c ****     FlowSenseTimeOutTimer_RestoreConfig();
 183              		.loc 1 152 0
 184 0004 FFF7FEFF 		bl	FlowSenseTimeOutTimer_RestoreConfig
 153:Generated_Source\PSoC5/FlowSenseTimeOutTimer_PM.c ****     #if(!FlowSenseTimeOutTimer_UDB_CONTROL_REG_REMOVED)
 154:Generated_Source\PSoC5/FlowSenseTimeOutTimer_PM.c ****         if(FlowSenseTimeOutTimer_backup.TimerEnableState == 1u)
 185              		.loc 1 154 0
 186 0008 034B     		ldr	r3, .L15
ARM GAS  C:\Users\tpbw4321\AppData\Local\Temp\cc5OW4A8.s 			page 7


 187 000a 1B78     		ldrb	r3, [r3]	@ zero_extendqisi2
 188 000c 012B     		cmp	r3, #1
 189 000e 01D1     		bne	.L14
 155:Generated_Source\PSoC5/FlowSenseTimeOutTimer_PM.c ****         {     /* Enable Timer's operation */
 156:Generated_Source\PSoC5/FlowSenseTimeOutTimer_PM.c ****                 FlowSenseTimeOutTimer_Enable();
 190              		.loc 1 156 0
 191 0010 FFF7FEFF 		bl	FlowSenseTimeOutTimer_Enable
 192              	.L14:
 157:Generated_Source\PSoC5/FlowSenseTimeOutTimer_PM.c ****         } /* Do nothing if Timer was disabled before */
 158:Generated_Source\PSoC5/FlowSenseTimeOutTimer_PM.c ****     #endif /* Remove this code section if Control register is removed */
 159:Generated_Source\PSoC5/FlowSenseTimeOutTimer_PM.c **** }
 193              		.loc 1 159 0
 194 0014 00BF     		nop
 195 0016 80BD     		pop	{r7, pc}
 196              	.L16:
 197              		.align	2
 198              	.L15:
 199 0018 00000000 		.word	FlowSenseTimeOutTimer_backup
 200              		.cfi_endproc
 201              	.LFE3:
 202              		.size	FlowSenseTimeOutTimer_Wakeup, .-FlowSenseTimeOutTimer_Wakeup
 203              		.text
 204              	.Letext0:
 205              		.file 2 "Generated_Source\\PSoC5\\cytypes.h"
 206              		.file 3 "Generated_Source\\PSoC5\\FlowSenseTimeOutTimer.h"
 207              		.section	.debug_info,"",%progbits
 208              	.Ldebug_info0:
 209 0000 4D010000 		.4byte	0x14d
 210 0004 0400     		.2byte	0x4
 211 0006 00000000 		.4byte	.Ldebug_abbrev0
 212 000a 04       		.byte	0x4
 213 000b 01       		.uleb128 0x1
 214 000c 11000000 		.4byte	.LASF26
 215 0010 0C       		.byte	0xc
 216 0011 87010000 		.4byte	.LASF27
 217 0015 02010000 		.4byte	.LASF28
 218 0019 00000000 		.4byte	.Ldebug_ranges0+0
 219 001d 00000000 		.4byte	0
 220 0021 00000000 		.4byte	.Ldebug_line0
 221 0025 02       		.uleb128 0x2
 222 0026 01       		.byte	0x1
 223 0027 06       		.byte	0x6
 224 0028 CE020000 		.4byte	.LASF0
 225 002c 02       		.uleb128 0x2
 226 002d 01       		.byte	0x1
 227 002e 08       		.byte	0x8
 228 002f BF010000 		.4byte	.LASF1
 229 0033 02       		.uleb128 0x2
 230 0034 02       		.byte	0x2
 231 0035 05       		.byte	0x5
 232 0036 AF020000 		.4byte	.LASF2
 233 003a 02       		.uleb128 0x2
 234 003b 02       		.byte	0x2
 235 003c 07       		.byte	0x7
 236 003d E6000000 		.4byte	.LASF3
 237 0041 02       		.uleb128 0x2
 238 0042 04       		.byte	0x4
ARM GAS  C:\Users\tpbw4321\AppData\Local\Temp\cc5OW4A8.s 			page 8


 239 0043 05       		.byte	0x5
 240 0044 B9020000 		.4byte	.LASF4
 241 0048 02       		.uleb128 0x2
 242 0049 04       		.byte	0x4
 243 004a 07       		.byte	0x7
 244 004b D2010000 		.4byte	.LASF5
 245 004f 02       		.uleb128 0x2
 246 0050 08       		.byte	0x8
 247 0051 05       		.byte	0x5
 248 0052 7B020000 		.4byte	.LASF6
 249 0056 02       		.uleb128 0x2
 250 0057 08       		.byte	0x8
 251 0058 07       		.byte	0x7
 252 0059 21020000 		.4byte	.LASF7
 253 005d 03       		.uleb128 0x3
 254 005e 04       		.byte	0x4
 255 005f 05       		.byte	0x5
 256 0060 696E7400 		.ascii	"int\000"
 257 0064 02       		.uleb128 0x2
 258 0065 04       		.byte	0x4
 259 0066 07       		.byte	0x7
 260 0067 14020000 		.4byte	.LASF8
 261 006b 04       		.uleb128 0x4
 262 006c E4010000 		.4byte	.LASF9
 263 0070 02       		.byte	0x2
 264 0071 9201     		.2byte	0x192
 265 0073 2C000000 		.4byte	0x2c
 266 0077 04       		.uleb128 0x4
 267 0078 F1010000 		.4byte	.LASF10
 268 007c 02       		.byte	0x2
 269 007d 9401     		.2byte	0x194
 270 007f 48000000 		.4byte	0x48
 271 0083 02       		.uleb128 0x2
 272 0084 04       		.byte	0x4
 273 0085 04       		.byte	0x4
 274 0086 B9010000 		.4byte	.LASF11
 275 008a 02       		.uleb128 0x2
 276 008b 08       		.byte	0x8
 277 008c 04       		.byte	0x4
 278 008d EA010000 		.4byte	.LASF12
 279 0091 02       		.uleb128 0x2
 280 0092 01       		.byte	0x1
 281 0093 08       		.byte	0x8
 282 0094 89020000 		.4byte	.LASF13
 283 0098 04       		.uleb128 0x4
 284 0099 CD010000 		.4byte	.LASF14
 285 009d 02       		.byte	0x2
 286 009e 3C02     		.2byte	0x23c
 287 00a0 A4000000 		.4byte	0xa4
 288 00a4 05       		.uleb128 0x5
 289 00a5 6B000000 		.4byte	0x6b
 290 00a9 02       		.uleb128 0x2
 291 00aa 08       		.byte	0x8
 292 00ab 04       		.byte	0x4
 293 00ac C2020000 		.4byte	.LASF15
 294 00b0 02       		.uleb128 0x2
 295 00b1 04       		.byte	0x4
ARM GAS  C:\Users\tpbw4321\AppData\Local\Temp\cc5OW4A8.s 			page 9


 296 00b2 07       		.byte	0x7
 297 00b3 55020000 		.4byte	.LASF16
 298 00b7 06       		.uleb128 0x6
 299 00b8 0C       		.byte	0xc
 300 00b9 03       		.byte	0x3
 301 00ba 43       		.byte	0x43
 302 00bb F0000000 		.4byte	0xf0
 303 00bf 07       		.uleb128 0x7
 304 00c0 00000000 		.4byte	.LASF17
 305 00c4 03       		.byte	0x3
 306 00c5 45       		.byte	0x45
 307 00c6 6B000000 		.4byte	0x6b
 308 00ca 00       		.byte	0
 309 00cb 07       		.uleb128 0x7
 310 00cc F9000000 		.4byte	.LASF18
 311 00d0 03       		.byte	0x3
 312 00d1 48       		.byte	0x48
 313 00d2 77000000 		.4byte	0x77
 314 00d6 04       		.byte	0x4
 315 00d7 07       		.uleb128 0x7
 316 00d8 DA020000 		.4byte	.LASF19
 317 00dc 03       		.byte	0x3
 318 00dd 49       		.byte	0x49
 319 00de 6B000000 		.4byte	0x6b
 320 00e2 08       		.byte	0x8
 321 00e3 07       		.uleb128 0x7
 322 00e4 ED020000 		.4byte	.LASF20
 323 00e8 03       		.byte	0x3
 324 00e9 4F       		.byte	0x4f
 325 00ea 6B000000 		.4byte	0x6b
 326 00ee 09       		.byte	0x9
 327 00ef 00       		.byte	0
 328 00f0 08       		.uleb128 0x8
 329 00f1 C3000000 		.4byte	.LASF21
 330 00f5 03       		.byte	0x3
 331 00f6 53       		.byte	0x53
 332 00f7 B7000000 		.4byte	0xb7
 333 00fb 09       		.uleb128 0x9
 334 00fc 8E020000 		.4byte	.LASF22
 335 0100 01       		.byte	0x1
 336 0101 2B       		.byte	0x2b
 337 0102 00000000 		.4byte	.LFB0
 338 0106 30000000 		.4byte	.LFE0-.LFB0
 339 010a 01       		.uleb128 0x1
 340 010b 9C       		.byte	0x9c
 341 010c 09       		.uleb128 0x9
 342 010d 9F000000 		.4byte	.LASF23
 343 0111 01       		.byte	0x1
 344 0112 4D       		.byte	0x4d
 345 0113 00000000 		.4byte	.LFB1
 346 0117 2C000000 		.4byte	.LFE1-.LFB1
 347 011b 01       		.uleb128 0x1
 348 011c 9C       		.byte	0x9c
 349 011d 09       		.uleb128 0x9
 350 011e F8010000 		.4byte	.LASF24
 351 0122 01       		.byte	0x1
 352 0123 70       		.byte	0x70
ARM GAS  C:\Users\tpbw4321\AppData\Local\Temp\cc5OW4A8.s 			page 10


 353 0124 00000000 		.4byte	.LFB2
 354 0128 34000000 		.4byte	.LFE2-.LFB2
 355 012c 01       		.uleb128 0x1
 356 012d 9C       		.byte	0x9c
 357 012e 09       		.uleb128 0x9
 358 012f 5E020000 		.4byte	.LASF25
 359 0133 01       		.byte	0x1
 360 0134 96       		.byte	0x96
 361 0135 00000000 		.4byte	.LFB3
 362 0139 1C000000 		.4byte	.LFE3-.LFB3
 363 013d 01       		.uleb128 0x1
 364 013e 9C       		.byte	0x9c
 365 013f 0A       		.uleb128 0xa
 366 0140 38020000 		.4byte	.LASF29
 367 0144 01       		.byte	0x1
 368 0145 15       		.byte	0x15
 369 0146 F0000000 		.4byte	0xf0
 370 014a 05       		.uleb128 0x5
 371 014b 03       		.byte	0x3
 372 014c 00000000 		.4byte	FlowSenseTimeOutTimer_backup
 373 0150 00       		.byte	0
 374              		.section	.debug_abbrev,"",%progbits
 375              	.Ldebug_abbrev0:
 376 0000 01       		.uleb128 0x1
 377 0001 11       		.uleb128 0x11
 378 0002 01       		.byte	0x1
 379 0003 25       		.uleb128 0x25
 380 0004 0E       		.uleb128 0xe
 381 0005 13       		.uleb128 0x13
 382 0006 0B       		.uleb128 0xb
 383 0007 03       		.uleb128 0x3
 384 0008 0E       		.uleb128 0xe
 385 0009 1B       		.uleb128 0x1b
 386 000a 0E       		.uleb128 0xe
 387 000b 55       		.uleb128 0x55
 388 000c 17       		.uleb128 0x17
 389 000d 11       		.uleb128 0x11
 390 000e 01       		.uleb128 0x1
 391 000f 10       		.uleb128 0x10
 392 0010 17       		.uleb128 0x17
 393 0011 00       		.byte	0
 394 0012 00       		.byte	0
 395 0013 02       		.uleb128 0x2
 396 0014 24       		.uleb128 0x24
 397 0015 00       		.byte	0
 398 0016 0B       		.uleb128 0xb
 399 0017 0B       		.uleb128 0xb
 400 0018 3E       		.uleb128 0x3e
 401 0019 0B       		.uleb128 0xb
 402 001a 03       		.uleb128 0x3
 403 001b 0E       		.uleb128 0xe
 404 001c 00       		.byte	0
 405 001d 00       		.byte	0
 406 001e 03       		.uleb128 0x3
 407 001f 24       		.uleb128 0x24
 408 0020 00       		.byte	0
 409 0021 0B       		.uleb128 0xb
ARM GAS  C:\Users\tpbw4321\AppData\Local\Temp\cc5OW4A8.s 			page 11


 410 0022 0B       		.uleb128 0xb
 411 0023 3E       		.uleb128 0x3e
 412 0024 0B       		.uleb128 0xb
 413 0025 03       		.uleb128 0x3
 414 0026 08       		.uleb128 0x8
 415 0027 00       		.byte	0
 416 0028 00       		.byte	0
 417 0029 04       		.uleb128 0x4
 418 002a 16       		.uleb128 0x16
 419 002b 00       		.byte	0
 420 002c 03       		.uleb128 0x3
 421 002d 0E       		.uleb128 0xe
 422 002e 3A       		.uleb128 0x3a
 423 002f 0B       		.uleb128 0xb
 424 0030 3B       		.uleb128 0x3b
 425 0031 05       		.uleb128 0x5
 426 0032 49       		.uleb128 0x49
 427 0033 13       		.uleb128 0x13
 428 0034 00       		.byte	0
 429 0035 00       		.byte	0
 430 0036 05       		.uleb128 0x5
 431 0037 35       		.uleb128 0x35
 432 0038 00       		.byte	0
 433 0039 49       		.uleb128 0x49
 434 003a 13       		.uleb128 0x13
 435 003b 00       		.byte	0
 436 003c 00       		.byte	0
 437 003d 06       		.uleb128 0x6
 438 003e 13       		.uleb128 0x13
 439 003f 01       		.byte	0x1
 440 0040 0B       		.uleb128 0xb
 441 0041 0B       		.uleb128 0xb
 442 0042 3A       		.uleb128 0x3a
 443 0043 0B       		.uleb128 0xb
 444 0044 3B       		.uleb128 0x3b
 445 0045 0B       		.uleb128 0xb
 446 0046 01       		.uleb128 0x1
 447 0047 13       		.uleb128 0x13
 448 0048 00       		.byte	0
 449 0049 00       		.byte	0
 450 004a 07       		.uleb128 0x7
 451 004b 0D       		.uleb128 0xd
 452 004c 00       		.byte	0
 453 004d 03       		.uleb128 0x3
 454 004e 0E       		.uleb128 0xe
 455 004f 3A       		.uleb128 0x3a
 456 0050 0B       		.uleb128 0xb
 457 0051 3B       		.uleb128 0x3b
 458 0052 0B       		.uleb128 0xb
 459 0053 49       		.uleb128 0x49
 460 0054 13       		.uleb128 0x13
 461 0055 38       		.uleb128 0x38
 462 0056 0B       		.uleb128 0xb
 463 0057 00       		.byte	0
 464 0058 00       		.byte	0
 465 0059 08       		.uleb128 0x8
 466 005a 16       		.uleb128 0x16
ARM GAS  C:\Users\tpbw4321\AppData\Local\Temp\cc5OW4A8.s 			page 12


 467 005b 00       		.byte	0
 468 005c 03       		.uleb128 0x3
 469 005d 0E       		.uleb128 0xe
 470 005e 3A       		.uleb128 0x3a
 471 005f 0B       		.uleb128 0xb
 472 0060 3B       		.uleb128 0x3b
 473 0061 0B       		.uleb128 0xb
 474 0062 49       		.uleb128 0x49
 475 0063 13       		.uleb128 0x13
 476 0064 00       		.byte	0
 477 0065 00       		.byte	0
 478 0066 09       		.uleb128 0x9
 479 0067 2E       		.uleb128 0x2e
 480 0068 00       		.byte	0
 481 0069 3F       		.uleb128 0x3f
 482 006a 19       		.uleb128 0x19
 483 006b 03       		.uleb128 0x3
 484 006c 0E       		.uleb128 0xe
 485 006d 3A       		.uleb128 0x3a
 486 006e 0B       		.uleb128 0xb
 487 006f 3B       		.uleb128 0x3b
 488 0070 0B       		.uleb128 0xb
 489 0071 27       		.uleb128 0x27
 490 0072 19       		.uleb128 0x19
 491 0073 11       		.uleb128 0x11
 492 0074 01       		.uleb128 0x1
 493 0075 12       		.uleb128 0x12
 494 0076 06       		.uleb128 0x6
 495 0077 40       		.uleb128 0x40
 496 0078 18       		.uleb128 0x18
 497 0079 9642     		.uleb128 0x2116
 498 007b 19       		.uleb128 0x19
 499 007c 00       		.byte	0
 500 007d 00       		.byte	0
 501 007e 0A       		.uleb128 0xa
 502 007f 34       		.uleb128 0x34
 503 0080 00       		.byte	0
 504 0081 03       		.uleb128 0x3
 505 0082 0E       		.uleb128 0xe
 506 0083 3A       		.uleb128 0x3a
 507 0084 0B       		.uleb128 0xb
 508 0085 3B       		.uleb128 0x3b
 509 0086 0B       		.uleb128 0xb
 510 0087 49       		.uleb128 0x49
 511 0088 13       		.uleb128 0x13
 512 0089 02       		.uleb128 0x2
 513 008a 18       		.uleb128 0x18
 514 008b 00       		.byte	0
 515 008c 00       		.byte	0
 516 008d 00       		.byte	0
 517              		.section	.debug_aranges,"",%progbits
 518 0000 34000000 		.4byte	0x34
 519 0004 0200     		.2byte	0x2
 520 0006 00000000 		.4byte	.Ldebug_info0
 521 000a 04       		.byte	0x4
 522 000b 00       		.byte	0
 523 000c 0000     		.2byte	0
ARM GAS  C:\Users\tpbw4321\AppData\Local\Temp\cc5OW4A8.s 			page 13


 524 000e 0000     		.2byte	0
 525 0010 00000000 		.4byte	.LFB0
 526 0014 30000000 		.4byte	.LFE0-.LFB0
 527 0018 00000000 		.4byte	.LFB1
 528 001c 2C000000 		.4byte	.LFE1-.LFB1
 529 0020 00000000 		.4byte	.LFB2
 530 0024 34000000 		.4byte	.LFE2-.LFB2
 531 0028 00000000 		.4byte	.LFB3
 532 002c 1C000000 		.4byte	.LFE3-.LFB3
 533 0030 00000000 		.4byte	0
 534 0034 00000000 		.4byte	0
 535              		.section	.debug_ranges,"",%progbits
 536              	.Ldebug_ranges0:
 537 0000 00000000 		.4byte	.LFB0
 538 0004 30000000 		.4byte	.LFE0
 539 0008 00000000 		.4byte	.LFB1
 540 000c 2C000000 		.4byte	.LFE1
 541 0010 00000000 		.4byte	.LFB2
 542 0014 34000000 		.4byte	.LFE2
 543 0018 00000000 		.4byte	.LFB3
 544 001c 1C000000 		.4byte	.LFE3
 545 0020 00000000 		.4byte	0
 546 0024 00000000 		.4byte	0
 547              		.section	.debug_line,"",%progbits
 548              	.Ldebug_line0:
 549 0000 C7000000 		.section	.debug_str,"MS",%progbits,1
 549      02007000 
 549      00000201 
 549      FB0E0D00 
 549      01010101 
 550              	.LASF17:
 551 0000 54696D65 		.ascii	"TimerEnableState\000"
 551      72456E61 
 551      626C6553 
 551      74617465 
 551      00
 552              	.LASF26:
 553 0011 474E5520 		.ascii	"GNU C11 5.4.1 20160609 (release) [ARM/embedded-5-br"
 553      43313120 
 553      352E342E 
 553      31203230 
 553      31363036 
 554 0044 616E6368 		.ascii	"anch revision 237715] -mcpu=cortex-m3 -mthumb -g -O"
 554      20726576 
 554      6973696F 
 554      6E203233 
 554      37373135 
 555 0077 30202D66 		.ascii	"0 -ffunction-sections -ffat-lto-objects\000"
 555      66756E63 
 555      74696F6E 
 555      2D736563 
 555      74696F6E 
 556              	.LASF23:
 557 009f 466C6F77 		.ascii	"FlowSenseTimeOutTimer_RestoreConfig\000"
 557      53656E73 
 557      6554696D 
 557      654F7574 
ARM GAS  C:\Users\tpbw4321\AppData\Local\Temp\cc5OW4A8.s 			page 14


 557      54696D65 
 558              	.LASF21:
 559 00c3 466C6F77 		.ascii	"FlowSenseTimeOutTimer_backupStruct\000"
 559      53656E73 
 559      6554696D 
 559      654F7574 
 559      54696D65 
 560              	.LASF3:
 561 00e6 73686F72 		.ascii	"short unsigned int\000"
 561      7420756E 
 561      7369676E 
 561      65642069 
 561      6E7400
 562              	.LASF18:
 563 00f9 54696D65 		.ascii	"TimerUdb\000"
 563      72556462 
 563      00
 564              	.LASF28:
 565 0102 433A5C55 		.ascii	"C:\\Users\\tpbw4321\\AppData\\Roaming\\SPB_Data\\Hy"
 565      73657273 
 565      5C747062 
 565      77343332 
 565      315C4170 
 566 012f 64726F70 		.ascii	"droponicsAutomation\\Designs\\Software\\Embedded\\P"
 566      6F6E6963 
 566      73417574 
 566      6F6D6174 
 566      696F6E5C 
 567 015e 536F435C 		.ascii	"SoC\\HydroponicAutomationSensorPerf.cydsn\000"
 567      48796472 
 567      6F706F6E 
 567      69634175 
 567      746F6D61 
 568              	.LASF27:
 569 0187 47656E65 		.ascii	"Generated_Source\\PSoC5\\FlowSenseTimeOutTimer_PM.c"
 569      72617465 
 569      645F536F 
 569      75726365 
 569      5C50536F 
 570 01b8 00       		.ascii	"\000"
 571              	.LASF11:
 572 01b9 666C6F61 		.ascii	"float\000"
 572      7400
 573              	.LASF1:
 574 01bf 756E7369 		.ascii	"unsigned char\000"
 574      676E6564 
 574      20636861 
 574      7200
 575              	.LASF14:
 576 01cd 72656738 		.ascii	"reg8\000"
 576      00
 577              	.LASF5:
 578 01d2 6C6F6E67 		.ascii	"long unsigned int\000"
 578      20756E73 
 578      69676E65 
 578      6420696E 
 578      7400
ARM GAS  C:\Users\tpbw4321\AppData\Local\Temp\cc5OW4A8.s 			page 15


 579              	.LASF9:
 580 01e4 75696E74 		.ascii	"uint8\000"
 580      3800
 581              	.LASF12:
 582 01ea 646F7562 		.ascii	"double\000"
 582      6C6500
 583              	.LASF10:
 584 01f1 75696E74 		.ascii	"uint32\000"
 584      333200
 585              	.LASF24:
 586 01f8 466C6F77 		.ascii	"FlowSenseTimeOutTimer_Sleep\000"
 586      53656E73 
 586      6554696D 
 586      654F7574 
 586      54696D65 
 587              	.LASF8:
 588 0214 756E7369 		.ascii	"unsigned int\000"
 588      676E6564 
 588      20696E74 
 588      00
 589              	.LASF7:
 590 0221 6C6F6E67 		.ascii	"long long unsigned int\000"
 590      206C6F6E 
 590      6720756E 
 590      7369676E 
 590      65642069 
 591              	.LASF29:
 592 0238 466C6F77 		.ascii	"FlowSenseTimeOutTimer_backup\000"
 592      53656E73 
 592      6554696D 
 592      654F7574 
 592      54696D65 
 593              	.LASF16:
 594 0255 73697A65 		.ascii	"sizetype\000"
 594      74797065 
 594      00
 595              	.LASF25:
 596 025e 466C6F77 		.ascii	"FlowSenseTimeOutTimer_Wakeup\000"
 596      53656E73 
 596      6554696D 
 596      654F7574 
 596      54696D65 
 597              	.LASF6:
 598 027b 6C6F6E67 		.ascii	"long long int\000"
 598      206C6F6E 
 598      6720696E 
 598      7400
 599              	.LASF13:
 600 0289 63686172 		.ascii	"char\000"
 600      00
 601              	.LASF22:
 602 028e 466C6F77 		.ascii	"FlowSenseTimeOutTimer_SaveConfig\000"
 602      53656E73 
 602      6554696D 
 602      654F7574 
 602      54696D65 
 603              	.LASF2:
ARM GAS  C:\Users\tpbw4321\AppData\Local\Temp\cc5OW4A8.s 			page 16


 604 02af 73686F72 		.ascii	"short int\000"
 604      7420696E 
 604      7400
 605              	.LASF4:
 606 02b9 6C6F6E67 		.ascii	"long int\000"
 606      20696E74 
 606      00
 607              	.LASF15:
 608 02c2 6C6F6E67 		.ascii	"long double\000"
 608      20646F75 
 608      626C6500 
 609              	.LASF0:
 610 02ce 7369676E 		.ascii	"signed char\000"
 610      65642063 
 610      68617200 
 611              	.LASF19:
 612 02da 496E7465 		.ascii	"InterruptMaskValue\000"
 612      72727570 
 612      744D6173 
 612      6B56616C 
 612      756500
 613              	.LASF20:
 614 02ed 54696D65 		.ascii	"TimerControlRegister\000"
 614      72436F6E 
 614      74726F6C 
 614      52656769 
 614      73746572 
 615              		.ident	"GCC: (GNU Tools for ARM Embedded Processors) 5.4.1 20160609 (release) [ARM/embedded-5-bran
