Archive member included to satisfy reference by file (symbol)

.\CortexM3\ARM_GCC_541\Debug\HydroponicAutomationSensorPerf.a(UART.o)
                              .\CortexM3\ARM_GCC_541\Debug\SerialCom.o (UART_Start)
.\CortexM3\ARM_GCC_541\Debug\HydroponicAutomationSensorPerf.a(isr_rx.o)
                              .\CortexM3\ARM_GCC_541\Debug\SerialCom.o (isr_rx_StartEx)
.\CortexM3\ARM_GCC_541\Debug\HydroponicAutomationSensorPerf.a(UART_IntClock.o)
                              .\CortexM3\ARM_GCC_541\Debug\HydroponicAutomationSensorPerf.a(UART.o) (UART_IntClock_Start)
.\CortexM3\ARM_GCC_541\Debug\HydroponicAutomationSensorPerf.a(CyLib.o)
                              .\CortexM3\ARM_GCC_541\Debug\Cm3Start.o (CyResetStatus)
.\CortexM3\ARM_GCC_541\Debug\HydroponicAutomationSensorPerf.a(cyPm.o)
                              .\CortexM3\ARM_GCC_541\Debug\HydroponicAutomationSensorPerf.a(CyLib.o) (CyPmReadStatus)
.\CortexM3\ARM_GCC_541\Debug\HydroponicAutomationSensorPerf.a(pHADC.o)
                              .\CortexM3\ARM_GCC_541\Debug\pHSense.o (pHADC_Start)
.\CortexM3\ARM_GCC_541\Debug\HydroponicAutomationSensorPerf.a(pHADC_INT.o)
                              .\CortexM3\ARM_GCC_541\Debug\HydroponicAutomationSensorPerf.a(pHADC.o) (pHADC_ISR)
.\CortexM3\ARM_GCC_541\Debug\HydroponicAutomationSensorPerf.a(pHADC_theACLK.o)
                              .\CortexM3\ARM_GCC_541\Debug\HydroponicAutomationSensorPerf.a(pHADC.o) (pHADC_theACLK_SetModeRegister)
.\CortexM3\ARM_GCC_541\Debug\HydroponicAutomationSensorPerf.a(pHSampleTimer.o)
                              .\CortexM3\ARM_GCC_541\Debug\pHSense.o (pHSampleTimer_Start)
.\CortexM3\ARM_GCC_541\Debug\HydroponicAutomationSensorPerf.a(pHSampleTimerISR.o)
                              .\CortexM3\ARM_GCC_541\Debug\pHSense.o (pHSampleTimerISR_Disable)
.\CortexM3\ARM_GCC_541\Debug\HydroponicAutomationSensorPerf.a(PingSensorTrigCounter.o)
                              .\CortexM3\ARM_GCC_541\Debug\PingSensor.o (PingSensorTrigCounter_Start)
.\CortexM3\ARM_GCC_541\Debug\HydroponicAutomationSensorPerf.a(PingSensorControl.o)
                              .\CortexM3\ARM_GCC_541\Debug\PingSensor.o (PingSensorControl_Write)
.\CortexM3\ARM_GCC_541\Debug\HydroponicAutomationSensorPerf.a(PingSensorEchoTimer.o)
                              .\CortexM3\ARM_GCC_541\Debug\PingSensor.o (PingSensorEchoTimer_ClearFIFO)
.\CortexM3\ARM_GCC_541\Debug\HydroponicAutomationSensorPerf.a(PingSensorEchoISR.o)
                              .\CortexM3\ARM_GCC_541\Debug\PingSensor.o (PingSensorEchoISR_StartEx)
.\CortexM3\ARM_GCC_541\Debug\HydroponicAutomationSensorPerf.a(LevelSelect.o)
                              .\CortexM3\ARM_GCC_541\Debug\PingSensor.o (LevelSelect_Write)
.\CortexM3\ARM_GCC_541\Debug\HydroponicAutomationSensorPerf.a(FreeRunningTimer.o)
                              .\CortexM3\ARM_GCC_541\Debug\FlowSense.o (FreeRunningTimer_Start)
.\CortexM3\ARM_GCC_541\Debug\HydroponicAutomationSensorPerf.a(PingSensorTrigISR.o)
                              .\CortexM3\ARM_GCC_541\Debug\PingSensor.o (PingSensorTrigISR_StartEx)
.\CortexM3\ARM_GCC_541\Debug\HydroponicAutomationSensorPerf.a(PingSensorTrigControl.o)
                              .\CortexM3\ARM_GCC_541\Debug\PingSensor.o (PingSensorTrigControl_Write)
.\CortexM3\ARM_GCC_541\Debug\HydroponicAutomationSensorPerf.a(SensorDataComTimer.o)
                              .\CortexM3\ARM_GCC_541\Debug\SensorComTx.o (SensorDataComTimer_Start)
.\CortexM3\ARM_GCC_541\Debug\HydroponicAutomationSensorPerf.a(SensorDataComISR.o)
                              .\CortexM3\ARM_GCC_541\Debug\SensorComTx.o (SensorDataComISR_StartEx)
.\CortexM3\ARM_GCC_541\Debug\HydroponicAutomationSensorPerf.a(SensorComTxUART.o)
                              .\CortexM3\ARM_GCC_541\Debug\SensorComTx.o (SensorComTxUART_Start)
.\CortexM3\ARM_GCC_541\Debug\HydroponicAutomationSensorPerf.a(SensorComTxUART_IntClock.o)
                              .\CortexM3\ARM_GCC_541\Debug\HydroponicAutomationSensorPerf.a(SensorComTxUART.o) (SensorComTxUART_IntClock_Start)
.\CortexM3\ARM_GCC_541\Debug\HydroponicAutomationSensorPerf.a(PingSensorSampleTimer.o)
                              .\CortexM3\ARM_GCC_541\Debug\PingSensor.o (PingSensorSampleTimer_Start)
.\CortexM3\ARM_GCC_541\Debug\HydroponicAutomationSensorPerf.a(PingSensorSampleTimerISR.o)
                              .\CortexM3\ARM_GCC_541\Debug\PingSensor.o (PingSensorSampleTimerISR_StartEx)
.\CortexM3\ARM_GCC_541\Debug\HydroponicAutomationSensorPerf.a(FlowSenseCaptureISR.o)
                              .\CortexM3\ARM_GCC_541\Debug\FlowSense.o (FlowSenseCaptureISR_StartEx)
.\CortexM3\ARM_GCC_541\Debug\HydroponicAutomationSensorPerf.a(FlowSenseTimeOutISR.o)
                              .\CortexM3\ARM_GCC_541\Debug\FlowSense.o (FlowSenseTimeOutISR_StartEx)
.\CortexM3\ARM_GCC_541\Debug\HydroponicAutomationSensorPerf.a(FlowSenseTimeOutTimer.o)
[...]
Memory Configuration

Name             Origin             Length             Attributes
rom              0x00000000         0x00040000         xr
ram              0x1fff8000         0x00010000         xrw
*default*        0x00000000         0xffffffff

Linker script and memory map

LOAD c:/program files (x86)/cypress/psoc creator/4.2/psoc creator/import/gnu/arm/5.4.1/bin/../lib/gcc/arm-none-eabi/5.4.1/armv7-m/crti.o
LOAD c:/program files (x86)/cypress/psoc creator/4.2/psoc creator/import/gnu/arm/5.4.1/bin/../lib/gcc/arm-none-eabi/5.4.1/armv7-m/crtbegin.o
LOAD c:/program files (x86)/cypress/psoc creator/4.2/psoc creator/import/gnu/arm/5.4.1/bin/../lib/gcc/arm-none-eabi/5.4.1/../../../../arm-none-eabi/lib/armv7-m/crt0.o
START GROUP
LOAD .\CortexM3\ARM_GCC_541\Debug\FlowSense.o
LOAD .\CortexM3\ARM_GCC_541\Debug\Protocol.o
LOAD .\CortexM3\ARM_GCC_541\Debug\SerialCom.o
LOAD .\CortexM3\ARM_GCC_541\Debug\main.o
LOAD .\CortexM3\ARM_GCC_541\Debug\pHSense.o
LOAD .\CortexM3\ARM_GCC_541\Debug\PingSensor.o
LOAD .\CortexM3\ARM_GCC_541\Debug\SensorComTx.o
LOAD .\CortexM3\ARM_GCC_541\Debug\sensor_data.o
LOAD .\CortexM3\ARM_GCC_541\Debug\ECSense.o
LOAD .\CortexM3\ARM_GCC_541\Debug\SenseSwitch.o
LOAD .\CortexM3\ARM_GCC_541\Debug\cyfitter_cfg.o
LOAD .\CortexM3\ARM_GCC_541\Debug\cymetadata.o
LOAD .\CortexM3\ARM_GCC_541\Debug\Cm3Start.o
LOAD .\CortexM3\ARM_GCC_541\Debug\HydroponicAutomationSensorPerf.a
LOAD C:\Program Files (x86)\Cypress\PSoC Creator\4.2\PSoC Creator\psoc\content\cycomponentlibrary\CyComponentLibrary.cylib\CortexM3\ARM_GCC_541\Debug\CyComponentLibrary.a
END GROUP
START GROUP
LOAD c:/program files (x86)/cypress/psoc creator/4.2/psoc creator/import/gnu/arm/5.4.1/bin/../lib/gcc/arm-none-eabi/5.4.1/armv7-m\libgcc.a
LOAD c:/program files (x86)/cypress/psoc creator/4.2/psoc creator/import/gnu/arm/5.4.1/bin/../lib/gcc/arm-none-eabi/5.4.1/../../../../arm-none-eabi/lib/armv7-m\libg_nano.a
LOAD c:/program files (x86)/cypress/psoc creator/4.2/psoc creator/import/gnu/arm/5.4.1/bin/../lib/gcc/arm-none-eabi/5.4.1/../../../../arm-none-eabi/lib/armv7-m\libc_nano.a
END GROUP
START GROUP
LOAD c:/program files (x86)/cypress/psoc creator/4.2/psoc creator/import/gnu/arm/5.4.1/bin/../lib/gcc/arm-none-eabi/5.4.1/armv7-m\libgcc.a
LOAD c:/program files (x86)/cypress/psoc creator/4.2/psoc creator/import/gnu/arm/5.4.1/bin/../lib/gcc/arm-none-eabi/5.4.1/../../../../arm-none-eabi/lib/armv7-m\libc_nano.a
END GROUP
LOAD c:/program files (x86)/cypress/psoc creator/4.2/psoc creator/import/gnu/arm/5.4.1/bin/../lib/gcc/arm-none-eabi/5.4.1/armv7-m/crtend.o
LOAD c:/program files (x86)/cypress/psoc creator/4.2/psoc creator/import/gnu/arm/5.4.1/bin/../lib/gcc/arm-none-eabi/5.4.1/armv7-m/crtn.o
START GROUP
LOAD c:/program files (x86)/cypress/psoc creator/4.2/psoc creator/import/gnu/arm/5.4.1/bin/../lib/gcc/arm-none-eabi/5.4.1/armv7-m\libgcc.a
LOAD c:/program files (x86)/cypress/psoc creator/4.2/psoc creator/import/gnu/arm/5.4.1/bin/../lib/gcc/arm-none-eabi/5.4.1/../../../../arm-none-eabi/lib/armv7-m\libc.a
LOAD c:/program files (x86)/cypress/psoc creator/4.2/psoc creator/import/gnu/arm/5.4.1/bin/../lib/gcc/arm-none-eabi/5.4.1/../../../../arm-none-eabi/lib/armv7-m\libnosys.a
END GROUP
                0x00000000                CY_APPL_ORIGIN = 0x0
                0x00000100                CY_FLASH_ROW_SIZE = 0x100
                0x00000020                CY_ECC_ROW_SIZE = 0x20
                0x00000000                CY_EE_IN_BTLDR = 0x0
                0x00000000                CY_APPL_LOADABLE = 0x0
                0x00000800                CY_EE_SIZE = 0x800
                0x00000001                CY_APPL_NUM = 0x1
                0x00000001                CY_APPL_MAX = 0x1
                0x00000040                CY_METADATA_SIZE = 0x40
                0x00000000                CY_APPL_LOADABLE = 0x0
                0x00000000                CY_CHECKSUM_EXCLUDE_SIZE = ALIGN (0x0, CY_FLASH_ROW_SIZE)
                [!provide]                PROVIDE (__cy_heap_start, _end)
                0x00000001                PROVIDE (__cy_region_num, ((__cy_regions_end - __cy_regions) / 0x10))
                0x20008000                PROVIDE (__cy_stack, (ORIGIN (ram) + LENGTH (ram)))
                [!provide]                PROVIDE (__cy_heap_end, (__cy_stack - 0x800))

.cybootloader   0x00000000        0x0
 *(.cybootloader)
                0x00000000                appl1_start = CY_APPL_ORIGIN?CY_APPL_ORIGIN:ALIGN (CY_FLASH_ROW_SIZE)
                0x0001ff00                appl2_start = (appl1_start + ALIGN ((((LENGTH (rom) - appl1_start) - (0x2 * CY_FLASH_ROW_SIZE)) / 0x2), CY_FLASH_ROW_SIZE))
                0x00000000                appl_start = (CY_APPL_NUM == 0x1)?appl1_start:appl2_start
                0x00000000                ecc_offset = ((appl_start / CY_FLASH_ROW_SIZE) * CY_ECC_ROW_SIZE)
                0x00000000                ee_offset = (CY_APPL_LOADABLE && ! (CY_EE_IN_BTLDR))?((CY_EE_SIZE / CY_APPL_MAX) * (CY_APPL_NUM - 0x1)):0x0
                0x00000800                ee_size = (CY_APPL_LOADABLE && ! (CY_EE_IN_BTLDR))?(CY_EE_SIZE / CY_APPL_MAX):CY_EE_SIZE
                [!provide]                PROVIDE (CY_ECC_OFFSET, ecc_offset)

.text           0x00000000     0x8740
 CREATE_OBJECT_SYMBOLS
                0x00000000                PROVIDE (__cy_interrupt_vector, RomVectors)
 *(.romvectors)
 .romvectors    0x00000000       0x10 .\CortexM3\ARM_GCC_541\Debug\Cm3Start.o
                0x00000000                RomVectors
                0x00000001                ASSERT ((. != __cy_interrupt_vector), No interrupt vector)
                0x00000001                ASSERT (CY_APPL_ORIGIN?(SIZEOF (.cybootloader) <= CY_APPL_ORIGIN):0x1, Wrong image location)
                0x00000010                PROVIDE (__cy_reset, Reset)
 *(.text.Reset)
 .text.Reset    0x00000010       0x18 .\CortexM3\ARM_GCC_541\Debug\Cm3Start.o
                0x00000010                Reset
                0x00000001                ASSERT ((. != __cy_reset), No reset code)
 *(.dma_init)
                0x00000001                ASSERT ((((appl_start + .) <= 0x10000) || 0x1), DMA Init must be within the first 64k of flash)
 *(.text .text.* .gnu.linkonce.t.*)
 .text          0x00000028       0x5c c:/program files (x86)/cypress/psoc creator/4.2/psoc creator/import/gnu/arm/5.4.1/bin/../lib/gcc/arm-none-eabi/5.4.1/armv7-m/crtbegin.o
 .text.FlowSenseTimeOutISRHandler
                0x00000084       0x30 .\CortexM3\ARM_GCC_541\Debug\FlowSense.o
                0x00000084                FlowSenseTimeOutISRHandler
 .text.FlowSenseCaptureISRHandler
                0x000000b4       0xb8 .\CortexM3\ARM_GCC_541\Debug\FlowSense.o
                0x000000b4                FlowSenseCaptureISRHandler
 .text.FlowSense_Init
                0x0000016c       0x24 .\CortexM3\ARM_GCC_541\Debug\FlowSense.o
                0x0000016c                FlowSense_Init
 .text.FlowSense_GetFlowRate
                0x00000190       0xa4 .\CortexM3\ARM_GCC_541\Debug\FlowSense.o
                0x00000190                FlowSense_GetFlowRate
 .text.Protocol_EncodeOutput
                0x00000234       0x68 .\CortexM3\ARM_GCC_541\Debug\Protocol.o
                0x00000234                Protocol_EncodeOutput
 .text.RxIsr    0x0000029c       0x74 .\CortexM3\ARM_GCC_541\Debug\SerialCom.o
                0x0000029c                RxIsr
 .text.SerialCom_Init
                0x00000310       0x18 .\CortexM3\ARM_GCC_541\Debug\SerialCom.o
                0x00000310                SerialCom_Init
 .text._write   0x00000328       0x38 .\CortexM3\ARM_GCC_541\Debug\SerialCom.o
                0x00000328                _write
 .text.main     0x00000360      0x118 .\CortexM3\ARM_GCC_541\Debug\main.o
                0x00000360                main
 .text.pHSampleTimerISRHandler
                0x00000478       0xe8 .\CortexM3\ARM_GCC_541\Debug\pHSense.o
                0x00000478                pHSampleTimerISRHandler
 .text.pHSense_Init
                0x00000560       0x1c .\CortexM3\ARM_GCC_541\Debug\pHSense.o
                0x00000560                pHSense_Init
 .text.pHSense_ReadSensor
                0x0000057c       0x2c .\CortexM3\ARM_GCC_541\Debug\pHSense.o
                0x0000057c                pHSense_ReadSensor
 .text.pHSense_GetpH
                0x000005a8       0x14 .\CortexM3\ARM_GCC_541\Debug\pHSense.o
                0x000005a8                pHSense_GetpH
 .text.pHSense_TurnOff
                0x000005bc        0xc .\CortexM3\ARM_GCC_541\Debug\pHSense.o
                0x000005bc                pHSense_TurnOff
 .text.pHSense_TurnOn
                0x000005c8       0x10 .\CortexM3\ARM_GCC_541\Debug\pHSense.o
                0x000005c8                pHSense_TurnOn
 .text.PingSensor_GetWaterLevel
                0x000005d8       0x18 .\CortexM3\ARM_GCC_541\Debug\PingSensor.o
                0x000005d8                PingSensor_GetWaterLevel
 .text.PingSensor_GetpHUpLevel
                0x000005f0       0x1c .\CortexM3\ARM_GCC_541\Debug\PingSensor.o
                0x000005f0                PingSensor_GetpHUpLevel
 .text.PingSensor_GetpHDownLevel
                0x0000060c       0x1c .\CortexM3\ARM_GCC_541\Debug\PingSensor.o
                0x0000060c                PingSensor_GetpHDownLevel
 .text.PingSensor_GetNutLevel
                0x00000628       0x1c .\CortexM3\ARM_GCC_541\Debug\PingSensor.o
                0x00000628                PingSensor_GetNutLevel
 .text.PingSensor_GetWaterResLevel
                0x00000644       0x1c .\CortexM3\ARM_GCC_541\Debug\PingSensor.o
                0x00000644                PingSensor_GetWaterResLevel
 .text.PingSensor_Init
                0x00000660       0x3c .\CortexM3\ARM_GCC_541\Debug\PingSensor.o
                0x00000660                PingSensor_Init
 .text.PingSensor_InitiateReading
                0x0000069c       0x28 .\CortexM3\ARM_GCC_541\Debug\PingSensor.o
                0x0000069c                PingSensor_InitiateReading
 .text.PingSensorSampleTimerISRHandler
                0x000006c4       0x40 .\CortexM3\ARM_GCC_541\Debug\PingSensor.o
                0x000006c4                PingSensorSampleTimerISRHandler
 *fill*         0x00000704        0x4 
 .text.PingSensorEchoISRHandler
                0x00000708       0xbc .\CortexM3\ARM_GCC_541\Debug\PingSensor.o
                0x00000708                PingSensorEchoISRHandler
 .text.PingSensorTrigISRHandler
                0x000007c4       0x14 .\CortexM3\ARM_GCC_541\Debug\PingSensor.o
                0x000007c4                PingSensorTrigISRHandler
 .text.SensorComTx_Init
                0x000007d8       0x1c .\CortexM3\ARM_GCC_541\Debug\SensorComTx.o
                0x000007d8                SensorComTx_Init
 .text.SensorComTx_EncodeMessage
                0x000007f4      0x2a0 .\CortexM3\ARM_GCC_541\Debug\SensorComTx.o
                0x000007f4                SensorComTx_EncodeMessage
 .text.CalcChecksum
                0x00000a94       0x34 .\CortexM3\ARM_GCC_541\Debug\SensorComTx.o
                0x00000a94                CalcChecksum
 .text.SensorDataComISRHandler
                0x00000ac8       0x48 .\CortexM3\ARM_GCC_541\Debug\SensorComTx.o
                0x00000ac8                SensorDataComISRHandler
 .text.SensorComTx_SendMessage
                0x00000b10       0x18 .\CortexM3\ARM_GCC_541\Debug\SensorComTx.o
                0x00000b10                SensorComTx_SendMessage
 .text.sensor_data_init
                0x00000b28       0xf4 .\CortexM3\ARM_GCC_541\Debug\sensor_data.o
                0x00000b28                sensor_data_init
 .text.ECSenseDataRxISRHandler
                0x00000c1c       0xa4 .\CortexM3\ARM_GCC_541\Debug\ECSense.o
                0x00000c1c                ECSenseDataRxISRHandler
 .text.CalcCheckSum
                0x00000cc0       0x34 .\CortexM3\ARM_GCC_541\Debug\ECSense.o
                0x00000cc0                CalcCheckSum
 .text.ECSense_DecodeMessage
                0x00000cf4      0x13c .\CortexM3\ARM_GCC_541\Debug\ECSense.o
                0x00000cf4                ECSense_DecodeMessage
 .text.ECSense_Init
                0x00000e30       0x1c .\CortexM3\ARM_GCC_541\Debug\ECSense.o
                0x00000e30                ECSense_Init
 .text.ECSense_GetEC
                0x00000e4c       0x14 .\CortexM3\ARM_GCC_541\Debug\ECSense.o
                0x00000e4c                ECSense_GetEC
 .text.ECSense_TurnOff
                0x00000e60       0x10 .\CortexM3\ARM_GCC_541\Debug\ECSense.o
                0x00000e60                ECSense_TurnOff
 .text.ECSense_TurnOn
                0x00000e70       0x10 .\CortexM3\ARM_GCC_541\Debug\ECSense.o
                0x00000e70                ECSense_TurnOn
 .text.ECSense_StartSampling
                0x00000e80       0x18 .\CortexM3\ARM_GCC_541\Debug\ECSense.o
                0x00000e80                ECSense_StartSampling
 .text.ECSense_StopSampling
                0x00000e98       0x18 .\CortexM3\ARM_GCC_541\Debug\ECSense.o
                0x00000e98                ECSense_StopSampling
 .text.SenseSwitchTimerISRHandler
                0x00000eb0       0xd8 .\CortexM3\ARM_GCC_541\Debug\SenseSwitch.o
                0x00000eb0                SenseSwitchTimerISRHandler
 .text.SenseSwitch_Init
                0x00000f88       0x18 .\CortexM3\ARM_GCC_541\Debug\SenseSwitch.o
                0x00000f88                SenseSwitch_Init
 .text.CYMEMZERO
                0x00000fa0       0x1c .\CortexM3\ARM_GCC_541\Debug\cyfitter_cfg.o
 .text.CYCONFIGCPY
                0x00000fbc       0x20 .\CortexM3\ARM_GCC_541\Debug\cyfitter_cfg.o
 .text.CyClockStartupError
                0x00000fdc        0xc .\CortexM3\ARM_GCC_541\Debug\cyfitter_cfg.o
 .text.cfg_write_bytes32
                0x00000fe8       0x74 .\CortexM3\ARM_GCC_541\Debug\cyfitter_cfg.o
 .text.ClockSetup
                0x0000105c      0x1c8 .\CortexM3\ARM_GCC_541\Debug\cyfitter_cfg.o
 .text.AnalogSetDefault
                0x00001224       0xb0 .\CortexM3\ARM_GCC_541\Debug\cyfitter_cfg.o
 .text.cyfitter_cfg
                0x000012d4      0x1a8 .\CortexM3\ARM_GCC_541\Debug\cyfitter_cfg.o
                0x000012d4                cyfitter_cfg
 .text.IntDefaultHandler
                0x0000147c       0x14 .\CortexM3\ARM_GCC_541\Debug\Cm3Start.o
                0x0000147c                IntDefaultHandler
 .text._sbrk    0x00001490       0x54 .\CortexM3\ARM_GCC_541\Debug\Cm3Start.o
                0x00001490                _sbrk
 .text.Start_c  0x000014e4       0x98 .\CortexM3\ARM_GCC_541\Debug\Cm3Start.o
                0x000014e4                Start_c
 .text.initialize_psoc
                0x0000157c       0x90 .\CortexM3\ARM_GCC_541\Debug\Cm3Start.o
                0x0000157c                initialize_psoc
 .text.UART_Start
                0x0000160c       0x24 .\CortexM3\ARM_GCC_541\Debug\HydroponicAutomationSensorPerf.a(UART.o)
                0x0000160c                UART_Start
 .text.UART_Init
                0x00001630       0x40 .\CortexM3\ARM_GCC_541\Debug\HydroponicAutomationSensorPerf.a(UART.o)
                0x00001630                UART_Init
 .text.UART_Enable
                0x00001670       0x60 .\CortexM3\ARM_GCC_541\Debug\HydroponicAutomationSensorPerf.a(UART.o)
                0x00001670                UART_Enable
 .text.UART_PutChar
                0x000016d0       0x34 .\CortexM3\ARM_GCC_541\Debug\HydroponicAutomationSensorPerf.a(UART.o)
                0x000016d0                UART_PutChar
 .text.isr_rx_StartEx
                0x00001704       0x24 .\CortexM3\ARM_GCC_541\Debug\HydroponicAutomationSensorPerf.a(isr_rx.o)
                0x00001704                isr_rx_StartEx
 .text.isr_rx_SetVector
                0x00001728       0x24 .\CortexM3\ARM_GCC_541\Debug\HydroponicAutomationSensorPerf.a(isr_rx.o)
                0x00001728                isr_rx_SetVector
 .text.isr_rx_SetPriority
                0x0000174c       0x24 .\CortexM3\ARM_GCC_541\Debug\HydroponicAutomationSensorPerf.a(isr_rx.o)
                0x0000174c                isr_rx_SetPriority
 .text.isr_rx_Enable
                0x00001770       0x18 .\CortexM3\ARM_GCC_541\Debug\HydroponicAutomationSensorPerf.a(isr_rx.o)
                0x00001770                isr_rx_Enable
 .text.isr_rx_Disable
                0x00001788       0x18 .\CortexM3\ARM_GCC_541\Debug\HydroponicAutomationSensorPerf.a(isr_rx.o)
                0x00001788                isr_rx_Disable
 .text.UART_IntClock_Start
                0x000017a0       0x34 .\CortexM3\ARM_GCC_541\Debug\HydroponicAutomationSensorPerf.a(UART_IntClock.o)
                0x000017a0                UART_IntClock_Start
 .text.CyHalt   0x000017d4       0x18 .\CortexM3\ARM_GCC_541\Debug\HydroponicAutomationSensorPerf.a(CyLib.o)
                0x000017d4                CyHalt
 .text.CyDelayUs
                0x000017ec       0x28 .\CortexM3\ARM_GCC_541\Debug\HydroponicAutomationSensorPerf.a(CyLib.o)
                0x000017ec                CyDelayUs
 .text.CyIntSetVector
                0x00001814       0x50 .\CortexM3\ARM_GCC_541\Debug\HydroponicAutomationSensorPerf.a(CyLib.o)
                0x00001814                CyIntSetVector
 .text.CyIntSetPriority
                0x00001864       0x48 .\CortexM3\ARM_GCC_541\Debug\HydroponicAutomationSensorPerf.a(CyLib.o)
                0x00001864                CyIntSetPriority
 .text.pHADC_Start
                0x000018ac       0x24 .\CortexM3\ARM_GCC_541\Debug\HydroponicAutomationSensorPerf.a(pHADC.o)
                0x000018ac                pHADC_Start
 .text.pHADC_Init
                0x000018d0       0x48 .\CortexM3\ARM_GCC_541\Debug\HydroponicAutomationSensorPerf.a(pHADC.o)
                0x000018d0                pHADC_Init
 .text.pHADC_Enable
                0x00001918       0xf4 .\CortexM3\ARM_GCC_541\Debug\HydroponicAutomationSensorPerf.a(pHADC.o)
                0x00001918                pHADC_Enable
 .text.pHADC_SetResolution
                0x00001a0c       0x54 .\CortexM3\ARM_GCC_541\Debug\HydroponicAutomationSensorPerf.a(pHADC.o)
                0x00001a0c                pHADC_SetResolution
 .text.pHADC_StartConvert
                0x00001a60       0x20 .\CortexM3\ARM_GCC_541\Debug\HydroponicAutomationSensorPerf.a(pHADC.o)
                0x00001a60                pHADC_StartConvert
 .text.pHADC_IsEndConversion
                0x00001a80       0x40 .\CortexM3\ARM_GCC_541\Debug\HydroponicAutomationSensorPerf.a(pHADC.o)
                0x00001a80                pHADC_IsEndConversion
 .text.pHADC_GetResult16
                0x00001ac0       0x30 .\CortexM3\ARM_GCC_541\Debug\HydroponicAutomationSensorPerf.a(pHADC.o)
                0x00001ac0                pHADC_GetResult16
 .text.pHADC_CalcGain
                0x00001af0       0x80 .\CortexM3\ARM_GCC_541\Debug\HydroponicAutomationSensorPerf.a(pHADC.o)
 .text.pHADC_ISR
                0x00001b70        0xc .\CortexM3\ARM_GCC_541\Debug\HydroponicAutomationSensorPerf.a(pHADC_INT.o)
                0x00001b70                pHADC_ISR
 .text.pHADC_theACLK_SetModeRegister
                0x00001b7c       0x34 .\CortexM3\ARM_GCC_541\Debug\HydroponicAutomationSensorPerf.a(pHADC_theACLK.o)
                0x00001b7c                pHADC_theACLK_SetModeRegister
 .text.pHSampleTimer_Init
                0x00001bb0       0x4c .\CortexM3\ARM_GCC_541\Debug\HydroponicAutomationSensorPerf.a(pHSampleTimer.o)
                0x00001bb0                pHSampleTimer_Init
 .text.pHSampleTimer_Enable
                0x00001bfc       0x20 .\CortexM3\ARM_GCC_541\Debug\HydroponicAutomationSensorPerf.a(pHSampleTimer.o)
                0x00001bfc                pHSampleTimer_Enable
 .text.pHSampleTimer_Start
                0x00001c1c       0x24 .\CortexM3\ARM_GCC_541\Debug\HydroponicAutomationSensorPerf.a(pHSampleTimer.o)
                0x00001c1c                pHSampleTimer_Start
 .text.pHSampleTimer_SetInterruptMode
                0x00001c40       0x20 .\CortexM3\ARM_GCC_541\Debug\HydroponicAutomationSensorPerf.a(pHSampleTimer.o)
                0x00001c40                pHSampleTimer_SetInterruptMode
 .text.pHSampleTimer_ReadStatusRegister
                0x00001c60       0x18 .\CortexM3\ARM_GCC_541\Debug\HydroponicAutomationSensorPerf.a(pHSampleTimer.o)
                0x00001c60                pHSampleTimer_ReadStatusRegister
 .text.pHSampleTimer_WritePeriod
                0x00001c78       0x20 .\CortexM3\ARM_GCC_541\Debug\HydroponicAutomationSensorPerf.a(pHSampleTimer.o)
                0x00001c78                pHSampleTimer_WritePeriod
 .text.pHSampleTimer_ReadCapture
                0x00001c98       0x18 .\CortexM3\ARM_GCC_541\Debug\HydroponicAutomationSensorPerf.a(pHSampleTimer.o)
                0x00001c98                pHSampleTimer_ReadCapture
 .text.pHSampleTimer_WriteCounter
                0x00001cb0       0x20 .\CortexM3\ARM_GCC_541\Debug\HydroponicAutomationSensorPerf.a(pHSampleTimer.o)
                0x00001cb0                pHSampleTimer_WriteCounter
 .text.pHSampleTimer_ClearFIFO
                0x00001cd0       0x1c .\CortexM3\ARM_GCC_541\Debug\HydroponicAutomationSensorPerf.a(pHSampleTimer.o)
                0x00001cd0                pHSampleTimer_ClearFIFO
 .text.pHSampleTimerISR_StartEx
                0x00001cec       0x24 .\CortexM3\ARM_GCC_541\Debug\HydroponicAutomationSensorPerf.a(pHSampleTimerISR.o)
                0x00001cec                pHSampleTimerISR_StartEx
 .text.pHSampleTimerISR_SetVector
                0x00001d10       0x24 .\CortexM3\ARM_GCC_541\Debug\HydroponicAutomationSensorPerf.a(pHSampleTimerISR.o)
                0x00001d10                pHSampleTimerISR_SetVector
 .text.pHSampleTimerISR_SetPriority
                0x00001d34       0x24 .\CortexM3\ARM_GCC_541\Debug\HydroponicAutomationSensorPerf.a(pHSampleTimerISR.o)
                0x00001d34                pHSampleTimerISR_SetPriority
 .text.pHSampleTimerISR_Enable
                0x00001d58       0x18 .\CortexM3\ARM_GCC_541\Debug\HydroponicAutomationSensorPerf.a(pHSampleTimerISR.o)
                0x00001d58                pHSampleTimerISR_Enable
 .text.pHSampleTimerISR_Disable
                0x00001d70       0x18 .\CortexM3\ARM_GCC_541\Debug\HydroponicAutomationSensorPerf.a(pHSampleTimerISR.o)
                0x00001d70                pHSampleTimerISR_Disable
 .text.pHSampleTimerISR_ClearPending
                0x00001d88       0x18 .\CortexM3\ARM_GCC_541\Debug\HydroponicAutomationSensorPerf.a(pHSampleTimerISR.o)
                0x00001d88                pHSampleTimerISR_ClearPending
 .text.PingSensorTrigCounter_Init
                0x00001da0       0xac .\CortexM3\ARM_GCC_541\Debug\HydroponicAutomationSensorPerf.a(PingSensorTrigCounter.o)
                0x00001da0                PingSensorTrigCounter_Init
 .text.PingSensorTrigCounter_Enable
                0x00001e4c       0x48 .\CortexM3\ARM_GCC_541\Debug\HydroponicAutomationSensorPerf.a(PingSensorTrigCounter.o)
                0x00001e4c                PingSensorTrigCounter_Enable
 .text.PingSensorTrigCounter_Start
                0x00001e94       0x24 .\CortexM3\ARM_GCC_541\Debug\HydroponicAutomationSensorPerf.a(PingSensorTrigCounter.o)
                0x00001e94                PingSensorTrigCounter_Start
 .text.PingSensorTrigCounter_SetInterruptMode
                0x00001eb8       0x20 .\CortexM3\ARM_GCC_541\Debug\HydroponicAutomationSensorPerf.a(PingSensorTrigCounter.o)
                0x00001eb8                PingSensorTrigCounter_SetInterruptMode
 .text.PingSensorTrigCounter_WriteCounter
                0x00001ed8       0x58 .\CortexM3\ARM_GCC_541\Debug\HydroponicAutomationSensorPerf.a(PingSensorTrigCounter.o)
                0x00001ed8                PingSensorTrigCounter_WriteCounter
 .text.PingSensorTrigCounter_WritePeriod
                0x00001f30       0x20 .\CortexM3\ARM_GCC_541\Debug\HydroponicAutomationSensorPerf.a(PingSensorTrigCounter.o)
                0x00001f30                PingSensorTrigCounter_WritePeriod
 .text.PingSensorControl_Write
                0x00001f50       0x20 .\CortexM3\ARM_GCC_541\Debug\HydroponicAutomationSensorPerf.a(PingSensorControl.o)
                0x00001f50                PingSensorControl_Write
 .text.PingSensorEchoTimer_Init
                0x00001f70       0x4c .\CortexM3\ARM_GCC_541\Debug\HydroponicAutomationSensorPerf.a(PingSensorEchoTimer.o)
                0x00001f70                PingSensorEchoTimer_Init
 .text.PingSensorEchoTimer_Enable
                0x00001fbc       0x20 .\CortexM3\ARM_GCC_541\Debug\HydroponicAutomationSensorPerf.a(PingSensorEchoTimer.o)
                0x00001fbc                PingSensorEchoTimer_Enable
 .text.PingSensorEchoTimer_Start
                0x00001fdc       0x24 .\CortexM3\ARM_GCC_541\Debug\HydroponicAutomationSensorPerf.a(PingSensorEchoTimer.o)
                0x00001fdc                PingSensorEchoTimer_Start
 .text.PingSensorEchoTimer_SetInterruptMode
                0x00002000       0x20 .\CortexM3\ARM_GCC_541\Debug\HydroponicAutomationSensorPerf.a(PingSensorEchoTimer.o)
                0x00002000                PingSensorEchoTimer_SetInterruptMode
 .text.PingSensorEchoTimer_ReadStatusRegister
                0x00002020       0x18 .\CortexM3\ARM_GCC_541\Debug\HydroponicAutomationSensorPerf.a(PingSensorEchoTimer.o)
                0x00002020                PingSensorEchoTimer_ReadStatusRegister
 .text.PingSensorEchoTimer_WritePeriod
                0x00002038       0x20 .\CortexM3\ARM_GCC_541\Debug\HydroponicAutomationSensorPerf.a(PingSensorEchoTimer.o)
                0x00002038                PingSensorEchoTimer_WritePeriod
 .text.PingSensorEchoTimer_ReadCapture
                0x00002058       0x18 .\CortexM3\ARM_GCC_541\Debug\HydroponicAutomationSensorPerf.a(PingSensorEchoTimer.o)
                0x00002058                PingSensorEchoTimer_ReadCapture
 .text.PingSensorEchoTimer_WriteCounter
                0x00002070       0x20 .\CortexM3\ARM_GCC_541\Debug\HydroponicAutomationSensorPerf.a(PingSensorEchoTimer.o)
                0x00002070                PingSensorEchoTimer_WriteCounter
 .text.PingSensorEchoTimer_ClearFIFO
                0x00002090       0x1c .\CortexM3\ARM_GCC_541\Debug\HydroponicAutomationSensorPerf.a(PingSensorEchoTimer.o)
                0x00002090                PingSensorEchoTimer_ClearFIFO
 .text.PingSensorEchoISR_StartEx
                0x000020ac       0x24 .\CortexM3\ARM_GCC_541\Debug\HydroponicAutomationSensorPerf.a(PingSensorEchoISR.o)
                0x000020ac                PingSensorEchoISR_StartEx
 .text.PingSensorEchoISR_SetVector
                0x000020d0       0x24 .\CortexM3\ARM_GCC_541\Debug\HydroponicAutomationSensorPerf.a(PingSensorEchoISR.o)
                0x000020d0                PingSensorEchoISR_SetVector
 .text.PingSensorEchoISR_SetPriority
                0x000020f4       0x24 .\CortexM3\ARM_GCC_541\Debug\HydroponicAutomationSensorPerf.a(PingSensorEchoISR.o)
                0x000020f4                PingSensorEchoISR_SetPriority
 .text.PingSensorEchoISR_Enable
                0x00002118       0x18 .\CortexM3\ARM_GCC_541\Debug\HydroponicAutomationSensorPerf.a(PingSensorEchoISR.o)
                0x00002118                PingSensorEchoISR_Enable
 .text.PingSensorEchoISR_Disable
                0x00002130       0x18 .\CortexM3\ARM_GCC_541\Debug\HydroponicAutomationSensorPerf.a(PingSensorEchoISR.o)
                0x00002130                PingSensorEchoISR_Disable
 .text.PingSensorEchoISR_ClearPending
                0x00002148       0x18 .\CortexM3\ARM_GCC_541\Debug\HydroponicAutomationSensorPerf.a(PingSensorEchoISR.o)
                0x00002148                PingSensorEchoISR_ClearPending
 .text.LevelSelect_Write
                0x00002160       0x20 .\CortexM3\ARM_GCC_541\Debug\HydroponicAutomationSensorPerf.a(LevelSelect.o)
                0x00002160                LevelSelect_Write
 .text.FreeRunningTimer_Init
                0x00002180       0x4c .\CortexM3\ARM_GCC_541\Debug\HydroponicAutomationSensorPerf.a(FreeRunningTimer.o)
                0x00002180                FreeRunningTimer_Init
 .text.FreeRunningTimer_Enable
                0x000021cc       0x20 .\CortexM3\ARM_GCC_541\Debug\HydroponicAutomationSensorPerf.a(FreeRunningTimer.o)
                0x000021cc                FreeRunningTimer_Enable
 .text.FreeRunningTimer_Start
                0x000021ec       0x24 .\CortexM3\ARM_GCC_541\Debug\HydroponicAutomationSensorPerf.a(FreeRunningTimer.o)
                0x000021ec                FreeRunningTimer_Start
 .text.FreeRunningTimer_SetInterruptMode
                0x00002210       0x20 .\CortexM3\ARM_GCC_541\Debug\HydroponicAutomationSensorPerf.a(FreeRunningTimer.o)
                0x00002210                FreeRunningTimer_SetInterruptMode
 .text.FreeRunningTimer_ReadStatusRegister
                0x00002230       0x18 .\CortexM3\ARM_GCC_541\Debug\HydroponicAutomationSensorPerf.a(FreeRunningTimer.o)
                0x00002230                FreeRunningTimer_ReadStatusRegister
 .text.FreeRunningTimer_WritePeriod
                0x00002248       0x1c .\CortexM3\ARM_GCC_541\Debug\HydroponicAutomationSensorPerf.a(FreeRunningTimer.o)
                0x00002248                FreeRunningTimer_WritePeriod
 .text.FreeRunningTimer_ReadCapture
                0x00002264       0x14 .\CortexM3\ARM_GCC_541\Debug\HydroponicAutomationSensorPerf.a(FreeRunningTimer.o)
                0x00002264                FreeRunningTimer_ReadCapture
 .text.FreeRunningTimer_WriteCounter
                0x00002278       0x1c .\CortexM3\ARM_GCC_541\Debug\HydroponicAutomationSensorPerf.a(FreeRunningTimer.o)
                0x00002278                FreeRunningTimer_WriteCounter
 .text.FreeRunningTimer_ReadCounter
                0x00002294       0x1c .\CortexM3\ARM_GCC_541\Debug\HydroponicAutomationSensorPerf.a(FreeRunningTimer.o)
                0x00002294                FreeRunningTimer_ReadCounter
 .text.FreeRunningTimer_ClearFIFO
                0x000022b0       0x1c .\CortexM3\ARM_GCC_541\Debug\HydroponicAutomationSensorPerf.a(FreeRunningTimer.o)
                0x000022b0                FreeRunningTimer_ClearFIFO
 .text.PingSensorTrigISR_StartEx
                0x000022cc       0x24 .\CortexM3\ARM_GCC_541\Debug\HydroponicAutomationSensorPerf.a(PingSensorTrigISR.o)
                0x000022cc                PingSensorTrigISR_StartEx
 .text.PingSensorTrigISR_SetVector
                0x000022f0       0x24 .\CortexM3\ARM_GCC_541\Debug\HydroponicAutomationSensorPerf.a(PingSensorTrigISR.o)
                0x000022f0                PingSensorTrigISR_SetVector
 .text.PingSensorTrigISR_SetPriority
                0x00002314       0x24 .\CortexM3\ARM_GCC_541\Debug\HydroponicAutomationSensorPerf.a(PingSensorTrigISR.o)
                0x00002314                PingSensorTrigISR_SetPriority
 .text.PingSensorTrigISR_Enable
                0x00002338       0x18 .\CortexM3\ARM_GCC_541\Debug\HydroponicAutomationSensorPerf.a(PingSensorTrigISR.o)
                0x00002338                PingSensorTrigISR_Enable
 .text.PingSensorTrigISR_Disable
                0x00002350       0x18 .\CortexM3\ARM_GCC_541\Debug\HydroponicAutomationSensorPerf.a(PingSensorTrigISR.o)
                0x00002350                PingSensorTrigISR_Disable
 .text.PingSensorTrigISR_ClearPending
                0x00002368       0x18 .\CortexM3\ARM_GCC_541\Debug\HydroponicAutomationSensorPerf.a(PingSensorTrigISR.o)
                0x00002368                PingSensorTrigISR_ClearPending
 .text.PingSensorTrigControl_Write
                0x00002380       0x20 .\CortexM3\ARM_GCC_541\Debug\HydroponicAutomationSensorPerf.a(PingSensorTrigControl.o)
                0x00002380                PingSensorTrigControl_Write
 .text.SensorDataComTimer_Init
                0x000023a0       0x4c .\CortexM3\ARM_GCC_541\Debug\HydroponicAutomationSensorPerf.a(SensorDataComTimer.o)
                0x000023a0                SensorDataComTimer_Init
 .text.SensorDataComTimer_Enable
                0x000023ec       0x20 .\CortexM3\ARM_GCC_541\Debug\HydroponicAutomationSensorPerf.a(SensorDataComTimer.o)
                0x000023ec                SensorDataComTimer_Enable
 .text.SensorDataComTimer_Start
                0x0000240c       0x24 .\CortexM3\ARM_GCC_541\Debug\HydroponicAutomationSensorPerf.a(SensorDataComTimer.o)
                0x0000240c                SensorDataComTimer_Start
 .text.SensorDataComTimer_SetInterruptMode
                0x00002430       0x20 .\CortexM3\ARM_GCC_541\Debug\HydroponicAutomationSensorPerf.a(SensorDataComTimer.o)
                0x00002430                SensorDataComTimer_SetInterruptMode
 .text.SensorDataComTimer_ReadStatusRegister
                0x00002450       0x18 .\CortexM3\ARM_GCC_541\Debug\HydroponicAutomationSensorPerf.a(SensorDataComTimer.o)
                0x00002450                SensorDataComTimer_ReadStatusRegister
 .text.SensorDataComTimer_WritePeriod
                0x00002468       0x1c .\CortexM3\ARM_GCC_541\Debug\HydroponicAutomationSensorPerf.a(SensorDataComTimer.o)
                0x00002468                SensorDataComTimer_WritePeriod
 .text.SensorDataComTimer_ReadCapture
                0x00002484       0x18 .\CortexM3\ARM_GCC_541\Debug\HydroponicAutomationSensorPerf.a(SensorDataComTimer.o)
                0x00002484                SensorDataComTimer_ReadCapture
 .text.SensorDataComTimer_WriteCounter
                0x0000249c       0x1c .\CortexM3\ARM_GCC_541\Debug\HydroponicAutomationSensorPerf.a(SensorDataComTimer.o)
                0x0000249c                SensorDataComTimer_WriteCounter
 .text.SensorDataComTimer_ClearFIFO
                0x000024b8       0x1c .\CortexM3\ARM_GCC_541\Debug\HydroponicAutomationSensorPerf.a(SensorDataComTimer.o)
                0x000024b8                SensorDataComTimer_ClearFIFO
 .text.SensorDataComISR_StartEx
                0x000024d4       0x24 .\CortexM3\ARM_GCC_541\Debug\HydroponicAutomationSensorPerf.a(SensorDataComISR.o)
                0x000024d4                SensorDataComISR_StartEx
 .text.SensorDataComISR_SetVector
                0x000024f8       0x24 .\CortexM3\ARM_GCC_541\Debug\HydroponicAutomationSensorPerf.a(SensorDataComISR.o)
                0x000024f8                SensorDataComISR_SetVector
 .text.SensorDataComISR_SetPriority
                0x0000251c       0x24 .\CortexM3\ARM_GCC_541\Debug\HydroponicAutomationSensorPerf.a(SensorDataComISR.o)
                0x0000251c                SensorDataComISR_SetPriority
 .text.SensorDataComISR_Enable
                0x00002540       0x18 .\CortexM3\ARM_GCC_541\Debug\HydroponicAutomationSensorPerf.a(SensorDataComISR.o)
                0x00002540                SensorDataComISR_Enable
 .text.SensorDataComISR_Disable
                0x00002558       0x18 .\CortexM3\ARM_GCC_541\Debug\HydroponicAutomationSensorPerf.a(SensorDataComISR.o)
                0x00002558                SensorDataComISR_Disable
 .text.SensorDataComISR_ClearPending
                0x00002570       0x18 .\CortexM3\ARM_GCC_541\Debug\HydroponicAutomationSensorPerf.a(SensorDataComISR.o)
                0x00002570                SensorDataComISR_ClearPending
 .text.SensorComTxUART_Start
                0x00002588       0x24 .\CortexM3\ARM_GCC_541\Debug\HydroponicAutomationSensorPerf.a(SensorComTxUART.o)
                0x00002588                SensorComTxUART_Start
 .text.SensorComTxUART_Init
                0x000025ac       0x2c .\CortexM3\ARM_GCC_541\Debug\HydroponicAutomationSensorPerf.a(SensorComTxUART.o)
                0x000025ac                SensorComTxUART_Init
 .text.SensorComTxUART_Enable
                0x000025d8       0x38 .\CortexM3\ARM_GCC_541\Debug\HydroponicAutomationSensorPerf.a(SensorComTxUART.o)
                0x000025d8                SensorComTxUART_Enable
 .text.SensorComTxUART_PutChar
                0x00002610       0x34 .\CortexM3\ARM_GCC_541\Debug\HydroponicAutomationSensorPerf.a(SensorComTxUART.o)
                0x00002610                SensorComTxUART_PutChar
 .text.SensorComTxUART_PutString
                0x00002644       0x44 .\CortexM3\ARM_GCC_541\Debug\HydroponicAutomationSensorPerf.a(SensorComTxUART.o)
                0x00002644                SensorComTxUART_PutString
 .text.SensorComTxUART_IntClock_Start
                0x00002688       0x34 .\CortexM3\ARM_GCC_541\Debug\HydroponicAutomationSensorPerf.a(SensorComTxUART_IntClock.o)
                0x00002688                SensorComTxUART_IntClock_Start
 .text.PingSensorSampleTimer_Init
                0x000026bc       0x4c .\CortexM3\ARM_GCC_541\Debug\HydroponicAutomationSensorPerf.a(PingSensorSampleTimer.o)
                0x000026bc                PingSensorSampleTimer_Init
 .text.PingSensorSampleTimer_Enable
                0x00002708       0x20 .\CortexM3\ARM_GCC_541\Debug\HydroponicAutomationSensorPerf.a(PingSensorSampleTimer.o)
                0x00002708                PingSensorSampleTimer_Enable
 .text.PingSensorSampleTimer_Start
                0x00002728       0x24 .\CortexM3\ARM_GCC_541\Debug\HydroponicAutomationSensorPerf.a(PingSensorSampleTimer.o)
                0x00002728                PingSensorSampleTimer_Start
 .text.PingSensorSampleTimer_SetInterruptMode
                0x0000274c       0x20 .\CortexM3\ARM_GCC_541\Debug\HydroponicAutomationSensorPerf.a(PingSensorSampleTimer.o)
                0x0000274c                PingSensorSampleTimer_SetInterruptMode
 .text.PingSensorSampleTimer_ReadStatusRegister
                0x0000276c       0x18 .\CortexM3\ARM_GCC_541\Debug\HydroponicAutomationSensorPerf.a(PingSensorSampleTimer.o)
                0x0000276c                PingSensorSampleTimer_ReadStatusRegister
 .text.PingSensorSampleTimer_WritePeriod
                0x00002784       0x1c .\CortexM3\ARM_GCC_541\Debug\HydroponicAutomationSensorPerf.a(PingSensorSampleTimer.o)
                0x00002784                PingSensorSampleTimer_WritePeriod
 .text.PingSensorSampleTimer_ReadCapture
                0x000027a0       0x18 .\CortexM3\ARM_GCC_541\Debug\HydroponicAutomationSensorPerf.a(PingSensorSampleTimer.o)
                0x000027a0                PingSensorSampleTimer_ReadCapture
 .text.PingSensorSampleTimer_WriteCounter
                0x000027b8       0x1c .\CortexM3\ARM_GCC_541\Debug\HydroponicAutomationSensorPerf.a(PingSensorSampleTimer.o)
                0x000027b8                PingSensorSampleTimer_WriteCounter
 .text.PingSensorSampleTimer_ClearFIFO
                0x000027d4       0x1c .\CortexM3\ARM_GCC_541\Debug\HydroponicAutomationSensorPerf.a(PingSensorSampleTimer.o)
                0x000027d4                PingSensorSampleTimer_ClearFIFO
 .text.PingSensorSampleTimerISR_StartEx
                0x000027f0       0x24 .\CortexM3\ARM_GCC_541\Debug\HydroponicAutomationSensorPerf.a(PingSensorSampleTimerISR.o)
                0x000027f0                PingSensorSampleTimerISR_StartEx
 .text.PingSensorSampleTimerISR_SetVector
                0x00002814       0x24 .\CortexM3\ARM_GCC_541\Debug\HydroponicAutomationSensorPerf.a(PingSensorSampleTimerISR.o)
                0x00002814                PingSensorSampleTimerISR_SetVector
 .text.PingSensorSampleTimerISR_SetPriority
                0x00002838       0x24 .\CortexM3\ARM_GCC_541\Debug\HydroponicAutomationSensorPerf.a(PingSensorSampleTimerISR.o)
                0x00002838                PingSensorSampleTimerISR_SetPriority
 .text.PingSensorSampleTimerISR_Enable
                0x0000285c       0x18 .\CortexM3\ARM_GCC_541\Debug\HydroponicAutomationSensorPerf.a(PingSensorSampleTimerISR.o)
                0x0000285c                PingSensorSampleTimerISR_Enable
 .text.PingSensorSampleTimerISR_Disable
                0x00002874       0x18 .\CortexM3\ARM_GCC_541\Debug\HydroponicAutomationSensorPerf.a(PingSensorSampleTimerISR.o)
                0x00002874                PingSensorSampleTimerISR_Disable
 .text.PingSensorSampleTimerISR_ClearPending
                0x0000288c       0x18 .\CortexM3\ARM_GCC_541\Debug\HydroponicAutomationSensorPerf.a(PingSensorSampleTimerISR.o)
                0x0000288c                PingSensorSampleTimerISR_ClearPending
 .text.FlowSenseCaptureISR_StartEx
                0x000028a4       0x24 .\CortexM3\ARM_GCC_541\Debug\HydroponicAutomationSensorPerf.a(FlowSenseCaptureISR.o)
                0x000028a4                FlowSenseCaptureISR_StartEx
 .text.FlowSenseCaptureISR_SetVector
                0x000028c8       0x24 .\CortexM3\ARM_GCC_541\Debug\HydroponicAutomationSensorPerf.a(FlowSenseCaptureISR.o)
                0x000028c8                FlowSenseCaptureISR_SetVector
 .text.FlowSenseCaptureISR_SetPriority
                0x000028ec       0x24 .\CortexM3\ARM_GCC_541\Debug\HydroponicAutomationSensorPerf.a(FlowSenseCaptureISR.o)
                0x000028ec                FlowSenseCaptureISR_SetPriority
 .text.FlowSenseCaptureISR_Enable
                0x00002910       0x18 .\CortexM3\ARM_GCC_541\Debug\HydroponicAutomationSensorPerf.a(FlowSenseCaptureISR.o)
                0x00002910                FlowSenseCaptureISR_Enable
 .text.FlowSenseCaptureISR_Disable
                0x00002928       0x18 .\CortexM3\ARM_GCC_541\Debug\HydroponicAutomationSensorPerf.a(FlowSenseCaptureISR.o)
                0x00002928                FlowSenseCaptureISR_Disable
 .text.FlowSenseCaptureISR_ClearPending
                0x00002940       0x18 .\CortexM3\ARM_GCC_541\Debug\HydroponicAutomationSensorPerf.a(FlowSenseCaptureISR.o)
                0x00002940                FlowSenseCaptureISR_ClearPending
 .text.FlowSenseTimeOutISR_StartEx
                0x00002958       0x24 .\CortexM3\ARM_GCC_541\Debug\HydroponicAutomationSensorPerf.a(FlowSenseTimeOutISR.o)
                0x00002958                FlowSenseTimeOutISR_StartEx
 .text.FlowSenseTimeOutISR_SetVector
                0x0000297c       0x24 .\CortexM3\ARM_GCC_541\Debug\HydroponicAutomationSensorPerf.a(FlowSenseTimeOutISR.o)
                0x0000297c                FlowSenseTimeOutISR_SetVector
 .text.FlowSenseTimeOutISR_SetPriority
                0x000029a0       0x24 .\CortexM3\ARM_GCC_541\Debug\HydroponicAutomationSensorPerf.a(FlowSenseTimeOutISR.o)
                0x000029a0                FlowSenseTimeOutISR_SetPriority
 .text.FlowSenseTimeOutISR_Enable
                0x000029c4       0x18 .\CortexM3\ARM_GCC_541\Debug\HydroponicAutomationSensorPerf.a(FlowSenseTimeOutISR.o)
                0x000029c4                FlowSenseTimeOutISR_Enable
 .text.FlowSenseTimeOutISR_Disable
                0x000029dc       0x18 .\CortexM3\ARM_GCC_541\Debug\HydroponicAutomationSensorPerf.a(FlowSenseTimeOutISR.o)
                0x000029dc                FlowSenseTimeOutISR_Disable
 .text.FlowSenseTimeOutISR_ClearPending
                0x000029f4       0x18 .\CortexM3\ARM_GCC_541\Debug\HydroponicAutomationSensorPerf.a(FlowSenseTimeOutISR.o)
                0x000029f4                FlowSenseTimeOutISR_ClearPending
 .text.FlowSenseTimeOutTimer_Init
                0x00002a0c       0x4c .\CortexM3\ARM_GCC_541\Debug\HydroponicAutomationSensorPerf.a(FlowSenseTimeOutTimer.o)
                0x00002a0c                FlowSenseTimeOutTimer_Init
 .text.FlowSenseTimeOutTimer_Enable
                0x00002a58       0x20 .\CortexM3\ARM_GCC_541\Debug\HydroponicAutomationSensorPerf.a(FlowSenseTimeOutTimer.o)
                0x00002a58                FlowSenseTimeOutTimer_Enable
 .text.FlowSenseTimeOutTimer_Start
                0x00002a78       0x24 .\CortexM3\ARM_GCC_541\Debug\HydroponicAutomationSensorPerf.a(FlowSenseTimeOutTimer.o)
                0x00002a78                FlowSenseTimeOutTimer_Start
 .text.FlowSenseTimeOutTimer_SetInterruptMode
                0x00002a9c       0x20 .\CortexM3\ARM_GCC_541\Debug\HydroponicAutomationSensorPerf.a(FlowSenseTimeOutTimer.o)
                0x00002a9c                FlowSenseTimeOutTimer_SetInterruptMode
 .text.FlowSenseTimeOutTimer_ReadStatusRegister
                0x00002abc       0x18 .\CortexM3\ARM_GCC_541\Debug\HydroponicAutomationSensorPerf.a(FlowSenseTimeOutTimer.o)
                0x00002abc                FlowSenseTimeOutTimer_ReadStatusRegister
 .text.FlowSenseTimeOutTimer_WritePeriod
                0x00002ad4       0x1c .\CortexM3\ARM_GCC_541\Debug\HydroponicAutomationSensorPerf.a(FlowSenseTimeOutTimer.o)
                0x00002ad4                FlowSenseTimeOutTimer_WritePeriod
 .text.FlowSenseTimeOutTimer_ReadCapture
                0x00002af0       0x18 .\CortexM3\ARM_GCC_541\Debug\HydroponicAutomationSensorPerf.a(FlowSenseTimeOutTimer.o)
                0x00002af0                FlowSenseTimeOutTimer_ReadCapture
 .text.FlowSenseTimeOutTimer_WriteCounter
                0x00002b08       0x1c .\CortexM3\ARM_GCC_541\Debug\HydroponicAutomationSensorPerf.a(FlowSenseTimeOutTimer.o)
                0x00002b08                FlowSenseTimeOutTimer_WriteCounter
 .text.FlowSenseTimeOutTimer_ClearFIFO
                0x00002b24       0x1c .\CortexM3\ARM_GCC_541\Debug\HydroponicAutomationSensorPerf.a(FlowSenseTimeOutTimer.o)
                0x00002b24                FlowSenseTimeOutTimer_ClearFIFO
 .text.ECSenseUART_Start
                0x00002b40       0x24 .\CortexM3\ARM_GCC_541\Debug\HydroponicAutomationSensorPerf.a(ECSenseUART.o)
                0x00002b40                ECSenseUART_Start
 .text.ECSenseUART_Init
                0x00002b64       0x20 .\CortexM3\ARM_GCC_541\Debug\HydroponicAutomationSensorPerf.a(ECSenseUART.o)
                0x00002b64                ECSenseUART_Init
 .text.ECSenseUART_Enable
                0x00002b84       0x4c .\CortexM3\ARM_GCC_541\Debug\HydroponicAutomationSensorPerf.a(ECSenseUART.o)
                0x00002b84                ECSenseUART_Enable
 .text.ECSenseUART_Stop
                0x00002bd0       0x4c .\CortexM3\ARM_GCC_541\Debug\HydroponicAutomationSensorPerf.a(ECSenseUART.o)
                0x00002bd0                ECSenseUART_Stop
 .text.ECSenseUART_ReadRxStatus
                0x00002c1c       0x24 .\CortexM3\ARM_GCC_541\Debug\HydroponicAutomationSensorPerf.a(ECSenseUART.o)
                0x00002c1c                ECSenseUART_ReadRxStatus
 .text.ECSenseUART_GetChar
                0x00002c40       0x44 .\CortexM3\ARM_GCC_541\Debug\HydroponicAutomationSensorPerf.a(ECSenseUART.o)
                0x00002c40                ECSenseUART_GetChar
 .text.ECSenseUART_ClearRxBuffer
                0x00002c84       0x44 .\CortexM3\ARM_GCC_541\Debug\HydroponicAutomationSensorPerf.a(ECSenseUART.o)
                0x00002c84                ECSenseUART_ClearRxBuffer
 .text.ECSenseUART_IntClock_Start
                0x00002cc8       0x34 .\CortexM3\ARM_GCC_541\Debug\HydroponicAutomationSensorPerf.a(ECSenseUART_IntClock.o)
                0x00002cc8                ECSenseUART_IntClock_Start
 .text.ECSenseUART_IntClock_Stop
                0x00002cfc       0x34 .\CortexM3\ARM_GCC_541\Debug\HydroponicAutomationSensorPerf.a(ECSenseUART_IntClock.o)
                0x00002cfc                ECSenseUART_IntClock_Stop
 .text.ECSenseDataRxISR_StartEx
                0x00002d30       0x24 .\CortexM3\ARM_GCC_541\Debug\HydroponicAutomationSensorPerf.a(ECSenseDataRxISR.o)
                0x00002d30                ECSenseDataRxISR_StartEx
 .text.ECSenseDataRxISR_SetVector
                0x00002d54       0x24 .\CortexM3\ARM_GCC_541\Debug\HydroponicAutomationSensorPerf.a(ECSenseDataRxISR.o)
                0x00002d54                ECSenseDataRxISR_SetVector
 .text.ECSenseDataRxISR_SetPriority
                0x00002d78       0x24 .\CortexM3\ARM_GCC_541\Debug\HydroponicAutomationSensorPerf.a(ECSenseDataRxISR.o)
                0x00002d78                ECSenseDataRxISR_SetPriority
 .text.ECSenseDataRxISR_Enable
                0x00002d9c       0x18 .\CortexM3\ARM_GCC_541\Debug\HydroponicAutomationSensorPerf.a(ECSenseDataRxISR.o)
                0x00002d9c                ECSenseDataRxISR_Enable
 .text.ECSenseDataRxISR_Disable
                0x00002db4       0x18 .\CortexM3\ARM_GCC_541\Debug\HydroponicAutomationSensorPerf.a(ECSenseDataRxISR.o)
                0x00002db4                ECSenseDataRxISR_Disable
 .text.ECSenseDataRxISR_ClearPending
                0x00002dcc       0x18 .\CortexM3\ARM_GCC_541\Debug\HydroponicAutomationSensorPerf.a(ECSenseDataRxISR.o)
                0x00002dcc                ECSenseDataRxISR_ClearPending
 .text.ECSenseControlReg_Write
                0x00002de4       0x20 .\CortexM3\ARM_GCC_541\Debug\HydroponicAutomationSensorPerf.a(ECSenseControlReg.o)
                0x00002de4                ECSenseControlReg_Write
 .text.SenseSwitchTimer_Init
                0x00002e04       0xb0 .\CortexM3\ARM_GCC_541\Debug\HydroponicAutomationSensorPerf.a(SenseSwitchTimer.o)
                0x00002e04                SenseSwitchTimer_Init
 .text.SenseSwitchTimer_Enable
                0x00002eb4       0x48 .\CortexM3\ARM_GCC_541\Debug\HydroponicAutomationSensorPerf.a(SenseSwitchTimer.o)
                0x00002eb4                SenseSwitchTimer_Enable
 .text.SenseSwitchTimer_Start
                0x00002efc       0x24 .\CortexM3\ARM_GCC_541\Debug\HydroponicAutomationSensorPerf.a(SenseSwitchTimer.o)
                0x00002efc                SenseSwitchTimer_Start
 .text.SenseSwitchTimer_Stop
                0x00002f20       0x48 .\CortexM3\ARM_GCC_541\Debug\HydroponicAutomationSensorPerf.a(SenseSwitchTimer.o)
                0x00002f20                SenseSwitchTimer_Stop
 .text.SenseSwitchTimer_SetInterruptMode
                0x00002f68       0x20 .\CortexM3\ARM_GCC_541\Debug\HydroponicAutomationSensorPerf.a(SenseSwitchTimer.o)
                0x00002f68                SenseSwitchTimer_SetInterruptMode
 .text.SenseSwitchTimer_WritePeriod
                0x00002f88       0x24 .\CortexM3\ARM_GCC_541\Debug\HydroponicAutomationSensorPerf.a(SenseSwitchTimer.o)
                0x00002f88                SenseSwitchTimer_WritePeriod
 .text.SenseSwitchTimer_WriteCounter
                0x00002fac       0x20 .\CortexM3\ARM_GCC_541\Debug\HydroponicAutomationSensorPerf.a(SenseSwitchTimer.o)
                0x00002fac                SenseSwitchTimer_WriteCounter
 .text.SenseSwitchTimerISR_StartEx
                0x00002fcc       0x24 .\CortexM3\ARM_GCC_541\Debug\HydroponicAutomationSensorPerf.a(SenseSwitchTimerISR.o)
                0x00002fcc                SenseSwitchTimerISR_StartEx
 .text.SenseSwitchTimerISR_SetVector
                0x00002ff0       0x24 .\CortexM3\ARM_GCC_541\Debug\HydroponicAutomationSensorPerf.a(SenseSwitchTimerISR.o)
                0x00002ff0                SenseSwitchTimerISR_SetVector
 .text.SenseSwitchTimerISR_SetPriority
                0x00003014       0x24 .\CortexM3\ARM_GCC_541\Debug\HydroponicAutomationSensorPerf.a(SenseSwitchTimerISR.o)
                0x00003014                SenseSwitchTimerISR_SetPriority
 .text.SenseSwitchTimerISR_Enable
                0x00003038       0x18 .\CortexM3\ARM_GCC_541\Debug\HydroponicAutomationSensorPerf.a(SenseSwitchTimerISR.o)
                0x00003038                SenseSwitchTimerISR_Enable
 .text.SenseSwitchTimerISR_Disable
                0x00003050       0x18 .\CortexM3\ARM_GCC_541\Debug\HydroponicAutomationSensorPerf.a(SenseSwitchTimerISR.o)
                0x00003050                SenseSwitchTimerISR_Disable
 .text.SenseSwitchTimerISR_ClearPending
                0x00003068       0x18 .\CortexM3\ARM_GCC_541\Debug\HydroponicAutomationSensorPerf.a(SenseSwitchTimerISR.o)
                0x00003068                SenseSwitchTimerISR_ClearPending
 .text          0x00003080       0x20 .\CortexM3\ARM_GCC_541\Debug\HydroponicAutomationSensorPerf.a(CyBootAsmGnu.o)
                0x00003080                CyDelayCycles
                0x00003090                CyEnterCriticalSection
                0x00003098                CyExitCriticalSection
 .text.CySetReg24
                0x000030a0       0x38 .\CortexM3\ARM_GCC_541\Debug\HydroponicAutomationSensorPerf.a(cyutils.o)
                0x000030a0                CySetReg24
 .text          0x000030d8      0x370 c:/program files (x86)/cypress/psoc creator/4.2/psoc creator/import/gnu/arm/5.4.1/bin/../lib/gcc/arm-none-eabi/5.4.1/armv7-m\libgcc.a(_arm_addsubdf3.o)
                0x000030d8                __aeabi_drsub
                0x000030e0                __aeabi_dsub
                0x000030e0                __subdf3
                0x000030e4                __aeabi_dadd
                0x000030e4                __adddf3
                0x0000335c                __floatunsidf
                0x0000335c                __aeabi_ui2d
                0x0000337c                __floatsidf
                0x0000337c                __aeabi_i2d
                0x000033a0                __aeabi_f2d
                0x000033a0                __extendsfdf2
                0x000033dc                __floatundidf
                0x000033dc                __aeabi_ul2d
                0x000033ec                __floatdidf
                0x000033ec                __aeabi_l2d
 .text          0x00003448      0x424 c:/program files (x86)/cypress/psoc creator/4.2/psoc creator/import/gnu/arm/5.4.1/bin/../lib/gcc/arm-none-eabi/5.4.1/armv7-m\libgcc.a(_arm_muldivdf3.o)
                0x00003448                __aeabi_dmul
                0x00003448                __muldf3
                0x0000369c                __divdf3
                0x0000369c                __aeabi_ddiv
 .text          0x0000386c       0x40 c:/program files (x86)/cypress/psoc creator/4.2/psoc creator/import/gnu/arm/5.4.1/bin/../lib/gcc/arm-none-eabi/5.4.1/armv7-m\libgcc.a(_arm_fixunsdfsi.o)
                0x0000386c                __aeabi_d2uiz
                0x0000386c                __fixunsdfsi
 .text          0x000038ac       0xa0 c:/program files (x86)/cypress/psoc creator/4.2/psoc creator/import/gnu/arm/5.4.1/bin/../lib/gcc/arm-none-eabi/5.4.1/armv7-m\libgcc.a(_arm_truncdfsf2.o)
                0x000038ac                __truncdfsf2
                0x000038ac                __aeabi_d2f
 .text          0x0000394c      0x21c c:/program files (x86)/cypress/psoc creator/4.2/psoc creator/import/gnu/arm/5.4.1/bin/../lib/gcc/arm-none-eabi/5.4.1/armv7-m\libgcc.a(_arm_addsubsf3.o)
                0x0000394c                __aeabi_frsub
                0x00003954                __subsf3
                0x00003954                __aeabi_fsub
                0x00003958                __aeabi_fadd
                0x00003958                __addsf3
                0x00003ab8                __aeabi_ui2f
                0x00003ab8                __floatunsisf
                0x00003ac0                __aeabi_i2f
                0x00003ac0                __floatsisf
                0x00003adc                __aeabi_ul2f
                0x00003adc                __floatundisf
                0x00003aec                __aeabi_l2f
                0x00003aec                __floatdisf
 .text          0x00003b68       0x40 c:/program files (x86)/cypress/psoc creator/4.2/psoc creator/import/gnu/arm/5.4.1/bin/../lib/gcc/arm-none-eabi/5.4.1/armv7-m\libgcc.a(_arm_fixunssfsi.o)
                0x00003b68                __fixunssfsi
                0x00003b68                __aeabi_f2uiz
 .text.atof     0x00003ba8        0x6 c:/program files (x86)/cypress/psoc creator/4.2/psoc creator/import/gnu/arm/5.4.1/bin/../lib/gcc/arm-none-eabi/5.4.1/../../../../arm-none-eabi/lib/armv7-m\libg_nano.a(lib_a-atof.o)
                0x00003ba8                atof
 *fill*         0x00003bae        0x2 
 .text.__errno  0x00003bb0        0xc c:/program files (x86)/cypress/psoc creator/4.2/psoc creator/import/gnu/arm/5.4.1/bin/../lib/gcc/arm-none-eabi/5.4.1/../../../../arm-none-eabi/lib/armv7-m\libg_nano.a(lib_a-errno.o)
                0x00003bb0                __errno
 .text.__libc_init_array
                0x00003bbc       0x4c c:/program files (x86)/cypress/psoc creator/4.2/psoc creator/import/gnu/arm/5.4.1/bin/../lib/gcc/arm-none-eabi/5.4.1/../../../../arm-none-eabi/lib/armv7-m\libg_nano.a(lib_a-init.o)
                0x00003bbc                __libc_init_array
 .text.__swhatbuf_r
                0x00003c08       0x46 c:/program files (x86)/cypress/psoc creator/4.2/psoc creator/import/gnu/arm/5.4.1/bin/../lib/gcc/arm-none-eabi/5.4.1/../../../../arm-none-eabi/lib/armv7-m\libg_nano.a(lib_a-makebuf.o)
                0x00003c08                __swhatbuf_r
 *fill*         0x00003c4e        0x2 
 .text.__smakebuf_r
                0x00003c50       0x78 c:/program files (x86)/cypress/psoc creator/4.2/psoc creator/import/gnu/arm/5.4.1/bin/../lib/gcc/arm-none-eabi/5.4.1/../../../../arm-none-eabi/lib/armv7-m\libg_nano.a(lib_a-makebuf.o)
                0x00003c50                __smakebuf_r
 .text.memcpy   0x00003cc8       0x16 c:/program files (x86)/cypress/psoc creator/4.2/psoc creator/import/gnu/arm/5.4.1/bin/../lib/gcc/arm-none-eabi/5.4.1/../../../../arm-none-eabi/lib/armv7-m\libg_nano.a(lib_a-memcpy-stub.o)
                0x00003cc8                memcpy
 .text.memset   0x00003cde       0x10 c:/program files (x86)/cypress/psoc creator/4.2/psoc creator/import/gnu/arm/5.4.1/bin/../lib/gcc/arm-none-eabi/5.4.1/../../../../arm-none-eabi/lib/armv7-m\libg_nano.a(lib_a-memset.o)
                0x00003cde                memset
 *fill*         0x00003cee        0x2 
 .text._free_r  0x00003cf0       0x98 c:/program files (x86)/cypress/psoc creator/4.2/psoc creator/import/gnu/arm/5.4.1/bin/../lib/gcc/arm-none-eabi/5.4.1/../../../../arm-none-eabi/lib/armv7-m\libg_nano.a(lib_a-nano-freer.o)
                0x00003cf0                _free_r
 .text._malloc_r
                0x00003d88       0xbc c:/program files (x86)/cypress/psoc creator/4.2/psoc creator/import/gnu/arm/5.4.1/bin/../lib/gcc/arm-none-eabi/5.4.1/../../../../arm-none-eabi/lib/armv7-m\libg_nano.a(lib_a-nano-mallocr.o)
                0x00003d88                _malloc_r
 .text.__sfputc_r
                0x00003e44       0x2c c:/program files (x86)/cypress/psoc creator/4.2/psoc creator/import/gnu/arm/5.4.1/bin/../lib/gcc/arm-none-eabi/5.4.1/../../../../arm-none-eabi/lib/armv7-m\libg_nano.a(lib_a-nano-vfprintf.o)
 .text.__sfputs_r
                0x00003e70       0x24 c:/program files (x86)/cypress/psoc creator/4.2/psoc creator/import/gnu/arm/5.4.1/bin/../lib/gcc/arm-none-eabi/5.4.1/../../../../arm-none-eabi/lib/armv7-m\libg_nano.a(lib_a-nano-vfprintf.o)
                0x00003e70                __sfputs_r
 .text._vfprintf_r
                0x00003e94      0x238 c:/program files (x86)/cypress/psoc creator/4.2/psoc creator/import/gnu/arm/5.4.1/bin/../lib/gcc/arm-none-eabi/5.4.1/../../../../arm-none-eabi/lib/armv7-m\libg_nano.a(lib_a-nano-vfprintf.o)
                0x00003e94                _vfprintf_r
                0x00003e94                _vfiprintf_r
 .text.__cvt    0x000040cc       0xc0 c:/program files (x86)/cypress/psoc creator/4.2/psoc creator/import/gnu/arm/5.4.1/bin/../lib/gcc/arm-none-eabi/5.4.1/../../../../arm-none-eabi/lib/armv7-m\libg_nano.a(lib_a-nano-vfprintf_float.o)
                0x000040cc                __cvt
 .text.__exponent
                0x0000418c       0x62 c:/program files (x86)/cypress/psoc creator/4.2/psoc creator/import/gnu/arm/5.4.1/bin/../lib/gcc/arm-none-eabi/5.4.1/../../../../arm-none-eabi/lib/armv7-m\libg_nano.a(lib_a-nano-vfprintf_float.o)
                0x0000418c                __exponent
 *fill*         0x000041ee        0x2 
 .text._printf_float
                0x000041f0      0x488 c:/program files (x86)/cypress/psoc creator/4.2/psoc creator/import/gnu/arm/5.4.1/bin/../lib/gcc/arm-none-eabi/5.4.1/../../../../arm-none-eabi/lib/armv7-m\libg_nano.a(lib_a-nano-vfprintf_float.o)
                0x000041f0                _printf_float
 .text._printf_common
                0x00004678       0xec c:/program files (x86)/cypress/psoc creator/4.2/psoc creator/import/gnu/arm/5.4.1/bin/../lib/gcc/arm-none-eabi/5.4.1/../../../../arm-none-eabi/lib/armv7-m\libg_nano.a(lib_a-nano-vfprintf_i.o)
                0x00004678                _printf_common
 .text._printf_i
                0x00004764      0x24c c:/program files (x86)/cypress/psoc creator/4.2/psoc creator/import/gnu/arm/5.4.1/bin/../lib/gcc/arm-none-eabi/5.4.1/../../../../arm-none-eabi/lib/armv7-m\libg_nano.a(lib_a-nano-vfprintf_i.o)
                0x00004764                _printf_i
 .text._scanf_chars
                0x000049b0       0xcc c:/program files (x86)/cypress/psoc creator/4.2/psoc creator/import/gnu/arm/5.4.1/bin/../lib/gcc/arm-none-eabi/5.4.1/../../../../arm-none-eabi/lib/armv7-m\libg_nano.a(lib_a-nano-vfscanf_i.o)
                0x000049b0                _scanf_chars
 .text._scanf_i
                0x00004a7c      0x1e4 c:/program files (x86)/cypress/psoc creator/4.2/psoc creator/import/gnu/arm/5.4.1/bin/../lib/gcc/arm-none-eabi/5.4.1/../../../../arm-none-eabi/lib/armv7-m\libg_nano.a(lib_a-nano-vfscanf_i.o)
                0x00004a7c                _scanf_i
 .text.printf   0x00004c60       0x30 c:/program files (x86)/cypress/psoc creator/4.2/psoc creator/import/gnu/arm/5.4.1/bin/../lib/gcc/arm-none-eabi/5.4.1/../../../../arm-none-eabi/lib/armv7-m\libg_nano.a(lib_a-printf.o)
                0x00004c60                iprintf
                0x00004c60                printf
 .text._puts_r  0x00004c90       0xb4 c:/program files (x86)/cypress/psoc creator/4.2/psoc creator/import/gnu/arm/5.4.1/bin/../lib/gcc/arm-none-eabi/5.4.1/../../../../arm-none-eabi/lib/armv7-m\libg_nano.a(lib_a-puts.o)
                0x00004c90                _puts_r
 .text.puts     0x00004d44       0x10 c:/program files (x86)/cypress/psoc creator/4.2/psoc creator/import/gnu/arm/5.4.1/bin/../lib/gcc/arm-none-eabi/5.4.1/../../../../arm-none-eabi/lib/armv7-m\libg_nano.a(lib_a-puts.o)
                0x00004d44                puts
 .text._sbrk_r  0x00004d54       0x20 c:/program files (x86)/cypress/psoc creator/4.2/psoc creator/import/gnu/arm/5.4.1/bin/../lib/gcc/arm-none-eabi/5.4.1/../../../../arm-none-eabi/lib/armv7-m\libg_nano.a(lib_a-sbrkr.o)
                0x00004d54                _sbrk_r
 .text.__sccl   0x00004d74       0x60 c:/program files (x86)/cypress/psoc creator/4.2/psoc creator/import/gnu/arm/5.4.1/bin/../lib/gcc/arm-none-eabi/5.4.1/../../../../arm-none-eabi/lib/armv7-m\libg_nano.a(lib_a-sccl.o)
                0x00004d74                __sccl
 .text.sprintf  0x00004dd4       0x48 c:/program files (x86)/cypress/psoc creator/4.2/psoc creator/import/gnu/arm/5.4.1/bin/../lib/gcc/arm-none-eabi/5.4.1/../../../../arm-none-eabi/lib/armv7-m\libg_nano.a(lib_a-sprintf.o)
                0x00004dd4                siprintf
                0x00004dd4                sprintf
 .text.sscanf   0x00004e1c       0x54 c:/program files (x86)/cypress/psoc creator/4.2/psoc creator/import/gnu/arm/5.4.1/bin/../lib/gcc/arm-none-eabi/5.4.1/../../../../arm-none-eabi/lib/armv7-m\libg_nano.a(lib_a-sscanf.o)
                0x00004e1c                siscanf
                0x00004e1c                sscanf
 .text.__sread  0x00004e70       0x22 c:/program files (x86)/cypress/psoc creator/4.2/psoc creator/import/gnu/arm/5.4.1/bin/../lib/gcc/arm-none-eabi/5.4.1/../../../../arm-none-eabi/lib/armv7-m\libg_nano.a(lib_a-stdio.o)
                0x00004e70                __sread
 .text.__seofread
                0x00004e92        0x4 c:/program files (x86)/cypress/psoc creator/4.2/psoc creator/import/gnu/arm/5.4.1/bin/../lib/gcc/arm-none-eabi/5.4.1/../../../../arm-none-eabi/lib/armv7-m\libg_nano.a(lib_a-stdio.o)
                0x00004e92                __seofread
 .text.__swrite
                0x00004e96       0x38 c:/program files (x86)/cypress/psoc creator/4.2/psoc creator/import/gnu/arm/5.4.1/bin/../lib/gcc/arm-none-eabi/5.4.1/../../../../arm-none-eabi/lib/armv7-m\libg_nano.a(lib_a-stdio.o)
                0x00004e96                __swrite
 .text.__sseek  0x00004ece       0x24 c:/program files (x86)/cypress/psoc creator/4.2/psoc creator/import/gnu/arm/5.4.1/bin/../lib/gcc/arm-none-eabi/5.4.1/../../../../arm-none-eabi/lib/armv7-m\libg_nano.a(lib_a-stdio.o)
                0x00004ece                __sseek
 .text.__sclose
                0x00004ef2        0x8 c:/program files (x86)/cypress/psoc creator/4.2/psoc creator/import/gnu/arm/5.4.1/bin/../lib/gcc/arm-none-eabi/5.4.1/../../../../arm-none-eabi/lib/armv7-m\libg_nano.a(lib_a-stdio.o)
                0x00004ef2                __sclose
 .text.strcat   0x00004efa       0x1e c:/program files (x86)/cypress/psoc creator/4.2/psoc creator/import/gnu/arm/5.4.1/bin/../lib/gcc/arm-none-eabi/5.4.1/../../../../arm-none-eabi/lib/armv7-m\libg_nano.a(lib_a-strcat.o)
                0x00004efa                strcat
 .text          0x00004f18       0x10 c:/program files (x86)/cypress/psoc creator/4.2/psoc creator/import/gnu/arm/5.4.1/bin/../lib/gcc/arm-none-eabi/5.4.1/../../../../arm-none-eabi/lib/armv7-m\libg_nano.a(lib_a-strlen.o)
                0x00004f18                strlen
 .text.sulp     0x00004f28       0x42 c:/program files (x86)/cypress/psoc creator/4.2/psoc creator/import/gnu/arm/5.4.1/bin/../lib/gcc/arm-none-eabi/5.4.1/../../../../arm-none-eabi/lib/armv7-m\libg_nano.a(lib_a-strtod.o)
 *fill*         0x00004f6a        0x6 
 .text._strtod_r
                0x00004f70      0xc00 c:/program files (x86)/cypress/psoc creator/4.2/psoc creator/import/gnu/arm/5.4.1/bin/../lib/gcc/arm-none-eabi/5.4.1/../../../../arm-none-eabi/lib/armv7-m\libg_nano.a(lib_a-strtod.o)
                0x00004f70                _strtod_r
 .text.strtod   0x00005b70       0x10 c:/program files (x86)/cypress/psoc creator/4.2/psoc creator/import/gnu/arm/5.4.1/bin/../lib/gcc/arm-none-eabi/5.4.1/../../../../arm-none-eabi/lib/armv7-m\libg_nano.a(lib_a-strtod.o)
                0x00005b70                strtod
 .text.strtok   0x00005b80       0x64 c:/program files (x86)/cypress/psoc creator/4.2/psoc creator/import/gnu/arm/5.4.1/bin/../lib/gcc/arm-none-eabi/5.4.1/../../../../arm-none-eabi/lib/armv7-m\libg_nano.a(lib_a-strtok.o)
                0x00005b80                strtok
 .text.__strtok_r
                0x00005be4       0x56 c:/program files (x86)/cypress/psoc creator/4.2/psoc creator/import/gnu/arm/5.4.1/bin/../lib/gcc/arm-none-eabi/5.4.1/../../../../arm-none-eabi/lib/armv7-m\libg_nano.a(lib_a-strtok_r.o)
                0x00005be4                __strtok_r
 *fill*         0x00005c3a        0x2 
 .text._strtol_r
                0x00005c3c      0x10c c:/program files (x86)/cypress/psoc creator/4.2/psoc creator/import/gnu/arm/5.4.1/bin/../lib/gcc/arm-none-eabi/5.4.1/../../../../arm-none-eabi/lib/armv7-m\libg_nano.a(lib_a-strtol.o)
                0x00005c3c                _strtol_r
 .text._strtoul_r
                0x00005d48       0xfc c:/program files (x86)/cypress/psoc creator/4.2/psoc creator/import/gnu/arm/5.4.1/bin/../lib/gcc/arm-none-eabi/5.4.1/../../../../arm-none-eabi/lib/armv7-m\libg_nano.a(lib_a-strtoul.o)
                0x00005d48                _strtoul_r
 .text.__submore
                0x00005e44       0x72 c:/program files (x86)/cypress/psoc creator/4.2/psoc creator/import/gnu/arm/5.4.1/bin/../lib/gcc/arm-none-eabi/5.4.1/../../../../arm-none-eabi/lib/armv7-m\libg_nano.a(lib_a-ungetc.o)
                0x00005e44                __submore
 *fill*         0x00005eb6        0x2 
 .text.__swbuf_r
                0x00005eb8       0xa8 c:/program files (x86)/cypress/psoc creator/4.2/psoc creator/import/gnu/arm/5.4.1/bin/../lib/gcc/arm-none-eabi/5.4.1/../../../../arm-none-eabi/lib/armv7-m\libg_nano.a(lib_a-wbuf.o)
                0x00005eb8                __swbuf_r
 .text._write_r
                0x00005f60       0x24 c:/program files (x86)/cypress/psoc creator/4.2/psoc creator/import/gnu/arm/5.4.1/bin/../lib/gcc/arm-none-eabi/5.4.1/../../../../arm-none-eabi/lib/armv7-m\libg_nano.a(lib_a-writer.o)
                0x00005f60                _write_r
 .text.__swsetup_r
                0x00005f84       0xdc c:/program files (x86)/cypress/psoc creator/4.2/psoc creator/import/gnu/arm/5.4.1/bin/../lib/gcc/arm-none-eabi/5.4.1/../../../../arm-none-eabi/lib/armv7-m\libg_nano.a(lib_a-wsetup.o)
                0x00005f84                __swsetup_r
 .text._close_r
                0x00006060       0x20 c:/program files (x86)/cypress/psoc creator/4.2/psoc creator/import/gnu/arm/5.4.1/bin/../lib/gcc/arm-none-eabi/5.4.1/../../../../arm-none-eabi/lib/armv7-m\libg_nano.a(lib_a-closer.o)
                0x00006060                _close_r
 .text.quorem   0x00006080      0x116 c:/program files (x86)/cypress/psoc creator/4.2/psoc creator/import/gnu/arm/5.4.1/bin/../lib/gcc/arm-none-eabi/5.4.1/../../../../arm-none-eabi/lib/armv7-m\libg_nano.a(lib_a-dtoa.o)
 *fill*         0x00006196        0x2 
 .text._dtoa_r  0x00006198      0xb30 c:/program files (x86)/cypress/psoc creator/4.2/psoc creator/import/gnu/arm/5.4.1/bin/../lib/gcc/arm-none-eabi/5.4.1/../../../../arm-none-eabi/lib/armv7-m\libg_nano.a(lib_a-dtoa.o)
                0x00006198                _dtoa_r
 .text.__sflush_r
                0x00006cc8      0x10c c:/program files (x86)/cypress/psoc creator/4.2/psoc creator/import/gnu/arm/5.4.1/bin/../lib/gcc/arm-none-eabi/5.4.1/../../../../arm-none-eabi/lib/armv7-m\libg_nano.a(lib_a-fflush.o)
                0x00006cc8                __sflush_r
 .text._fflush_r
                0x00006dd4       0x54 c:/program files (x86)/cypress/psoc creator/4.2/psoc creator/import/gnu/arm/5.4.1/bin/../lib/gcc/arm-none-eabi/5.4.1/../../../../arm-none-eabi/lib/armv7-m\libg_nano.a(lib_a-fflush.o)
                0x00006dd4                _fflush_r
 .text._cleanup_r
                0x00006e28        0xc c:/program files (x86)/cypress/psoc creator/4.2/psoc creator/import/gnu/arm/5.4.1/bin/../lib/gcc/arm-none-eabi/5.4.1/../../../../arm-none-eabi/lib/armv7-m\libg_nano.a(lib_a-findfp.o)
                0x00006e28                _cleanup_r
 .text.std.isra.0
                0x00006e34       0x48 c:/program files (x86)/cypress/psoc creator/4.2/psoc creator/import/gnu/arm/5.4.1/bin/../lib/gcc/arm-none-eabi/5.4.1/../../../../arm-none-eabi/lib/armv7-m\libg_nano.a(lib_a-findfp.o)
 .text.__sfmoreglue
                0x00006e7c       0x2c c:/program files (x86)/cypress/psoc creator/4.2/psoc creator/import/gnu/arm/5.4.1/bin/../lib/gcc/arm-none-eabi/5.4.1/../../../../arm-none-eabi/lib/armv7-m\libg_nano.a(lib_a-findfp.o)
                0x00006e7c                __sfmoreglue
 .text.__sinit  0x00006ea8       0x60 c:/program files (x86)/cypress/psoc creator/4.2/psoc creator/import/gnu/arm/5.4.1/bin/../lib/gcc/arm-none-eabi/5.4.1/../../../../arm-none-eabi/lib/armv7-m\libg_nano.a(lib_a-findfp.o)
                0x00006ea8                __sinit
 .text.__sfp    0x00006f08       0x78 c:/program files (x86)/cypress/psoc creator/4.2/psoc creator/import/gnu/arm/5.4.1/bin/../lib/gcc/arm-none-eabi/5.4.1/../../../../arm-none-eabi/lib/armv7-m\libg_nano.a(lib_a-findfp.o)
                0x00006f08                __sfp
 .text._fstat_r
                0x00006f80       0x24 c:/program files (x86)/cypress/psoc creator/4.2/psoc creator/import/gnu/arm/5.4.1/bin/../lib/gcc/arm-none-eabi/5.4.1/../../../../arm-none-eabi/lib/armv7-m\libg_nano.a(lib_a-fstatr.o)
                0x00006f80                _fstat_r
 .text._fwalk_reent
                0x00006fa4       0x3c c:/program files (x86)/cypress/psoc creator/4.2/psoc creator/import/gnu/arm/5.4.1/bin/../lib/gcc/arm-none-eabi/5.4.1/../../../../arm-none-eabi/lib/armv7-m\libg_nano.a(lib_a-fwalk.o)
                0x00006fa4                _fwalk_reent
 .text.rshift   0x00006fe0       0x6c c:/program files (x86)/cypress/psoc creator/4.2/psoc creator/import/gnu/arm/5.4.1/bin/../lib/gcc/arm-none-eabi/5.4.1/../../../../arm-none-eabi/lib/armv7-m\libg_nano.a(lib_a-gdtoa-gethex.o)
 .text.__hexdig_fun
                0x0000704c       0x2a c:/program files (x86)/cypress/psoc creator/4.2/psoc creator/import/gnu/arm/5.4.1/bin/../lib/gcc/arm-none-eabi/5.4.1/../../../../arm-none-eabi/lib/armv7-m\libg_nano.a(lib_a-gdtoa-gethex.o)
                0x0000704c                __hexdig_fun
 .text.__gethex
                0x00007076      0x43e c:/program files (x86)/cypress/psoc creator/4.2/psoc creator/import/gnu/arm/5.4.1/bin/../lib/gcc/arm-none-eabi/5.4.1/../../../../arm-none-eabi/lib/armv7-m\libg_nano.a(lib_a-gdtoa-gethex.o)
                0x00007076                __gethex
 .text.L_shift  0x000074b4       0x24 c:/program files (x86)/cypress/psoc creator/4.2/psoc creator/import/gnu/arm/5.4.1/bin/../lib/gcc/arm-none-eabi/5.4.1/../../../../arm-none-eabi/lib/armv7-m\libg_nano.a(lib_a-gdtoa-hexnan.o)
 .text.__match  0x000074d8       0x26 c:/program files (x86)/cypress/psoc creator/4.2/psoc creator/import/gnu/arm/5.4.1/bin/../lib/gcc/arm-none-eabi/5.4.1/../../../../arm-none-eabi/lib/armv7-m\libg_nano.a(lib_a-gdtoa-hexnan.o)
                0x000074d8                __match
 .text.__hexnan
                0x000074fe      0x11c c:/program files (x86)/cypress/psoc creator/4.2/psoc creator/import/gnu/arm/5.4.1/bin/../lib/gcc/arm-none-eabi/5.4.1/../../../../arm-none-eabi/lib/armv7-m\libg_nano.a(lib_a-gdtoa-hexnan.o)
                0x000074fe                __hexnan
 *fill*         0x0000761a        0x2 
 .text._isatty_r
                0x0000761c       0x20 c:/program files (x86)/cypress/psoc creator/4.2/psoc creator/import/gnu/arm/5.4.1/bin/../lib/gcc/arm-none-eabi/5.4.1/../../../../arm-none-eabi/lib/armv7-m\libg_nano.a(lib_a-isattyr.o)
                0x0000761c                _isatty_r
 .text._localeconv_r
                0x0000763c        0x8 c:/program files (x86)/cypress/psoc creator/4.2/psoc creator/import/gnu/arm/5.4.1/bin/../lib/gcc/arm-none-eabi/5.4.1/../../../../arm-none-eabi/lib/armv7-m\libg_nano.a(lib_a-locale.o)
                0x0000763c                _localeconv_r
 .text._lseek_r
                0x00007644       0x24 c:/program files (x86)/cypress/psoc creator/4.2/psoc creator/import/gnu/arm/5.4.1/bin/../lib/gcc/arm-none-eabi/5.4.1/../../../../arm-none-eabi/lib/armv7-m\libg_nano.a(lib_a-lseekr.o)
                0x00007644                _lseek_r
 .text.malloc   0x00007668       0x10 c:/program files (x86)/cypress/psoc creator/4.2/psoc creator/import/gnu/arm/5.4.1/bin/../lib/gcc/arm-none-eabi/5.4.1/../../../../arm-none-eabi/lib/armv7-m\libg_nano.a(lib_a-malloc.o)
                0x00007668                malloc
 .text.memchr   0x00007678       0x1c c:/program files (x86)/cypress/psoc creator/4.2/psoc creator/import/gnu/arm/5.4.1/bin/../lib/gcc/arm-none-eabi/5.4.1/../../../../arm-none-eabi/lib/armv7-m\libg_nano.a(lib_a-memchr-stub.o)
                0x00007678                memchr
 .text.memmove  0x00007694       0x36 c:/program files (x86)/cypress/psoc creator/4.2/psoc creator/import/gnu/arm/5.4.1/bin/../lib/gcc/arm-none-eabi/5.4.1/../../../../arm-none-eabi/lib/armv7-m\libg_nano.a(lib_a-memmove.o)
                0x00007694                memmove
 .text.__malloc_lock
                0x000076ca        0x2 c:/program files (x86)/cypress/psoc creator/4.2/psoc creator/import/gnu/arm/5.4.1/bin/../lib/gcc/arm-none-eabi/5.4.1/../../../../arm-none-eabi/lib/armv7-m\libg_nano.a(lib_a-mlock.o)
                0x000076ca                __malloc_lock
 .text.__malloc_unlock
                0x000076cc        0x2 c:/program files (x86)/cypress/psoc creator/4.2/psoc creator/import/gnu/arm/5.4.1/bin/../lib/gcc/arm-none-eabi/5.4.1/../../../../arm-none-eabi/lib/armv7-m\libg_nano.a(lib_a-mlock.o)
                0x000076cc                __malloc_unlock
 .text._Balloc  0x000076ce       0x6a c:/program files (x86)/cypress/psoc creator/4.2/psoc creator/import/gnu/arm/5.4.1/bin/../lib/gcc/arm-none-eabi/5.4.1/../../../../arm-none-eabi/lib/armv7-m\libg_nano.a(lib_a-mprec.o)
                0x000076ce                _Balloc
 .text._Bfree   0x00007738       0x2e c:/program files (x86)/cypress/psoc creator/4.2/psoc creator/import/gnu/arm/5.4.1/bin/../lib/gcc/arm-none-eabi/5.4.1/../../../../arm-none-eabi/lib/armv7-m\libg_nano.a(lib_a-mprec.o)
                0x00007738                _Bfree
 .text.__multadd
                0x00007766       0x76 c:/program files (x86)/cypress/psoc creator/4.2/psoc creator/import/gnu/arm/5.4.1/bin/../lib/gcc/arm-none-eabi/5.4.1/../../../../arm-none-eabi/lib/armv7-m\libg_nano.a(lib_a-mprec.o)
                0x00007766                __multadd
 .text.__s2b    0x000077dc       0x7c c:/program files (x86)/cypress/psoc creator/4.2/psoc creator/import/gnu/arm/5.4.1/bin/../lib/gcc/arm-none-eabi/5.4.1/../../../../arm-none-eabi/lib/armv7-m\libg_nano.a(lib_a-mprec.o)
                0x000077dc                __s2b
 .text.__hi0bits
                0x00007858       0x40 c:/program files (x86)/cypress/psoc creator/4.2/psoc creator/import/gnu/arm/5.4.1/bin/../lib/gcc/arm-none-eabi/5.4.1/../../../../arm-none-eabi/lib/armv7-m\libg_nano.a(lib_a-mprec.o)
                0x00007858                __hi0bits
 .text.__lo0bits
                0x00007898       0x5a c:/program files (x86)/cypress/psoc creator/4.2/psoc creator/import/gnu/arm/5.4.1/bin/../lib/gcc/arm-none-eabi/5.4.1/../../../../arm-none-eabi/lib/armv7-m\libg_nano.a(lib_a-mprec.o)
                0x00007898                __lo0bits
 .text.__i2b    0x000078f2       0x12 c:/program files (x86)/cypress/psoc creator/4.2/psoc creator/import/gnu/arm/5.4.1/bin/../lib/gcc/arm-none-eabi/5.4.1/../../../../arm-none-eabi/lib/armv7-m\libg_nano.a(lib_a-mprec.o)
                0x000078f2                __i2b
 .text.__multiply
                0x00007904      0x120 c:/program files (x86)/cypress/psoc creator/4.2/psoc creator/import/gnu/arm/5.4.1/bin/../lib/gcc/arm-none-eabi/5.4.1/../../../../arm-none-eabi/lib/armv7-m\libg_nano.a(lib_a-mprec.o)
                0x00007904                __multiply
 .text.__pow5mult
                0x00007a24       0x9c c:/program files (x86)/cypress/psoc creator/4.2/psoc creator/import/gnu/arm/5.4.1/bin/../lib/gcc/arm-none-eabi/5.4.1/../../../../arm-none-eabi/lib/armv7-m\libg_nano.a(lib_a-mprec.o)
                0x00007a24                __pow5mult
 .text.__lshift
                0x00007ac0       0xa2 c:/program files (x86)/cypress/psoc creator/4.2/psoc creator/import/gnu/arm/5.4.1/bin/../lib/gcc/arm-none-eabi/5.4.1/../../../../arm-none-eabi/lib/armv7-m\libg_nano.a(lib_a-mprec.o)
                0x00007ac0                __lshift
 .text.__mcmp   0x00007b62       0x38 c:/program files (x86)/cypress/psoc creator/4.2/psoc creator/import/gnu/arm/5.4.1/bin/../lib/gcc/arm-none-eabi/5.4.1/../../../../arm-none-eabi/lib/armv7-m\libg_nano.a(lib_a-mprec.o)
                0x00007b62                __mcmp
 .text.__mdiff  0x00007b9a       0xbe c:/program files (x86)/cypress/psoc creator/4.2/psoc creator/import/gnu/arm/5.4.1/bin/../lib/gcc/arm-none-eabi/5.4.1/../../../../arm-none-eabi/lib/armv7-m\libg_nano.a(lib_a-mprec.o)
                0x00007b9a                __mdiff
 .text.__ulp    0x00007c58       0x48 c:/program files (x86)/cypress/psoc creator/4.2/psoc creator/import/gnu/arm/5.4.1/bin/../lib/gcc/arm-none-eabi/5.4.1/../../../../arm-none-eabi/lib/armv7-m\libg_nano.a(lib_a-mprec.o)
                0x00007c58                __ulp
 .text.__b2d    0x00007ca0       0x9a c:/program files (x86)/cypress/psoc creator/4.2/psoc creator/import/gnu/arm/5.4.1/bin/../lib/gcc/arm-none-eabi/5.4.1/../../../../arm-none-eabi/lib/armv7-m\libg_nano.a(lib_a-mprec.o)
                0x00007ca0                __b2d
 .text.__d2b    0x00007d3a       0x9c c:/program files (x86)/cypress/psoc creator/4.2/psoc creator/import/gnu/arm/5.4.1/bin/../lib/gcc/arm-none-eabi/5.4.1/../../../../arm-none-eabi/lib/armv7-m\libg_nano.a(lib_a-mprec.o)
                0x00007d3a                __d2b
 .text.__ratio  0x00007dd6       0x50 c:/program files (x86)/cypress/psoc creator/4.2/psoc creator/import/gnu/arm/5.4.1/bin/../lib/gcc/arm-none-eabi/5.4.1/../../../../arm-none-eabi/lib/armv7-m\libg_nano.a(lib_a-mprec.o)
                0x00007dd6                __ratio
 .text.__copybits
                0x00007e26       0x34 c:/program files (x86)/cypress/psoc creator/4.2/psoc creator/import/gnu/arm/5.4.1/bin/../lib/gcc/arm-none-eabi/5.4.1/../../../../arm-none-eabi/lib/armv7-m\libg_nano.a(lib_a-mprec.o)
                0x00007e26                __copybits
 .text.__any_on
                0x00007e5a       0x44 c:/program files (x86)/cypress/psoc creator/4.2/psoc creator/import/gnu/arm/5.4.1/bin/../lib/gcc/arm-none-eabi/5.4.1/../../../../arm-none-eabi/lib/armv7-m\libg_nano.a(lib_a-mprec.o)
                0x00007e5a                __any_on
 .text._calloc_r
                0x00007e9e       0x1c c:/program files (x86)/cypress/psoc creator/4.2/psoc creator/import/gnu/arm/5.4.1/bin/../lib/gcc/arm-none-eabi/5.4.1/../../../../arm-none-eabi/lib/armv7-m\libg_nano.a(lib_a-nano-callocr.o)
                0x00007e9e                _calloc_r
 .text._realloc_r
                0x00007eba       0x4c c:/program files (x86)/cypress/psoc creator/4.2/psoc creator/import/gnu/arm/5.4.1/bin/../lib/gcc/arm-none-eabi/5.4.1/../../../../arm-none-eabi/lib/armv7-m\libg_nano.a(lib_a-nano-reallocr.o)
                0x00007eba                _realloc_r
 .text.__ssputs_r
                0x00007f06       0xb2 c:/program files (x86)/cypress/psoc creator/4.2/psoc creator/import/gnu/arm/5.4.1/bin/../lib/gcc/arm-none-eabi/5.4.1/../../../../arm-none-eabi/lib/armv7-m\libg_nano.a(lib_a-nano-svfprintf.o)
                0x00007f06                __ssputs_r
 .text._svfprintf_r
                0x00007fb8      0x1e8 c:/program files (x86)/cypress/psoc creator/4.2/psoc creator/import/gnu/arm/5.4.1/bin/../lib/gcc/arm-none-eabi/5.4.1/../../../../arm-none-eabi/lib/armv7-m\libg_nano.a(lib_a-nano-svfprintf.o)
                0x00007fb8                _svfiprintf_r
                0x00007fb8                _svfprintf_r
 .text._sungetc_r
                0x000081a0       0x7c c:/program files (x86)/cypress/psoc creator/4.2/psoc creator/import/gnu/arm/5.4.1/bin/../lib/gcc/arm-none-eabi/5.4.1/../../../../arm-none-eabi/lib/armv7-m\libg_nano.a(lib_a-nano-svfscanf.o)
                0x000081a0                _sungetc_r
 .text.__ssrefill_r
                0x0000821c       0x3a c:/program files (x86)/cypress/psoc creator/4.2/psoc creator/import/gnu/arm/5.4.1/bin/../lib/gcc/arm-none-eabi/5.4.1/../../../../arm-none-eabi/lib/armv7-m\libg_nano.a(lib_a-nano-svfscanf.o)
                0x0000821c                __ssrefill_r
 *fill*         0x00008256        0x2 
 .text.__ssvfscanf_r
                0x00008258      0x2a8 c:/program files (x86)/cypress/psoc creator/4.2/psoc creator/import/gnu/arm/5.4.1/bin/../lib/gcc/arm-none-eabi/5.4.1/../../../../arm-none-eabi/lib/armv7-m\libg_nano.a(lib_a-nano-svfscanf.o)
                0x00008258                __ssvfiscanf_r
                0x00008258                __ssvfscanf_r
 .text._read_r  0x00008500       0x24 c:/program files (x86)/cypress/psoc creator/4.2/psoc creator/import/gnu/arm/5.4.1/bin/../lib/gcc/arm-none-eabi/5.4.1/../../../../arm-none-eabi/lib/armv7-m\libg_nano.a(lib_a-readr.o)
                0x00008500                _read_r
 .text.strncmp  0x00008524       0x2a c:/program files (x86)/cypress/psoc creator/4.2/psoc creator/import/gnu/arm/5.4.1/bin/../lib/gcc/arm-none-eabi/5.4.1/../../../../arm-none-eabi/lib/armv7-m\libg_nano.a(lib_a-strncmp.o)
                0x00008524                strncmp
 .text._malloc_usable_size_r
                0x0000854e       0x14 c:/program files (x86)/cypress/psoc creator/4.2/psoc creator/import/gnu/arm/5.4.1/bin/../lib/gcc/arm-none-eabi/5.4.1/../../../../arm-none-eabi/lib/armv7-m\libg_nano.a(lib_a-nano-msizer.o)
                0x0000854e                _malloc_usable_size_r
 *fill*         0x00008562        0x2 
 .text          0x00008564      0x110 c:/program files (x86)/cypress/psoc creator/4.2/psoc creator/import/gnu/arm/5.4.1/bin/../lib/gcc/arm-none-eabi/5.4.1/armv7-m\libgcc.a(_arm_cmpdf2.o)
                0x00008564                __gtdf2
                0x00008564                __gedf2
                0x0000856c                __ltdf2
                0x0000856c                __ledf2
                0x00008574                __nedf2
                0x00008574                __eqdf2
                0x00008574                __cmpdf2
                0x000085f0                __aeabi_cdrcmple
                0x00008600                __aeabi_cdcmpeq
                0x00008600                __aeabi_cdcmple
                0x00008610                __aeabi_dcmpeq
                0x00008624                __aeabi_dcmplt
                0x00008638                __aeabi_dcmple
                0x0000864c                __aeabi_dcmpge
                0x00008660                __aeabi_dcmpgt
 .text          0x00008674       0x2c c:/program files (x86)/cypress/psoc creator/4.2/psoc creator/import/gnu/arm/5.4.1/bin/../lib/gcc/arm-none-eabi/5.4.1/armv7-m\libgcc.a(_arm_unorddf2.o)
                0x00008674                __unorddf2
                0x00008674                __aeabi_dcmpun
 .text          0x000086a0       0x50 c:/program files (x86)/cypress/psoc creator/4.2/psoc creator/import/gnu/arm/5.4.1/bin/../lib/gcc/arm-none-eabi/5.4.1/armv7-m\libgcc.a(_arm_fixdfsi.o)
                0x000086a0                __aeabi_d2iz
                0x000086a0                __fixdfsi
 .text._close   0x000086f0       0x10 c:/program files (x86)/cypress/psoc creator/4.2/psoc creator/import/gnu/arm/5.4.1/bin/../lib/gcc/arm-none-eabi/5.4.1/../../../../arm-none-eabi/lib/armv7-m\libnosys.a(close.o)
                0x000086f0                _close
 .text._fstat   0x00008700       0x10 c:/program files (x86)/cypress/psoc creator/4.2/psoc creator/import/gnu/arm/5.4.1/bin/../lib/gcc/arm-none-eabi/5.4.1/../../../../arm-none-eabi/lib/armv7-m\libnosys.a(fstat.o)
                0x00008700                _fstat
 .text._isatty  0x00008710       0x10 c:/program files (x86)/cypress/psoc creator/4.2/psoc creator/import/gnu/arm/5.4.1/bin/../lib/gcc/arm-none-eabi/5.4.1/../../../../arm-none-eabi/lib/armv7-m\libnosys.a(isatty.o)
                0x00008710                _isatty
 .text._lseek   0x00008720       0x10 c:/program files (x86)/cypress/psoc creator/4.2/psoc creator/import/gnu/arm/5.4.1/bin/../lib/gcc/arm-none-eabi/5.4.1/../../../../arm-none-eabi/lib/armv7-m\libnosys.a(lseek.o)
                0x00008720                _lseek
 .text._read    0x00008730       0x10 c:/program files (x86)/cypress/psoc creator/4.2/psoc creator/import/gnu/arm/5.4.1/bin/../lib/gcc/arm-none-eabi/5.4.1/../../../../arm-none-eabi/lib/armv7-m\libnosys.a(read.o)
                0x00008730                _read
 *(.plt)
 *(.gnu.warning)
 *(.glue_7t)
 .glue_7t       0x00008740        0x0 linker stubs
 *(.glue_7)
 .glue_7        0x00008740        0x0 linker stubs
 *(.vfp11_veneer)
 .vfp11_veneer  0x00008740        0x0 linker stubs
 *(.bootloader)
 *(.ARM.extab* .gnu.linkonce.armextab.*)
 *(.gcc_except_table)

.v4_bx          0x00008740        0x0
 .v4_bx         0x00008740        0x0 linker stubs

.iplt           0x00008740        0x0
 .iplt          0x00008740        0x0 c:/program files (x86)/cypress/psoc creator/4.2/psoc creator/import/gnu/arm/5.4.1/bin/../lib/gcc/arm-none-eabi/5.4.1/armv7-m/crtbegin.o

.eh_frame_hdr
 *(.eh_frame_hdr)

.eh_frame       0x00008740        0x4
 *(.eh_frame)
 .eh_frame      0x00008740        0x0 c:/program files (x86)/cypress/psoc creator/4.2/psoc creator/import/gnu/arm/5.4.1/bin/../lib/gcc/arm-none-eabi/5.4.1/armv7-m/crtbegin.o
 .eh_frame      0x00008740        0x4 c:/program files (x86)/cypress/psoc creator/4.2/psoc creator/import/gnu/arm/5.4.1/bin/../lib/gcc/arm-none-eabi/5.4.1/armv7-m/crtend.o
                [!provide]                PROVIDE (__exidx_start, .)

.ARM.exidx
 *(.ARM.exidx* .gnu.linkonce.armexidx.*)
                0x00008744                __exidx_end = .

.rodata         0x00008748      0xa08
 *(.rodata .rodata.* .gnu.linkonce.r.*)
 .rodata        0x00008748       0xd8 .\CortexM3\ARM_GCC_541\Debug\Protocol.o
 .rodata        0x00008820       0xd7 .\CortexM3\ARM_GCC_541\Debug\main.o
 *fill*         0x000088f7        0x1 
 .rodata        0x000088f8       0xc5 .\CortexM3\ARM_GCC_541\Debug\SensorComTx.o
 *fill*         0x000089bd        0x3 
 .rodata        0x000089c0      0x2c8 .\CortexM3\ARM_GCC_541\Debug\sensor_data.o
 .rodata        0x00008c88       0xfb .\CortexM3\ARM_GCC_541\Debug\ECSense.o
 *fill*         0x00008d83        0x1 
 .rodata        0x00008d84       0x30 .\CortexM3\ARM_GCC_541\Debug\SenseSwitch.o
 .rodata        0x00008db4       0x2a .\CortexM3\ARM_GCC_541\Debug\cyfitter_cfg.o
 .rodata.str1.1
                0x00008dde        0x2 c:/program files (x86)/cypress/psoc creator/4.2/psoc creator/import/gnu/arm/5.4.1/bin/../lib/gcc/arm-none-eabi/5.4.1/../../../../arm-none-eabi/lib/armv7-m\libg_nano.a(lib_a-impure.o)
 .rodata._global_impure_ptr
                0x00008de0        0x4 c:/program files (x86)/cypress/psoc creator/4.2/psoc creator/import/gnu/arm/5.4.1/bin/../lib/gcc/arm-none-eabi/5.4.1/../../../../arm-none-eabi/lib/armv7-m\libg_nano.a(lib_a-impure.o)
                0x00008de0                _global_impure_ptr
 .rodata.str1.1
                0x00008de4       0x11 c:/program files (x86)/cypress/psoc creator/4.2/psoc creator/import/gnu/arm/5.4.1/bin/../lib/gcc/arm-none-eabi/5.4.1/../../../../arm-none-eabi/lib/armv7-m\libg_nano.a(lib_a-nano-vfprintf.o)
 .rodata.str1.1
                0x00008df5       0x10 c:/program files (x86)/cypress/psoc creator/4.2/psoc creator/import/gnu/arm/5.4.1/bin/../lib/gcc/arm-none-eabi/5.4.1/../../../../arm-none-eabi/lib/armv7-m\libg_nano.a(lib_a-nano-vfprintf_float.o)
                                 0x12 (size before relaxing)
 .rodata.str1.1
                0x00008e05       0x22 c:/program files (x86)/cypress/psoc creator/4.2/psoc creator/import/gnu/arm/5.4.1/bin/../lib/gcc/arm-none-eabi/5.4.1/../../../../arm-none-eabi/lib/armv7-m\libg_nano.a(lib_a-nano-vfprintf_i.o)
 *fill*         0x00008e27        0x1 
 .rodata        0x00008e28        0xc c:/program files (x86)/cypress/psoc creator/4.2/psoc creator/import/gnu/arm/5.4.1/bin/../lib/gcc/arm-none-eabi/5.4.1/../../../../arm-none-eabi/lib/armv7-m\libg_nano.a(lib_a-nano-vfscanf_i.o)
 .rodata.str1.1
                0x00008e34       0x1b c:/program files (x86)/cypress/psoc creator/4.2/psoc creator/import/gnu/arm/5.4.1/bin/../lib/gcc/arm-none-eabi/5.4.1/../../../../arm-none-eabi/lib/armv7-m\libg_nano.a(lib_a-nano-vfscanf_i.o)
 *fill*         0x00008e4f        0x1 
 .rodata.fpinan.5401
                0x00008e50       0x14 c:/program files (x86)/cypress/psoc creator/4.2/psoc creator/import/gnu/arm/5.4.1/bin/../lib/gcc/arm-none-eabi/5.4.1/../../../../arm-none-eabi/lib/armv7-m\libg_nano.a(lib_a-strtod.o)
 .rodata.str1.1
                0x00008e64       0x1b c:/program files (x86)/cypress/psoc creator/4.2/psoc creator/import/gnu/arm/5.4.1/bin/../lib/gcc/arm-none-eabi/5.4.1/../../../../arm-none-eabi/lib/armv7-m\libg_nano.a(lib_a-strtod.o)
                                  0xc (size before relaxing)
 .rodata.fpi.5365
                0x00008e64       0x14 c:/program files (x86)/cypress/psoc creator/4.2/psoc creator/import/gnu/arm/5.4.1/bin/../lib/gcc/arm-none-eabi/5.4.1/../../../../arm-none-eabi/lib/armv7-m\libg_nano.a(lib_a-strtod.o)
 .rodata.tinytens
                0x00008e78       0x28 c:/program files (x86)/cypress/psoc creator/4.2/psoc creator/import/gnu/arm/5.4.1/bin/../lib/gcc/arm-none-eabi/5.4.1/../../../../arm-none-eabi/lib/armv7-m\libg_nano.a(lib_a-strtod.o)
 .rodata._ctype_
                0x00008ea0      0x101 c:/program files (x86)/cypress/psoc creator/4.2/psoc creator/import/gnu/arm/5.4.1/bin/../lib/gcc/arm-none-eabi/5.4.1/../../../../arm-none-eabi/lib/armv7-m\libg_nano.a(lib_a-ctype_.o)
                0x00008ea0                _ctype_
 .rodata.str1.1
                0x00008fa1        0xd c:/program files (x86)/cypress/psoc creator/4.2/psoc creator/import/gnu/arm/5.4.1/bin/../lib/gcc/arm-none-eabi/5.4.1/../../../../arm-none-eabi/lib/armv7-m\libg_nano.a(lib_a-dtoa.o)
                                  0xf (size before relaxing)
 *fill*         0x00008fae        0x2 
 .rodata.__sf_fake_stdin
                0x00008fb0       0x20 c:/program files (x86)/cypress/psoc creator/4.2/psoc creator/import/gnu/arm/5.4.1/bin/../lib/gcc/arm-none-eabi/5.4.1/../../../../arm-none-eabi/lib/armv7-m\libg_nano.a(lib_a-findfp.o)
                0x00008fb0                __sf_fake_stdin
 .rodata.__sf_fake_stdout
                0x00008fd0       0x20 c:/program files (x86)/cypress/psoc creator/4.2/psoc creator/import/gnu/arm/5.4.1/bin/../lib/gcc/arm-none-eabi/5.4.1/../../../../arm-none-eabi/lib/armv7-m\libg_nano.a(lib_a-findfp.o)
                0x00008fd0                __sf_fake_stdout
 .rodata.__sf_fake_stderr
                0x00008ff0       0x20 c:/program files (x86)/cypress/psoc creator/4.2/psoc creator/import/gnu/arm/5.4.1/bin/../lib/gcc/arm-none-eabi/5.4.1/../../../../arm-none-eabi/lib/armv7-m\libg_nano.a(lib_a-findfp.o)
                0x00008ff0                __sf_fake_stderr
 .rodata.str1.1
                0x00009010        0x8 c:/program files (x86)/cypress/psoc creator/4.2/psoc creator/import/gnu/arm/5.4.1/bin/../lib/gcc/arm-none-eabi/5.4.1/../../../../arm-none-eabi/lib/armv7-m\libg_nano.a(lib_a-locale.o)
                                  0xb (size before relaxing)
 .rodata.__mprec_tens
                0x00009018       0xc8 c:/program files (x86)/cypress/psoc creator/4.2/psoc creator/import/gnu/arm/5.4.1/bin/../lib/gcc/arm-none-eabi/5.4.1/../../../../arm-none-eabi/lib/armv7-m\libg_nano.a(lib_a-mprec.o)
                0x00009018                __mprec_tens
 .rodata.p05.5408
                0x000090e0        0xc c:/program files (x86)/cypress/psoc creator/4.2/psoc creator/import/gnu/arm/5.4.1/bin/../lib/gcc/arm-none-eabi/5.4.1/../../../../arm-none-eabi/lib/armv7-m\libg_nano.a(lib_a-mprec.o)
 *fill*         0x000090ec        0x4 
 .rodata.__mprec_bigtens
                0x000090f0       0x28 c:/program files (x86)/cypress/psoc creator/4.2/psoc creator/import/gnu/arm/5.4.1/bin/../lib/gcc/arm-none-eabi/5.4.1/../../../../arm-none-eabi/lib/armv7-m\libg_nano.a(lib_a-mprec.o)
                0x000090f0                __mprec_bigtens
 .rodata.str1.1
                0x00009118       0x11 c:/program files (x86)/cypress/psoc creator/4.2/psoc creator/import/gnu/arm/5.4.1/bin/../lib/gcc/arm-none-eabi/5.4.1/../../../../arm-none-eabi/lib/armv7-m\libg_nano.a(lib_a-nano-svfprintf.o)
 .rodata.str1.1
                0x00009118        0x4 c:/program files (x86)/cypress/psoc creator/4.2/psoc creator/import/gnu/arm/5.4.1/bin/../lib/gcc/arm-none-eabi/5.4.1/../../../../arm-none-eabi/lib/armv7-m\libg_nano.a(lib_a-nano-svfscanf.o)
                0x0000912c                . = ALIGN (0x4)
 *(.init)
 .init          0x00009118        0x4 c:/program files (x86)/cypress/psoc creator/4.2/psoc creator/import/gnu/arm/5.4.1/bin/../lib/gcc/arm-none-eabi/5.4.1/armv7-m/crti.o
                0x00009118                _init
 .init          0x0000911c        0x8 c:/program files (x86)/cypress/psoc creator/4.2/psoc creator/import/gnu/arm/5.4.1/bin/../lib/gcc/arm-none-eabi/5.4.1/armv7-m/crtn.o
                0x0000912c                . = ALIGN (0x4)
                0x0000912c                __preinit_array_start = .
 *(.preinit_array)