ARM GAS  C:\Users\tpbw4321\AppData\Local\Temp\ccSnz4LX.s 			page 1


   1              		.syntax unified
   2              		.cpu cortex-m3
   3              		.fpu softvfp
   4              		.eabi_attribute 20, 1
   5              		.eabi_attribute 21, 1
   6              		.eabi_attribute 23, 3
   7              		.eabi_attribute 24, 1
   8              		.eabi_attribute 25, 1
   9              		.eabi_attribute 26, 1
  10              		.eabi_attribute 30, 6
  11              		.eabi_attribute 34, 1
  12              		.eabi_attribute 18, 4
  13              		.thumb
  14              		.syntax unified
  15              		.file	"pHADC_INT.c"
  16              		.text
  17              	.Ltext0:
  18              		.cfi_sections	.debug_frame
  19              		.section	.text.pHADC_ISR,"ax",%progbits
  20              		.align	2
  21              		.global	pHADC_ISR
  22              		.thumb
  23              		.thumb_func
  24              		.type	pHADC_ISR, %function
  25              	pHADC_ISR:
  26              	.LFB0:
  27              		.file 1 "Generated_Source\\PSoC5\\pHADC_INT.c"
   1:Generated_Source\PSoC5/pHADC_INT.c **** /*******************************************************************************
   2:Generated_Source\PSoC5/pHADC_INT.c **** * File Name: pHADC_INT.c
   3:Generated_Source\PSoC5/pHADC_INT.c **** * Version 3.10
   4:Generated_Source\PSoC5/pHADC_INT.c **** *
   5:Generated_Source\PSoC5/pHADC_INT.c **** *  Description:
   6:Generated_Source\PSoC5/pHADC_INT.c **** *    This file contains the code that operates during the ADC_SAR interrupt
   7:Generated_Source\PSoC5/pHADC_INT.c **** *    service routine.
   8:Generated_Source\PSoC5/pHADC_INT.c **** *
   9:Generated_Source\PSoC5/pHADC_INT.c **** *   Note:
  10:Generated_Source\PSoC5/pHADC_INT.c **** *
  11:Generated_Source\PSoC5/pHADC_INT.c **** ********************************************************************************
  12:Generated_Source\PSoC5/pHADC_INT.c **** * Copyright 2008-2015, Cypress Semiconductor Corporation.  All rights reserved.
  13:Generated_Source\PSoC5/pHADC_INT.c **** * You may use this file only in accordance with the license, terms, conditions,
  14:Generated_Source\PSoC5/pHADC_INT.c **** * disclaimers, and limitations in the end user license agreement accompanying
  15:Generated_Source\PSoC5/pHADC_INT.c **** * the software package with which this file was provided.
  16:Generated_Source\PSoC5/pHADC_INT.c **** *******************************************************************************/
  17:Generated_Source\PSoC5/pHADC_INT.c **** 
  18:Generated_Source\PSoC5/pHADC_INT.c **** #include "pHADC.h"
  19:Generated_Source\PSoC5/pHADC_INT.c **** #include "cyapicallbacks.h"
  20:Generated_Source\PSoC5/pHADC_INT.c **** 
  21:Generated_Source\PSoC5/pHADC_INT.c **** 
  22:Generated_Source\PSoC5/pHADC_INT.c **** /******************************************************************************
  23:Generated_Source\PSoC5/pHADC_INT.c **** * Custom Declarations and Variables
  24:Generated_Source\PSoC5/pHADC_INT.c **** * - add user inlcude files, prototypes and variables between the following
  25:Generated_Source\PSoC5/pHADC_INT.c **** *   #START and #END tags
  26:Generated_Source\PSoC5/pHADC_INT.c **** ******************************************************************************/
  27:Generated_Source\PSoC5/pHADC_INT.c **** /* `#START ADC_SYS_VAR`  */
  28:Generated_Source\PSoC5/pHADC_INT.c **** 
  29:Generated_Source\PSoC5/pHADC_INT.c **** /* `#END`  */
  30:Generated_Source\PSoC5/pHADC_INT.c **** 
ARM GAS  C:\Users\tpbw4321\AppData\Local\Temp\ccSnz4LX.s 			page 2


  31:Generated_Source\PSoC5/pHADC_INT.c **** #if(pHADC_IRQ_REMOVE == 0u)
  32:Generated_Source\PSoC5/pHADC_INT.c **** 
  33:Generated_Source\PSoC5/pHADC_INT.c **** 
  34:Generated_Source\PSoC5/pHADC_INT.c ****     /******************************************************************************
  35:Generated_Source\PSoC5/pHADC_INT.c ****     * Function Name: pHADC_ISR
  36:Generated_Source\PSoC5/pHADC_INT.c ****     *******************************************************************************
  37:Generated_Source\PSoC5/pHADC_INT.c ****     *
  38:Generated_Source\PSoC5/pHADC_INT.c ****     * Summary:
  39:Generated_Source\PSoC5/pHADC_INT.c ****     *  Handle Interrupt Service Routine.
  40:Generated_Source\PSoC5/pHADC_INT.c ****     *
  41:Generated_Source\PSoC5/pHADC_INT.c ****     * Parameters:
  42:Generated_Source\PSoC5/pHADC_INT.c ****     *  None.
  43:Generated_Source\PSoC5/pHADC_INT.c ****     *
  44:Generated_Source\PSoC5/pHADC_INT.c ****     * Return:
  45:Generated_Source\PSoC5/pHADC_INT.c ****     *  None.
  46:Generated_Source\PSoC5/pHADC_INT.c ****     *
  47:Generated_Source\PSoC5/pHADC_INT.c ****     * Reentrant:
  48:Generated_Source\PSoC5/pHADC_INT.c ****     *  No.
  49:Generated_Source\PSoC5/pHADC_INT.c ****     *
  50:Generated_Source\PSoC5/pHADC_INT.c ****     ******************************************************************************/
  51:Generated_Source\PSoC5/pHADC_INT.c ****     CY_ISR( pHADC_ISR )
  52:Generated_Source\PSoC5/pHADC_INT.c ****     {
  28              		.loc 1 52 0
  29              		.cfi_startproc
  30              		@ args = 0, pretend = 0, frame = 0
  31              		@ frame_needed = 1, uses_anonymous_args = 0
  32              		@ link register save eliminated.
  33 0000 80B4     		push	{r7}
  34              		.cfi_def_cfa_offset 4
  35              		.cfi_offset 7, -4
  36 0002 00AF     		add	r7, sp, #0
  37              		.cfi_def_cfa_register 7
  53:Generated_Source\PSoC5/pHADC_INT.c ****         #ifdef pHADC_ISR_INTERRUPT_CALLBACK
  54:Generated_Source\PSoC5/pHADC_INT.c ****             pHADC_ISR_InterruptCallback();
  55:Generated_Source\PSoC5/pHADC_INT.c ****         #endif /* pHADC_ISR_INTERRUPT_CALLBACK */          
  56:Generated_Source\PSoC5/pHADC_INT.c **** 
  57:Generated_Source\PSoC5/pHADC_INT.c ****         
  58:Generated_Source\PSoC5/pHADC_INT.c ****         /************************************************************************
  59:Generated_Source\PSoC5/pHADC_INT.c ****         *  Custom Code
  60:Generated_Source\PSoC5/pHADC_INT.c ****         *  - add user ISR code between the following #START and #END tags
  61:Generated_Source\PSoC5/pHADC_INT.c ****         *************************************************************************/
  62:Generated_Source\PSoC5/pHADC_INT.c ****           /* `#START MAIN_ADC_ISR`  */
  63:Generated_Source\PSoC5/pHADC_INT.c **** 
  64:Generated_Source\PSoC5/pHADC_INT.c ****           /* `#END`  */
  65:Generated_Source\PSoC5/pHADC_INT.c ****     }
  38              		.loc 1 65 0
  39 0004 00BF     		nop
  40 0006 BD46     		mov	sp, r7
  41              		.cfi_def_cfa_register 13
  42              		@ sp needed
  43 0008 80BC     		pop	{r7}
  44              		.cfi_restore 7
  45              		.cfi_def_cfa_offset 0
  46 000a 7047     		bx	lr
  47              		.cfi_endproc
  48              	.LFE0:
  49              		.size	pHADC_ISR, .-pHADC_ISR
ARM GAS  C:\Users\tpbw4321\AppData\Local\Temp\ccSnz4LX.s 			page 3


  50              		.text
  51              	.Letext0:
  52              		.section	.debug_info,"",%progbits
  53              	.Ldebug_info0:
  54 0000 8E000000 		.4byte	0x8e
  55 0004 0400     		.2byte	0x4
  56 0006 00000000 		.4byte	.Ldebug_abbrev0
  57 000a 04       		.byte	0x4
  58 000b 01       		.uleb128 0x1
  59 000c 00000000 		.4byte	.LASF12
  60 0010 0C       		.byte	0xc
  61 0011 81010000 		.4byte	.LASF13
  62 0015 98000000 		.4byte	.LASF14
  63 0019 00000000 		.4byte	.Ldebug_ranges0+0
  64 001d 00000000 		.4byte	0
  65 0021 00000000 		.4byte	.Ldebug_line0
  66 0025 02       		.uleb128 0x2
  67 0026 01       		.byte	0x1
  68 0027 06       		.byte	0x6
  69 0028 CA010000 		.4byte	.LASF0
  70 002c 02       		.uleb128 0x2
  71 002d 01       		.byte	0x1
  72 002e 08       		.byte	0x8
  73 002f 23010000 		.4byte	.LASF1
  74 0033 02       		.uleb128 0x2
  75 0034 02       		.byte	0x2
  76 0035 05       		.byte	0x5
  77 0036 B7010000 		.4byte	.LASF2
  78 003a 02       		.uleb128 0x2
  79 003b 02       		.byte	0x2
  80 003c 07       		.byte	0x7
  81 003d 43010000 		.4byte	.LASF3
  82 0041 02       		.uleb128 0x2
  83 0042 04       		.byte	0x4
  84 0043 05       		.byte	0x5
  85 0044 C1010000 		.4byte	.LASF4
  86 0048 02       		.uleb128 0x2
  87 0049 04       		.byte	0x4
  88 004a 07       		.byte	0x7
  89 004b 31010000 		.4byte	.LASF5
  90 004f 02       		.uleb128 0x2
  91 0050 08       		.byte	0x8
  92 0051 05       		.byte	0x5
  93 0052 A4010000 		.4byte	.LASF6
  94 0056 02       		.uleb128 0x2
  95 0057 08       		.byte	0x8
  96 0058 07       		.byte	0x7
  97 0059 6A010000 		.4byte	.LASF7
  98 005d 03       		.uleb128 0x3
  99 005e 04       		.byte	0x4
 100 005f 05       		.byte	0x5
 101 0060 696E7400 		.ascii	"int\000"
 102 0064 02       		.uleb128 0x2
 103 0065 04       		.byte	0x4
 104 0066 07       		.byte	0x7
 105 0067 5D010000 		.4byte	.LASF8
 106 006b 02       		.uleb128 0x2
ARM GAS  C:\Users\tpbw4321\AppData\Local\Temp\ccSnz4LX.s 			page 4


 107 006c 04       		.byte	0x4
 108 006d 04       		.byte	0x4
 109 006e 1D010000 		.4byte	.LASF9
 110 0072 02       		.uleb128 0x2
 111 0073 08       		.byte	0x8
 112 0074 04       		.byte	0x4
 113 0075 56010000 		.4byte	.LASF10
 114 0079 02       		.uleb128 0x2
 115 007a 01       		.byte	0x1
 116 007b 08       		.byte	0x8
 117 007c B2010000 		.4byte	.LASF11
 118 0080 04       		.uleb128 0x4
 119 0081 8E000000 		.4byte	.LASF15
 120 0085 01       		.byte	0x1
 121 0086 33       		.byte	0x33
 122 0087 00000000 		.4byte	.LFB0
 123 008b 0C000000 		.4byte	.LFE0-.LFB0
 124 008f 01       		.uleb128 0x1
 125 0090 9C       		.byte	0x9c
 126 0091 00       		.byte	0
 127              		.section	.debug_abbrev,"",%progbits
 128              	.Ldebug_abbrev0:
 129 0000 01       		.uleb128 0x1
 130 0001 11       		.uleb128 0x11
 131 0002 01       		.byte	0x1
 132 0003 25       		.uleb128 0x25
 133 0004 0E       		.uleb128 0xe
 134 0005 13       		.uleb128 0x13
 135 0006 0B       		.uleb128 0xb
 136 0007 03       		.uleb128 0x3
 137 0008 0E       		.uleb128 0xe
 138 0009 1B       		.uleb128 0x1b
 139 000a 0E       		.uleb128 0xe
 140 000b 55       		.uleb128 0x55
 141 000c 17       		.uleb128 0x17
 142 000d 11       		.uleb128 0x11
 143 000e 01       		.uleb128 0x1
 144 000f 10       		.uleb128 0x10
 145 0010 17       		.uleb128 0x17
 146 0011 00       		.byte	0
 147 0012 00       		.byte	0
 148 0013 02       		.uleb128 0x2
 149 0014 24       		.uleb128 0x24
 150 0015 00       		.byte	0
 151 0016 0B       		.uleb128 0xb
 152 0017 0B       		.uleb128 0xb
 153 0018 3E       		.uleb128 0x3e
 154 0019 0B       		.uleb128 0xb
 155 001a 03       		.uleb128 0x3
 156 001b 0E       		.uleb128 0xe
 157 001c 00       		.byte	0
 158 001d 00       		.byte	0
 159 001e 03       		.uleb128 0x3
 160 001f 24       		.uleb128 0x24
 161 0020 00       		.byte	0
 162 0021 0B       		.uleb128 0xb
 163 0022 0B       		.uleb128 0xb
ARM GAS  C:\Users\tpbw4321\AppData\Local\Temp\ccSnz4LX.s 			page 5


 164 0023 3E       		.uleb128 0x3e
 165 0024 0B       		.uleb128 0xb
 166 0025 03       		.uleb128 0x3
 167 0026 08       		.uleb128 0x8
 168 0027 00       		.byte	0
 169 0028 00       		.byte	0
 170 0029 04       		.uleb128 0x4
 171 002a 2E       		.uleb128 0x2e
 172 002b 00       		.byte	0
 173 002c 3F       		.uleb128 0x3f
 174 002d 19       		.uleb128 0x19
 175 002e 03       		.uleb128 0x3
 176 002f 0E       		.uleb128 0xe
 177 0030 3A       		.uleb128 0x3a
 178 0031 0B       		.uleb128 0xb
 179 0032 3B       		.uleb128 0x3b
 180 0033 0B       		.uleb128 0xb
 181 0034 27       		.uleb128 0x27
 182 0035 19       		.uleb128 0x19
 183 0036 11       		.uleb128 0x11
 184 0037 01       		.uleb128 0x1
 185 0038 12       		.uleb128 0x12
 186 0039 06       		.uleb128 0x6
 187 003a 40       		.uleb128 0x40
 188 003b 18       		.uleb128 0x18
 189 003c 9742     		.uleb128 0x2117
 190 003e 19       		.uleb128 0x19
 191 003f 00       		.byte	0
 192 0040 00       		.byte	0
 193 0041 00       		.byte	0
 194              		.section	.debug_aranges,"",%progbits
 195 0000 1C000000 		.4byte	0x1c
 196 0004 0200     		.2byte	0x2
 197 0006 00000000 		.4byte	.Ldebug_info0
 198 000a 04       		.byte	0x4
 199 000b 00       		.byte	0
 200 000c 0000     		.2byte	0
 201 000e 0000     		.2byte	0
 202 0010 00000000 		.4byte	.LFB0
 203 0014 0C000000 		.4byte	.LFE0-.LFB0
 204 0018 00000000 		.4byte	0
 205 001c 00000000 		.4byte	0
 206              		.section	.debug_ranges,"",%progbits
 207              	.Ldebug_ranges0:
 208 0000 00000000 		.4byte	.LFB0
 209 0004 0C000000 		.4byte	.LFE0
 210 0008 00000000 		.4byte	0
 211 000c 00000000 		.4byte	0
 212              		.section	.debug_line,"",%progbits
 213              	.Ldebug_line0:
 214 0000 51000000 		.section	.debug_str,"MS",%progbits,1
 214      02003900 
 214      00000201 
 214      FB0E0D00 
 214      01010101 
 215              	.LASF12:
 216 0000 474E5520 		.ascii	"GNU C11 5.4.1 20160609 (release) [ARM/embedded-5-br"
ARM GAS  C:\Users\tpbw4321\AppData\Local\Temp\ccSnz4LX.s 			page 6


 216      43313120 
 216      352E342E 
 216      31203230 
 216      31363036 
 217 0033 616E6368 		.ascii	"anch revision 237715] -mcpu=cortex-m3 -mthumb -g -O"
 217      20726576 
 217      6973696F 
 217      6E203233 
 217      37373135 
 218 0066 30202D66 		.ascii	"0 -ffunction-sections -ffat-lto-objects\000"
 218      66756E63 
 218      74696F6E 
 218      2D736563 
 218      74696F6E 
 219              	.LASF15:
 220 008e 70484144 		.ascii	"pHADC_ISR\000"
 220      435F4953 
 220      5200
 221              	.LASF14:
 222 0098 433A5C55 		.ascii	"C:\\Users\\tpbw4321\\AppData\\Roaming\\SPB_Data\\Hy"
 222      73657273 
 222      5C747062 
 222      77343332 
 222      315C4170 
 223 00c5 64726F70 		.ascii	"droponicsAutomation\\Designs\\Software\\Embedded\\P"
 223      6F6E6963 
 223      73417574 
 223      6F6D6174 
 223      696F6E5C 
 224 00f4 536F435C 		.ascii	"SoC\\HydroponicAutomationSensorPerf.cydsn\000"
 224      48796472 
 224      6F706F6E 
 224      69634175 
 224      746F6D61 
 225              	.LASF9:
 226 011d 666C6F61 		.ascii	"float\000"
 226      7400
 227              	.LASF1:
 228 0123 756E7369 		.ascii	"unsigned char\000"
 228      676E6564 
 228      20636861 
 228      7200
 229              	.LASF5:
 230 0131 6C6F6E67 		.ascii	"long unsigned int\000"
 230      20756E73 
 230      69676E65 
 230      6420696E 
 230      7400
 231              	.LASF3:
 232 0143 73686F72 		.ascii	"short unsigned int\000"
 232      7420756E 
 232      7369676E 
 232      65642069 
 232      6E7400
 233              	.LASF10:
 234 0156 646F7562 		.ascii	"double\000"
 234      6C6500
ARM GAS  C:\Users\tpbw4321\AppData\Local\Temp\ccSnz4LX.s 			page 7


 235              	.LASF8:
 236 015d 756E7369 		.ascii	"unsigned int\000"
 236      676E6564 
 236      20696E74 
 236      00
 237              	.LASF7:
 238 016a 6C6F6E67 		.ascii	"long long unsigned int\000"
 238      206C6F6E 
 238      6720756E 
 238      7369676E 
 238      65642069 
 239              	.LASF13:
 240 0181 47656E65 		.ascii	"Generated_Source\\PSoC5\\pHADC_INT.c\000"
 240      72617465 
 240      645F536F 
 240      75726365 
 240      5C50536F 
 241              	.LASF6:
 242 01a4 6C6F6E67 		.ascii	"long long int\000"
 242      206C6F6E 
 242      6720696E 
 242      7400
 243              	.LASF11:
 244 01b2 63686172 		.ascii	"char\000"
 244      00
 245              	.LASF2:
 246 01b7 73686F72 		.ascii	"short int\000"
 246      7420696E 
 246      7400
 247              	.LASF4:
 248 01c1 6C6F6E67 		.ascii	"long int\000"
 248      20696E74 
 248      00
 249              	.LASF0:
 250 01ca 7369676E 		.ascii	"signed char\000"
 250      65642063 
 250      68617200 
 251              		.ident	"GCC: (GNU Tools for ARM Embedded Processors) 5.4.1 20160609 (release) [ARM/embedded-5-bran
