ARM GAS  C:\Users\tpbw4321\AppData\Local\Temp\ccgqrH38.s 			page 1


   1              		.syntax unified
   2              		.cpu cortex-m3
   3              		.fpu softvfp
   4              		.eabi_attribute 20, 1
   5              		.eabi_attribute 21, 1
   6              		.eabi_attribute 23, 3
   7              		.eabi_attribute 24, 1
   8              		.eabi_attribute 25, 1
   9              		.eabi_attribute 26, 1
  10              		.eabi_attribute 30, 6
  11              		.eabi_attribute 34, 1
  12              		.eabi_attribute 18, 4
  13              		.thumb
  14              		.syntax unified
  15              		.file	"pHADC_PM.c"
  16              		.text
  17              	.Ltext0:
  18              		.cfi_sections	.debug_frame
  19              		.bss
  20              		.align	2
  21              	pHADC_backup:
  22 0000 00       		.space	1
  23              		.section	.text.pHADC_SaveConfig,"ax",%progbits
  24              		.align	2
  25              		.global	pHADC_SaveConfig
  26              		.thumb
  27              		.thumb_func
  28              		.type	pHADC_SaveConfig, %function
  29              	pHADC_SaveConfig:
  30              	.LFB0:
  31              		.file 1 "Generated_Source\\PSoC5\\pHADC_PM.c"
   1:Generated_Source\PSoC5/pHADC_PM.c **** /*******************************************************************************
   2:Generated_Source\PSoC5/pHADC_PM.c **** * File Name: pHADC_PM.c
   3:Generated_Source\PSoC5/pHADC_PM.c **** * Version 3.10
   4:Generated_Source\PSoC5/pHADC_PM.c **** *
   5:Generated_Source\PSoC5/pHADC_PM.c **** * Description:
   6:Generated_Source\PSoC5/pHADC_PM.c **** *  This file provides Sleep/WakeUp APIs functionality.
   7:Generated_Source\PSoC5/pHADC_PM.c **** *
   8:Generated_Source\PSoC5/pHADC_PM.c **** * Note:
   9:Generated_Source\PSoC5/pHADC_PM.c **** *
  10:Generated_Source\PSoC5/pHADC_PM.c **** ********************************************************************************
  11:Generated_Source\PSoC5/pHADC_PM.c **** * Copyright 2008-2015, Cypress Semiconductor Corporation.  All rights reserved.
  12:Generated_Source\PSoC5/pHADC_PM.c **** * You may use this file only in accordance with the license, terms, conditions,
  13:Generated_Source\PSoC5/pHADC_PM.c **** * disclaimers, and limitations in the end user license agreement accompanying
  14:Generated_Source\PSoC5/pHADC_PM.c **** * the software package with which this file was provided.
  15:Generated_Source\PSoC5/pHADC_PM.c **** *******************************************************************************/
  16:Generated_Source\PSoC5/pHADC_PM.c **** 
  17:Generated_Source\PSoC5/pHADC_PM.c **** #include "pHADC.h"
  18:Generated_Source\PSoC5/pHADC_PM.c **** 
  19:Generated_Source\PSoC5/pHADC_PM.c **** 
  20:Generated_Source\PSoC5/pHADC_PM.c **** /***************************************
  21:Generated_Source\PSoC5/pHADC_PM.c **** * Local data allocation
  22:Generated_Source\PSoC5/pHADC_PM.c **** ***************************************/
  23:Generated_Source\PSoC5/pHADC_PM.c **** 
  24:Generated_Source\PSoC5/pHADC_PM.c **** static pHADC_BACKUP_STRUCT  pHADC_backup =
  25:Generated_Source\PSoC5/pHADC_PM.c **** {
  26:Generated_Source\PSoC5/pHADC_PM.c ****     pHADC_DISABLED
ARM GAS  C:\Users\tpbw4321\AppData\Local\Temp\ccgqrH38.s 			page 2


  27:Generated_Source\PSoC5/pHADC_PM.c **** };
  28:Generated_Source\PSoC5/pHADC_PM.c **** 
  29:Generated_Source\PSoC5/pHADC_PM.c **** 
  30:Generated_Source\PSoC5/pHADC_PM.c **** /*******************************************************************************
  31:Generated_Source\PSoC5/pHADC_PM.c **** * Function Name: pHADC_SaveConfig
  32:Generated_Source\PSoC5/pHADC_PM.c **** ********************************************************************************
  33:Generated_Source\PSoC5/pHADC_PM.c **** *
  34:Generated_Source\PSoC5/pHADC_PM.c **** * Summary:
  35:Generated_Source\PSoC5/pHADC_PM.c **** *  Saves the current user configuration.
  36:Generated_Source\PSoC5/pHADC_PM.c **** *
  37:Generated_Source\PSoC5/pHADC_PM.c **** * Parameters:
  38:Generated_Source\PSoC5/pHADC_PM.c **** *  None.
  39:Generated_Source\PSoC5/pHADC_PM.c **** *
  40:Generated_Source\PSoC5/pHADC_PM.c **** * Return:
  41:Generated_Source\PSoC5/pHADC_PM.c **** *  None.
  42:Generated_Source\PSoC5/pHADC_PM.c **** *
  43:Generated_Source\PSoC5/pHADC_PM.c **** *******************************************************************************/
  44:Generated_Source\PSoC5/pHADC_PM.c **** void pHADC_SaveConfig(void)
  45:Generated_Source\PSoC5/pHADC_PM.c **** {
  32              		.loc 1 45 0
  33              		.cfi_startproc
  34              		@ args = 0, pretend = 0, frame = 0
  35              		@ frame_needed = 1, uses_anonymous_args = 0
  36              		@ link register save eliminated.
  37 0000 80B4     		push	{r7}
  38              		.cfi_def_cfa_offset 4
  39              		.cfi_offset 7, -4
  40 0002 00AF     		add	r7, sp, #0
  41              		.cfi_def_cfa_register 7
  46:Generated_Source\PSoC5/pHADC_PM.c ****     /* All configuration registers are marked as [reset_all_retention] */
  47:Generated_Source\PSoC5/pHADC_PM.c **** }
  42              		.loc 1 47 0
  43 0004 00BF     		nop
  44 0006 BD46     		mov	sp, r7
  45              		.cfi_def_cfa_register 13
  46              		@ sp needed
  47 0008 80BC     		pop	{r7}
  48              		.cfi_restore 7
  49              		.cfi_def_cfa_offset 0
  50 000a 7047     		bx	lr
  51              		.cfi_endproc
  52              	.LFE0:
  53              		.size	pHADC_SaveConfig, .-pHADC_SaveConfig
  54              		.section	.text.pHADC_RestoreConfig,"ax",%progbits
  55              		.align	2
  56              		.global	pHADC_RestoreConfig
  57              		.thumb
  58              		.thumb_func
  59              		.type	pHADC_RestoreConfig, %function
  60              	pHADC_RestoreConfig:
  61              	.LFB1:
  48:Generated_Source\PSoC5/pHADC_PM.c **** 
  49:Generated_Source\PSoC5/pHADC_PM.c **** 
  50:Generated_Source\PSoC5/pHADC_PM.c **** /*******************************************************************************
  51:Generated_Source\PSoC5/pHADC_PM.c **** * Function Name: pHADC_RestoreConfig
  52:Generated_Source\PSoC5/pHADC_PM.c **** ********************************************************************************
  53:Generated_Source\PSoC5/pHADC_PM.c **** *
ARM GAS  C:\Users\tpbw4321\AppData\Local\Temp\ccgqrH38.s 			page 3


  54:Generated_Source\PSoC5/pHADC_PM.c **** * Summary:
  55:Generated_Source\PSoC5/pHADC_PM.c **** *  Restores the current user configuration.
  56:Generated_Source\PSoC5/pHADC_PM.c **** *
  57:Generated_Source\PSoC5/pHADC_PM.c **** * Parameters:
  58:Generated_Source\PSoC5/pHADC_PM.c **** *  None.
  59:Generated_Source\PSoC5/pHADC_PM.c **** *
  60:Generated_Source\PSoC5/pHADC_PM.c **** * Return:
  61:Generated_Source\PSoC5/pHADC_PM.c **** *  None.
  62:Generated_Source\PSoC5/pHADC_PM.c **** *
  63:Generated_Source\PSoC5/pHADC_PM.c **** *******************************************************************************/
  64:Generated_Source\PSoC5/pHADC_PM.c **** void pHADC_RestoreConfig(void)
  65:Generated_Source\PSoC5/pHADC_PM.c **** {
  62              		.loc 1 65 0
  63              		.cfi_startproc
  64              		@ args = 0, pretend = 0, frame = 0
  65              		@ frame_needed = 1, uses_anonymous_args = 0
  66              		@ link register save eliminated.
  67 0000 80B4     		push	{r7}
  68              		.cfi_def_cfa_offset 4
  69              		.cfi_offset 7, -4
  70 0002 00AF     		add	r7, sp, #0
  71              		.cfi_def_cfa_register 7
  66:Generated_Source\PSoC5/pHADC_PM.c ****     /* All congiguration registers are marked as [reset_all_retention] */
  67:Generated_Source\PSoC5/pHADC_PM.c **** }
  72              		.loc 1 67 0
  73 0004 00BF     		nop
  74 0006 BD46     		mov	sp, r7
  75              		.cfi_def_cfa_register 13
  76              		@ sp needed
  77 0008 80BC     		pop	{r7}
  78              		.cfi_restore 7
  79              		.cfi_def_cfa_offset 0
  80 000a 7047     		bx	lr
  81              		.cfi_endproc
  82              	.LFE1:
  83              		.size	pHADC_RestoreConfig, .-pHADC_RestoreConfig
  84              		.section	.text.pHADC_Sleep,"ax",%progbits
  85              		.align	2
  86              		.global	pHADC_Sleep
  87              		.thumb
  88              		.thumb_func
  89              		.type	pHADC_Sleep, %function
  90              	pHADC_Sleep:
  91              	.LFB2:
  68:Generated_Source\PSoC5/pHADC_PM.c **** 
  69:Generated_Source\PSoC5/pHADC_PM.c **** 
  70:Generated_Source\PSoC5/pHADC_PM.c **** /*******************************************************************************
  71:Generated_Source\PSoC5/pHADC_PM.c **** * Function Name: pHADC_Sleep
  72:Generated_Source\PSoC5/pHADC_PM.c **** ********************************************************************************
  73:Generated_Source\PSoC5/pHADC_PM.c **** *
  74:Generated_Source\PSoC5/pHADC_PM.c **** * Summary:
  75:Generated_Source\PSoC5/pHADC_PM.c **** *  This is the preferred routine to prepare the component for sleep.
  76:Generated_Source\PSoC5/pHADC_PM.c **** *  The pHADC_Sleep() routine saves the current component state,
  77:Generated_Source\PSoC5/pHADC_PM.c **** *  then it calls the ADC_Stop() function.
  78:Generated_Source\PSoC5/pHADC_PM.c **** *
  79:Generated_Source\PSoC5/pHADC_PM.c **** * Parameters:
  80:Generated_Source\PSoC5/pHADC_PM.c **** *  None.
ARM GAS  C:\Users\tpbw4321\AppData\Local\Temp\ccgqrH38.s 			page 4


  81:Generated_Source\PSoC5/pHADC_PM.c **** *
  82:Generated_Source\PSoC5/pHADC_PM.c **** * Return:
  83:Generated_Source\PSoC5/pHADC_PM.c **** *  None.
  84:Generated_Source\PSoC5/pHADC_PM.c **** *
  85:Generated_Source\PSoC5/pHADC_PM.c **** * Global Variables:
  86:Generated_Source\PSoC5/pHADC_PM.c **** *  pHADC_backup - The structure field 'enableState' is modified
  87:Generated_Source\PSoC5/pHADC_PM.c **** *  depending on the enable state of the block before entering to sleep mode.
  88:Generated_Source\PSoC5/pHADC_PM.c **** *
  89:Generated_Source\PSoC5/pHADC_PM.c **** *******************************************************************************/
  90:Generated_Source\PSoC5/pHADC_PM.c **** void pHADC_Sleep(void)
  91:Generated_Source\PSoC5/pHADC_PM.c **** {
  92              		.loc 1 91 0
  93              		.cfi_startproc
  94              		@ args = 0, pretend = 0, frame = 0
  95              		@ frame_needed = 1, uses_anonymous_args = 0
  96 0000 80B5     		push	{r7, lr}
  97              		.cfi_def_cfa_offset 8
  98              		.cfi_offset 7, -8
  99              		.cfi_offset 14, -4
 100 0002 00AF     		add	r7, sp, #0
 101              		.cfi_def_cfa_register 7
  92:Generated_Source\PSoC5/pHADC_PM.c ****     if((pHADC_PWRMGR_SAR_REG  & pHADC_ACT_PWR_SAR_EN) != 0u)
 102              		.loc 1 92 0
 103 0004 0E4B     		ldr	r3, .L9
 104 0006 1B78     		ldrb	r3, [r3]
 105 0008 DBB2     		uxtb	r3, r3
 106 000a 03F00103 		and	r3, r3, #1
 107 000e 002B     		cmp	r3, #0
 108 0010 10D0     		beq	.L4
  93:Generated_Source\PSoC5/pHADC_PM.c ****     {
  94:Generated_Source\PSoC5/pHADC_PM.c ****         if((pHADC_SAR_CSR0_REG & pHADC_SAR_SOF_START_CONV) != 0u)
 109              		.loc 1 94 0
 110 0012 0C4B     		ldr	r3, .L9+4
 111 0014 1B78     		ldrb	r3, [r3]
 112 0016 DBB2     		uxtb	r3, r3
 113 0018 03F00103 		and	r3, r3, #1
 114 001c 002B     		cmp	r3, #0
 115 001e 03D0     		beq	.L5
  95:Generated_Source\PSoC5/pHADC_PM.c ****         {
  96:Generated_Source\PSoC5/pHADC_PM.c ****             pHADC_backup.enableState = pHADC_ENABLED | pHADC_STARTED;
 116              		.loc 1 96 0
 117 0020 094B     		ldr	r3, .L9+8
 118 0022 0322     		movs	r2, #3
 119 0024 1A70     		strb	r2, [r3]
 120 0026 02E0     		b	.L6
 121              	.L5:
  97:Generated_Source\PSoC5/pHADC_PM.c ****         }
  98:Generated_Source\PSoC5/pHADC_PM.c ****         else
  99:Generated_Source\PSoC5/pHADC_PM.c ****         {
 100:Generated_Source\PSoC5/pHADC_PM.c ****             pHADC_backup.enableState = pHADC_ENABLED;
 122              		.loc 1 100 0
 123 0028 074B     		ldr	r3, .L9+8
 124 002a 0122     		movs	r2, #1
 125 002c 1A70     		strb	r2, [r3]
 126              	.L6:
 101:Generated_Source\PSoC5/pHADC_PM.c ****         }
 102:Generated_Source\PSoC5/pHADC_PM.c ****         pHADC_Stop();
ARM GAS  C:\Users\tpbw4321\AppData\Local\Temp\ccgqrH38.s 			page 5


 127              		.loc 1 102 0
 128 002e FFF7FEFF 		bl	pHADC_Stop
 103:Generated_Source\PSoC5/pHADC_PM.c ****     }
 104:Generated_Source\PSoC5/pHADC_PM.c ****     else
 105:Generated_Source\PSoC5/pHADC_PM.c ****     {
 106:Generated_Source\PSoC5/pHADC_PM.c ****         pHADC_backup.enableState = pHADC_DISABLED;
 107:Generated_Source\PSoC5/pHADC_PM.c ****     }
 108:Generated_Source\PSoC5/pHADC_PM.c **** }
 129              		.loc 1 108 0
 130 0032 02E0     		b	.L8
 131              	.L4:
 106:Generated_Source\PSoC5/pHADC_PM.c ****     }
 132              		.loc 1 106 0
 133 0034 044B     		ldr	r3, .L9+8
 134 0036 0022     		movs	r2, #0
 135 0038 1A70     		strb	r2, [r3]
 136              	.L8:
 137              		.loc 1 108 0
 138 003a 00BF     		nop
 139 003c 80BD     		pop	{r7, pc}
 140              	.L10:
 141 003e 00BF     		.align	2
 142              	.L9:
 143 0040 AB430040 		.word	1073759147
 144 0044 00590040 		.word	1073764608
 145 0048 00000000 		.word	pHADC_backup
 146              		.cfi_endproc
 147              	.LFE2:
 148              		.size	pHADC_Sleep, .-pHADC_Sleep
 149              		.section	.text.pHADC_Wakeup,"ax",%progbits
 150              		.align	2
 151              		.global	pHADC_Wakeup
 152              		.thumb
 153              		.thumb_func
 154              		.type	pHADC_Wakeup, %function
 155              	pHADC_Wakeup:
 156              	.LFB3:
 109:Generated_Source\PSoC5/pHADC_PM.c **** 
 110:Generated_Source\PSoC5/pHADC_PM.c **** 
 111:Generated_Source\PSoC5/pHADC_PM.c **** /*******************************************************************************
 112:Generated_Source\PSoC5/pHADC_PM.c **** * Function Name: pHADC_Wakeup
 113:Generated_Source\PSoC5/pHADC_PM.c **** ********************************************************************************
 114:Generated_Source\PSoC5/pHADC_PM.c **** *
 115:Generated_Source\PSoC5/pHADC_PM.c **** * Summary:
 116:Generated_Source\PSoC5/pHADC_PM.c **** *  This is the preferred routine to restore the component to the state when
 117:Generated_Source\PSoC5/pHADC_PM.c **** *  pHADC_Sleep() was called. If the component was enabled before the
 118:Generated_Source\PSoC5/pHADC_PM.c **** *  pHADC_Sleep() function was called, the
 119:Generated_Source\PSoC5/pHADC_PM.c **** *  pHADC_Wakeup() function also re-enables the component.
 120:Generated_Source\PSoC5/pHADC_PM.c **** *
 121:Generated_Source\PSoC5/pHADC_PM.c **** * Parameters:
 122:Generated_Source\PSoC5/pHADC_PM.c **** *  None.
 123:Generated_Source\PSoC5/pHADC_PM.c **** *
 124:Generated_Source\PSoC5/pHADC_PM.c **** * Return:
 125:Generated_Source\PSoC5/pHADC_PM.c **** *  None.
 126:Generated_Source\PSoC5/pHADC_PM.c **** *
 127:Generated_Source\PSoC5/pHADC_PM.c **** * Global Variables:
 128:Generated_Source\PSoC5/pHADC_PM.c **** *  pHADC_backup - The structure field 'enableState' is used to
ARM GAS  C:\Users\tpbw4321\AppData\Local\Temp\ccgqrH38.s 			page 6


 129:Generated_Source\PSoC5/pHADC_PM.c **** *  restore the enable state of block after wakeup from sleep mode.
 130:Generated_Source\PSoC5/pHADC_PM.c **** *
 131:Generated_Source\PSoC5/pHADC_PM.c **** *******************************************************************************/
 132:Generated_Source\PSoC5/pHADC_PM.c **** void pHADC_Wakeup(void)
 133:Generated_Source\PSoC5/pHADC_PM.c **** {
 157              		.loc 1 133 0
 158              		.cfi_startproc
 159              		@ args = 0, pretend = 0, frame = 0
 160              		@ frame_needed = 1, uses_anonymous_args = 0
 161 0000 80B5     		push	{r7, lr}
 162              		.cfi_def_cfa_offset 8
 163              		.cfi_offset 7, -8
 164              		.cfi_offset 14, -4
 165 0002 00AF     		add	r7, sp, #0
 166              		.cfi_def_cfa_register 7
 134:Generated_Source\PSoC5/pHADC_PM.c ****     if(pHADC_backup.enableState != pHADC_DISABLED)
 167              		.loc 1 134 0
 168 0004 074B     		ldr	r3, .L14
 169 0006 1B78     		ldrb	r3, [r3]	@ zero_extendqisi2
 170 0008 002B     		cmp	r3, #0
 171 000a 09D0     		beq	.L13
 135:Generated_Source\PSoC5/pHADC_PM.c ****     {
 136:Generated_Source\PSoC5/pHADC_PM.c ****         pHADC_Enable();
 172              		.loc 1 136 0
 173 000c FFF7FEFF 		bl	pHADC_Enable
 137:Generated_Source\PSoC5/pHADC_PM.c ****         #if(pHADC_DEFAULT_CONV_MODE != pHADC__HARDWARE_TRIGGER)
 138:Generated_Source\PSoC5/pHADC_PM.c ****             if((pHADC_backup.enableState & pHADC_STARTED) != 0u)
 174              		.loc 1 138 0
 175 0010 044B     		ldr	r3, .L14
 176 0012 1B78     		ldrb	r3, [r3]	@ zero_extendqisi2
 177 0014 03F00203 		and	r3, r3, #2
 178 0018 002B     		cmp	r3, #0
 179 001a 01D0     		beq	.L13
 139:Generated_Source\PSoC5/pHADC_PM.c ****             {
 140:Generated_Source\PSoC5/pHADC_PM.c ****                 pHADC_StartConvert();
 180              		.loc 1 140 0
 181 001c FFF7FEFF 		bl	pHADC_StartConvert
 182              	.L13:
 141:Generated_Source\PSoC5/pHADC_PM.c ****             }
 142:Generated_Source\PSoC5/pHADC_PM.c ****         #endif /* End pHADC_DEFAULT_CONV_MODE != pHADC__HARDWARE_TRIGGER */
 143:Generated_Source\PSoC5/pHADC_PM.c ****     }
 144:Generated_Source\PSoC5/pHADC_PM.c **** }
 183              		.loc 1 144 0
 184 0020 00BF     		nop
 185 0022 80BD     		pop	{r7, pc}
 186              	.L15:
 187              		.align	2
 188              	.L14:
 189 0024 00000000 		.word	pHADC_backup
 190              		.cfi_endproc
 191              	.LFE3:
 192              		.size	pHADC_Wakeup, .-pHADC_Wakeup
 193              		.text
 194              	.Letext0:
 195              		.file 2 "Generated_Source\\PSoC5\\cytypes.h"
 196              		.file 3 "Generated_Source\\PSoC5\\pHADC.h"
 197              		.section	.debug_info,"",%progbits
ARM GAS  C:\Users\tpbw4321\AppData\Local\Temp\ccgqrH38.s 			page 7


 198              	.Ldebug_info0:
 199 0000 0F010000 		.4byte	0x10f
 200 0004 0400     		.2byte	0x4
 201 0006 00000000 		.4byte	.Ldebug_abbrev0
 202 000a 04       		.byte	0x4
 203 000b 01       		.uleb128 0x1
 204 000c 14000000 		.4byte	.LASF19
 205 0010 0C       		.byte	0xc
 206 0011 34010000 		.4byte	.LASF20
 207 0015 AF000000 		.4byte	.LASF21
 208 0019 00000000 		.4byte	.Ldebug_ranges0+0
 209 001d 00000000 		.4byte	0
 210 0021 00000000 		.4byte	.Ldebug_line0
 211 0025 02       		.uleb128 0x2
 212 0026 01       		.byte	0x1
 213 0027 06       		.byte	0x6
 214 0028 28020000 		.4byte	.LASF0
 215 002c 02       		.uleb128 0x2
 216 002d 01       		.byte	0x1
 217 002e 08       		.byte	0x8
 218 002f 5C010000 		.4byte	.LASF1
 219 0033 02       		.uleb128 0x2
 220 0034 02       		.byte	0x2
 221 0035 05       		.byte	0x5
 222 0036 E3010000 		.4byte	.LASF2
 223 003a 02       		.uleb128 0x2
 224 003b 02       		.byte	0x2
 225 003c 07       		.byte	0x7
 226 003d 81010000 		.4byte	.LASF3
 227 0041 02       		.uleb128 0x2
 228 0042 04       		.byte	0x4
 229 0043 05       		.byte	0x5
 230 0044 13020000 		.4byte	.LASF4
 231 0048 02       		.uleb128 0x2
 232 0049 04       		.byte	0x4
 233 004a 07       		.byte	0x7
 234 004b 6F010000 		.4byte	.LASF5
 235 004f 02       		.uleb128 0x2
 236 0050 08       		.byte	0x8
 237 0051 05       		.byte	0x5
 238 0052 D0010000 		.4byte	.LASF6
 239 0056 02       		.uleb128 0x2
 240 0057 08       		.byte	0x8
 241 0058 07       		.byte	0x7
 242 0059 A8010000 		.4byte	.LASF7
 243 005d 03       		.uleb128 0x3
 244 005e 04       		.byte	0x4
 245 005f 05       		.byte	0x5
 246 0060 696E7400 		.ascii	"int\000"
 247 0064 02       		.uleb128 0x2
 248 0065 04       		.byte	0x4
 249 0066 07       		.byte	0x7
 250 0067 9B010000 		.4byte	.LASF8
 251 006b 04       		.uleb128 0x4
 252 006c F9010000 		.4byte	.LASF12
 253 0070 02       		.byte	0x2
 254 0071 9201     		.2byte	0x192
ARM GAS  C:\Users\tpbw4321\AppData\Local\Temp\ccgqrH38.s 			page 8


 255 0073 2C000000 		.4byte	0x2c
 256 0077 02       		.uleb128 0x2
 257 0078 04       		.byte	0x4
 258 0079 04       		.byte	0x4
 259 007a 56010000 		.4byte	.LASF9
 260 007e 02       		.uleb128 0x2
 261 007f 08       		.byte	0x8
 262 0080 04       		.byte	0x4
 263 0081 94010000 		.4byte	.LASF10
 264 0085 02       		.uleb128 0x2
 265 0086 01       		.byte	0x1
 266 0087 08       		.byte	0x8
 267 0088 DE010000 		.4byte	.LASF11
 268 008c 04       		.uleb128 0x4
 269 008d 6A010000 		.4byte	.LASF13
 270 0091 02       		.byte	0x2
 271 0092 3C02     		.2byte	0x23c
 272 0094 98000000 		.4byte	0x98
 273 0098 05       		.uleb128 0x5
 274 0099 6B000000 		.4byte	0x6b
 275 009d 06       		.uleb128 0x6
 276 009e 01       		.byte	0x1
 277 009f 03       		.byte	0x3
 278 00a0 2A       		.byte	0x2a
 279 00a1 B2000000 		.4byte	0xb2
 280 00a5 07       		.uleb128 0x7
 281 00a6 1C020000 		.4byte	.LASF22
 282 00aa 03       		.byte	0x3
 283 00ab 2C       		.byte	0x2c
 284 00ac 6B000000 		.4byte	0x6b
 285 00b0 00       		.byte	0
 286 00b1 00       		.byte	0
 287 00b2 08       		.uleb128 0x8
 288 00b3 FF010000 		.4byte	.LASF14
 289 00b7 03       		.byte	0x3
 290 00b8 2D       		.byte	0x2d
 291 00b9 9D000000 		.4byte	0x9d
 292 00bd 09       		.uleb128 0x9
 293 00be BF010000 		.4byte	.LASF15
 294 00c2 01       		.byte	0x1
 295 00c3 2C       		.byte	0x2c
 296 00c4 00000000 		.4byte	.LFB0
 297 00c8 0C000000 		.4byte	.LFE0-.LFB0
 298 00cc 01       		.uleb128 0x1
 299 00cd 9C       		.byte	0x9c
 300 00ce 09       		.uleb128 0x9
 301 00cf 00000000 		.4byte	.LASF16
 302 00d3 01       		.byte	0x1
 303 00d4 40       		.byte	0x40
 304 00d5 00000000 		.4byte	.LFB1
 305 00d9 0C000000 		.4byte	.LFE1-.LFB1
 306 00dd 01       		.uleb128 0x1
 307 00de 9C       		.byte	0x9c
 308 00df 0A       		.uleb128 0xa
 309 00e0 ED010000 		.4byte	.LASF17
 310 00e4 01       		.byte	0x1
 311 00e5 5A       		.byte	0x5a
ARM GAS  C:\Users\tpbw4321\AppData\Local\Temp\ccgqrH38.s 			page 9


 312 00e6 00000000 		.4byte	.LFB2
 313 00ea 4C000000 		.4byte	.LFE2-.LFB2
 314 00ee 01       		.uleb128 0x1
 315 00ef 9C       		.byte	0x9c
 316 00f0 0A       		.uleb128 0xa
 317 00f1 A2000000 		.4byte	.LASF18
 318 00f5 01       		.byte	0x1
 319 00f6 84       		.byte	0x84
 320 00f7 00000000 		.4byte	.LFB3
 321 00fb 28000000 		.4byte	.LFE3-.LFB3
 322 00ff 01       		.uleb128 0x1
 323 0100 9C       		.byte	0x9c
 324 0101 0B       		.uleb128 0xb
 325 0102 34020000 		.4byte	.LASF23
 326 0106 01       		.byte	0x1
 327 0107 18       		.byte	0x18
 328 0108 B2000000 		.4byte	0xb2
 329 010c 05       		.uleb128 0x5
 330 010d 03       		.byte	0x3
 331 010e 00000000 		.4byte	pHADC_backup
 332 0112 00       		.byte	0
 333              		.section	.debug_abbrev,"",%progbits
 334              	.Ldebug_abbrev0:
 335 0000 01       		.uleb128 0x1
 336 0001 11       		.uleb128 0x11
 337 0002 01       		.byte	0x1
 338 0003 25       		.uleb128 0x25
 339 0004 0E       		.uleb128 0xe
 340 0005 13       		.uleb128 0x13
 341 0006 0B       		.uleb128 0xb
 342 0007 03       		.uleb128 0x3
 343 0008 0E       		.uleb128 0xe
 344 0009 1B       		.uleb128 0x1b
 345 000a 0E       		.uleb128 0xe
 346 000b 55       		.uleb128 0x55
 347 000c 17       		.uleb128 0x17
 348 000d 11       		.uleb128 0x11
 349 000e 01       		.uleb128 0x1
 350 000f 10       		.uleb128 0x10
 351 0010 17       		.uleb128 0x17
 352 0011 00       		.byte	0
 353 0012 00       		.byte	0
 354 0013 02       		.uleb128 0x2
 355 0014 24       		.uleb128 0x24
 356 0015 00       		.byte	0
 357 0016 0B       		.uleb128 0xb
 358 0017 0B       		.uleb128 0xb
 359 0018 3E       		.uleb128 0x3e
 360 0019 0B       		.uleb128 0xb
 361 001a 03       		.uleb128 0x3
 362 001b 0E       		.uleb128 0xe
 363 001c 00       		.byte	0
 364 001d 00       		.byte	0
 365 001e 03       		.uleb128 0x3
 366 001f 24       		.uleb128 0x24
 367 0020 00       		.byte	0
 368 0021 0B       		.uleb128 0xb
ARM GAS  C:\Users\tpbw4321\AppData\Local\Temp\ccgqrH38.s 			page 10


 369 0022 0B       		.uleb128 0xb
 370 0023 3E       		.uleb128 0x3e
 371 0024 0B       		.uleb128 0xb
 372 0025 03       		.uleb128 0x3
 373 0026 08       		.uleb128 0x8
 374 0027 00       		.byte	0
 375 0028 00       		.byte	0
 376 0029 04       		.uleb128 0x4
 377 002a 16       		.uleb128 0x16
 378 002b 00       		.byte	0
 379 002c 03       		.uleb128 0x3
 380 002d 0E       		.uleb128 0xe
 381 002e 3A       		.uleb128 0x3a
 382 002f 0B       		.uleb128 0xb
 383 0030 3B       		.uleb128 0x3b
 384 0031 05       		.uleb128 0x5
 385 0032 49       		.uleb128 0x49
 386 0033 13       		.uleb128 0x13
 387 0034 00       		.byte	0
 388 0035 00       		.byte	0
 389 0036 05       		.uleb128 0x5
 390 0037 35       		.uleb128 0x35
 391 0038 00       		.byte	0
 392 0039 49       		.uleb128 0x49
 393 003a 13       		.uleb128 0x13
 394 003b 00       		.byte	0
 395 003c 00       		.byte	0
 396 003d 06       		.uleb128 0x6
 397 003e 13       		.uleb128 0x13
 398 003f 01       		.byte	0x1
 399 0040 0B       		.uleb128 0xb
 400 0041 0B       		.uleb128 0xb
 401 0042 3A       		.uleb128 0x3a
 402 0043 0B       		.uleb128 0xb
 403 0044 3B       		.uleb128 0x3b
 404 0045 0B       		.uleb128 0xb
 405 0046 01       		.uleb128 0x1
 406 0047 13       		.uleb128 0x13
 407 0048 00       		.byte	0
 408 0049 00       		.byte	0
 409 004a 07       		.uleb128 0x7
 410 004b 0D       		.uleb128 0xd
 411 004c 00       		.byte	0
 412 004d 03       		.uleb128 0x3
 413 004e 0E       		.uleb128 0xe
 414 004f 3A       		.uleb128 0x3a
 415 0050 0B       		.uleb128 0xb
 416 0051 3B       		.uleb128 0x3b
 417 0052 0B       		.uleb128 0xb
 418 0053 49       		.uleb128 0x49
 419 0054 13       		.uleb128 0x13
 420 0055 38       		.uleb128 0x38
 421 0056 0B       		.uleb128 0xb
 422 0057 00       		.byte	0
 423 0058 00       		.byte	0
 424 0059 08       		.uleb128 0x8
 425 005a 16       		.uleb128 0x16
ARM GAS  C:\Users\tpbw4321\AppData\Local\Temp\ccgqrH38.s 			page 11


 426 005b 00       		.byte	0
 427 005c 03       		.uleb128 0x3
 428 005d 0E       		.uleb128 0xe
 429 005e 3A       		.uleb128 0x3a
 430 005f 0B       		.uleb128 0xb
 431 0060 3B       		.uleb128 0x3b
 432 0061 0B       		.uleb128 0xb
 433 0062 49       		.uleb128 0x49
 434 0063 13       		.uleb128 0x13
 435 0064 00       		.byte	0
 436 0065 00       		.byte	0
 437 0066 09       		.uleb128 0x9
 438 0067 2E       		.uleb128 0x2e
 439 0068 00       		.byte	0
 440 0069 3F       		.uleb128 0x3f
 441 006a 19       		.uleb128 0x19
 442 006b 03       		.uleb128 0x3
 443 006c 0E       		.uleb128 0xe
 444 006d 3A       		.uleb128 0x3a
 445 006e 0B       		.uleb128 0xb
 446 006f 3B       		.uleb128 0x3b
 447 0070 0B       		.uleb128 0xb
 448 0071 27       		.uleb128 0x27
 449 0072 19       		.uleb128 0x19
 450 0073 11       		.uleb128 0x11
 451 0074 01       		.uleb128 0x1
 452 0075 12       		.uleb128 0x12
 453 0076 06       		.uleb128 0x6
 454 0077 40       		.uleb128 0x40
 455 0078 18       		.uleb128 0x18
 456 0079 9742     		.uleb128 0x2117
 457 007b 19       		.uleb128 0x19
 458 007c 00       		.byte	0
 459 007d 00       		.byte	0
 460 007e 0A       		.uleb128 0xa
 461 007f 2E       		.uleb128 0x2e
 462 0080 00       		.byte	0
 463 0081 3F       		.uleb128 0x3f
 464 0082 19       		.uleb128 0x19
 465 0083 03       		.uleb128 0x3
 466 0084 0E       		.uleb128 0xe
 467 0085 3A       		.uleb128 0x3a
 468 0086 0B       		.uleb128 0xb
 469 0087 3B       		.uleb128 0x3b
 470 0088 0B       		.uleb128 0xb
 471 0089 27       		.uleb128 0x27
 472 008a 19       		.uleb128 0x19
 473 008b 11       		.uleb128 0x11
 474 008c 01       		.uleb128 0x1
 475 008d 12       		.uleb128 0x12
 476 008e 06       		.uleb128 0x6
 477 008f 40       		.uleb128 0x40
 478 0090 18       		.uleb128 0x18
 479 0091 9642     		.uleb128 0x2116
 480 0093 19       		.uleb128 0x19
 481 0094 00       		.byte	0
 482 0095 00       		.byte	0
ARM GAS  C:\Users\tpbw4321\AppData\Local\Temp\ccgqrH38.s 			page 12


 483 0096 0B       		.uleb128 0xb
 484 0097 34       		.uleb128 0x34
 485 0098 00       		.byte	0
 486 0099 03       		.uleb128 0x3
 487 009a 0E       		.uleb128 0xe
 488 009b 3A       		.uleb128 0x3a
 489 009c 0B       		.uleb128 0xb
 490 009d 3B       		.uleb128 0x3b
 491 009e 0B       		.uleb128 0xb
 492 009f 49       		.uleb128 0x49
 493 00a0 13       		.uleb128 0x13
 494 00a1 02       		.uleb128 0x2
 495 00a2 18       		.uleb128 0x18
 496 00a3 00       		.byte	0
 497 00a4 00       		.byte	0
 498 00a5 00       		.byte	0
 499              		.section	.debug_aranges,"",%progbits
 500 0000 34000000 		.4byte	0x34
 501 0004 0200     		.2byte	0x2
 502 0006 00000000 		.4byte	.Ldebug_info0
 503 000a 04       		.byte	0x4
 504 000b 00       		.byte	0
 505 000c 0000     		.2byte	0
 506 000e 0000     		.2byte	0
 507 0010 00000000 		.4byte	.LFB0
 508 0014 0C000000 		.4byte	.LFE0-.LFB0
 509 0018 00000000 		.4byte	.LFB1
 510 001c 0C000000 		.4byte	.LFE1-.LFB1
 511 0020 00000000 		.4byte	.LFB2
 512 0024 4C000000 		.4byte	.LFE2-.LFB2
 513 0028 00000000 		.4byte	.LFB3
 514 002c 28000000 		.4byte	.LFE3-.LFB3
 515 0030 00000000 		.4byte	0
 516 0034 00000000 		.4byte	0
 517              		.section	.debug_ranges,"",%progbits
 518              	.Ldebug_ranges0:
 519 0000 00000000 		.4byte	.LFB0
 520 0004 0C000000 		.4byte	.LFE0
 521 0008 00000000 		.4byte	.LFB1
 522 000c 0C000000 		.4byte	.LFE1
 523 0010 00000000 		.4byte	.LFB2
 524 0014 4C000000 		.4byte	.LFE2
 525 0018 00000000 		.4byte	.LFB3
 526 001c 28000000 		.4byte	.LFE3
 527 0020 00000000 		.4byte	0
 528 0024 00000000 		.4byte	0
 529              		.section	.debug_line,"",%progbits
 530              	.Ldebug_line0:
 531 0000 A4000000 		.section	.debug_str,"MS",%progbits,1
 531      02005000 
 531      00000201 
 531      FB0E0D00 
 531      01010101 
 532              	.LASF16:
 533 0000 70484144 		.ascii	"pHADC_RestoreConfig\000"
 533      435F5265 
 533      73746F72 
ARM GAS  C:\Users\tpbw4321\AppData\Local\Temp\ccgqrH38.s 			page 13


 533      65436F6E 
 533      66696700 
 534              	.LASF19:
 535 0014 474E5520 		.ascii	"GNU C11 5.4.1 20160609 (release) [ARM/embedded-5-br"
 535      43313120 
 535      352E342E 
 535      31203230 
 535      31363036 
 536 0047 616E6368 		.ascii	"anch revision 237715] -mcpu=cortex-m3 -mthumb -g -O"
 536      20726576 
 536      6973696F 
 536      6E203233 
 536      37373135 
 537 007a 30202D66 		.ascii	"0 -ffunction-sections -ffat-lto-objects\000"
 537      66756E63 
 537      74696F6E 
 537      2D736563 
 537      74696F6E 
 538              	.LASF18:
 539 00a2 70484144 		.ascii	"pHADC_Wakeup\000"
 539      435F5761 
 539      6B657570 
 539      00
 540              	.LASF21:
 541 00af 433A5C55 		.ascii	"C:\\Users\\tpbw4321\\AppData\\Roaming\\SPB_Data\\Hy"
 541      73657273 
 541      5C747062 
 541      77343332 
 541      315C4170 
 542 00dc 64726F70 		.ascii	"droponicsAutomation\\Designs\\Software\\Embedded\\P"
 542      6F6E6963 
 542      73417574 
 542      6F6D6174 
 542      696F6E5C 
 543 010b 536F435C 		.ascii	"SoC\\HydroponicAutomationSensorPerf.cydsn\000"
 543      48796472 
 543      6F706F6E 
 543      69634175 
 543      746F6D61 
 544              	.LASF20:
 545 0134 47656E65 		.ascii	"Generated_Source\\PSoC5\\pHADC_PM.c\000"
 545      72617465 
 545      645F536F 
 545      75726365 
 545      5C50536F 
 546              	.LASF9:
 547 0156 666C6F61 		.ascii	"float\000"
 547      7400
 548              	.LASF1:
 549 015c 756E7369 		.ascii	"unsigned char\000"
 549      676E6564 
 549      20636861 
 549      7200
 550              	.LASF13:
 551 016a 72656738 		.ascii	"reg8\000"
 551      00
 552              	.LASF5:
ARM GAS  C:\Users\tpbw4321\AppData\Local\Temp\ccgqrH38.s 			page 14


 553 016f 6C6F6E67 		.ascii	"long unsigned int\000"
 553      20756E73 
 553      69676E65 
 553      6420696E 
 553      7400
 554              	.LASF3:
 555 0181 73686F72 		.ascii	"short unsigned int\000"
 555      7420756E 
 555      7369676E 
 555      65642069 
 555      6E7400
 556              	.LASF10:
 557 0194 646F7562 		.ascii	"double\000"
 557      6C6500
 558              	.LASF8:
 559 019b 756E7369 		.ascii	"unsigned int\000"
 559      676E6564 
 559      20696E74 
 559      00
 560              	.LASF7:
 561 01a8 6C6F6E67 		.ascii	"long long unsigned int\000"
 561      206C6F6E 
 561      6720756E 
 561      7369676E 
 561      65642069 
 562              	.LASF15:
 563 01bf 70484144 		.ascii	"pHADC_SaveConfig\000"
 563      435F5361 
 563      7665436F 
 563      6E666967 
 563      00
 564              	.LASF6:
 565 01d0 6C6F6E67 		.ascii	"long long int\000"
 565      206C6F6E 
 565      6720696E 
 565      7400
 566              	.LASF11:
 567 01de 63686172 		.ascii	"char\000"
 567      00
 568              	.LASF2:
 569 01e3 73686F72 		.ascii	"short int\000"
 569      7420696E 
 569      7400
 570              	.LASF17:
 571 01ed 70484144 		.ascii	"pHADC_Sleep\000"
 571      435F536C 
 571      65657000 
 572              	.LASF12:
 573 01f9 75696E74 		.ascii	"uint8\000"
 573      3800
 574              	.LASF14:
 575 01ff 70484144 		.ascii	"pHADC_BACKUP_STRUCT\000"
 575      435F4241 
 575      434B5550 
 575      5F535452 
 575      55435400 
 576              	.LASF4:
ARM GAS  C:\Users\tpbw4321\AppData\Local\Temp\ccgqrH38.s 			page 15


 577 0213 6C6F6E67 		.ascii	"long int\000"
 577      20696E74 
 577      00
 578              	.LASF22:
 579 021c 656E6162 		.ascii	"enableState\000"
 579      6C655374 
 579      61746500 
 580              	.LASF0:
 581 0228 7369676E 		.ascii	"signed char\000"
 581      65642063 
 581      68617200 
 582              	.LASF23:
 583 0234 70484144 		.ascii	"pHADC_backup\000"
 583      435F6261 
 583      636B7570 
 583      00
 584              		.ident	"GCC: (GNU Tools for ARM Embedded Processors) 5.4.1 20160609 (release) [ARM/embedded-5-bran
